Component: ARM Compiler 5.06 update 7 (build 960) Tool: armlink [4d3601]

==============================================================================

Section Cross References

    app.o(i.app_init) refers to idea_qs.o(i.idea_task_connect) for idea_task_connect
    app.o(i.app_init) refers to idea_app.o(i.idea_app_init) for idea_app_init
    app.o(i.app_init) refers to app.o(i.task_0) for task_0
    app.o(i.task_0) refers to idea_app.o(i.idea_app_exec) for idea_app_exec
    idea_app.o(i.idea_app_close) refers to idea_cmd.o(i.idea_cmd_close) for idea_cmd_close
    idea_app.o(i.idea_app_exec) refers to idea_comm.o(i.idea_comm_exec) for idea_comm_exec
    idea_app.o(i.idea_app_exec) refers to idea_coder.o(i.idea_coder_exec) for idea_coder_exec
    idea_app.o(i.idea_app_exec) refers to idea_pwd.o(i.idea_pwd_exec) for idea_pwd_exec
    idea_app.o(i.idea_app_exec) refers to idea_player.o(i.idea_player_exec) for idea_player_exec
    idea_app.o(i.idea_app_exec) refers to idea_cmd.o(i.idea_cmd_exec) for idea_cmd_exec
    idea_app.o(i.idea_app_init) refers to idea_comm.o(i.idea_comm_init) for idea_comm_init
    idea_app.o(i.idea_app_init) refers to idea_coder.o(i.idea_coder_init) for idea_coder_init
    idea_app.o(i.idea_app_init) refers to idea_pwd.o(i.idea_pwd_init) for idea_pwd_init
    idea_app.o(i.idea_app_init) refers to idea_player.o(i.idea_player_init) for idea_player_init
    idea_app.o(i.idea_app_init) refers to idea_cmd.o(i.idea_cmd_init) for idea_cmd_init
    idea_cmd.o(i.SenvReadCallback) refers to qs_json.o(i.qs_json_GetObjectItem) for qs_json_GetObjectItem
    idea_cmd.o(i.SenvReadCallback) refers to qs_json.o(i.qs_json_GetArraySize) for qs_json_GetArraySize
    idea_cmd.o(i.SenvReadCallback) refers to rt_memclr_w.o(.text) for __aeabi_memclr4
    idea_cmd.o(i.SenvReadCallback) refers to cmd_fish.o(i.OutResult_Init) for OutResult_Init
    idea_cmd.o(i.SenvReadCallback) refers to qs_json.o(i.qs_json_GetArrayItem) for qs_json_GetArrayItem
    idea_cmd.o(i.SenvReadCallback) refers to idea_player.o(i.player_statistics) for player_statistics
    idea_cmd.o(i.SenvReadCallback) refers to cmd_fish.o(i.DebugControlMode_Init) for DebugControlMode_Init
    idea_cmd.o(i.SenvReadCallback) refers to qs_json.o(i.qs_json_DeleteItemFromObject) for qs_json_DeleteItemFromObject
    idea_cmd.o(i.SenvReadCallback) refers to qs_json.o(i.qs_json_CreateIntArray) for qs_json_CreateIntArray
    idea_cmd.o(i.SenvReadCallback) refers to qs_json.o(i.qs_json_AddItemToObject) for qs_json_AddItemToObject
    idea_cmd.o(i.SenvReadCallback) refers to dflt_clz.o(x$fpl$dflt) for __aeabi_i2d
    idea_cmd.o(i.SenvReadCallback) refers to dfix.o(x$fpl$dfix) for __aeabi_d2iz
    idea_cmd.o(i.SenvReadCallback) refers to gamemanager.o(i.GameManager_Init) for GameManager_Init
    idea_cmd.o(i.SenvReadCallback) refers to lotterymanager.o(i.LotteryManager_Init) for LotteryManager_Init
    idea_cmd.o(i.SenvReadCallback) refers to lotterymanager.o(i.LotteryManager_SetBaseValue) for LotteryManager_SetBaseValue
    idea_cmd.o(i.SenvReadCallback) refers to gameconfig.o(i.GameConfig_Init) for GameConfig_Init
    idea_cmd.o(i.SenvReadCallback) refers to gamemanager.o(i.GameManager_RegisterGame) for GameManager_RegisterGame
    idea_cmd.o(i.SenvReadCallback) refers to gamemanager.o(i.GameManager_GetInstance) for GameManager_GetInstance
    idea_cmd.o(i.SenvReadCallback) refers to gameconfig.o(i.GameConfig_Copy) for GameConfig_Copy
    idea_cmd.o(i.SenvReadCallback) refers to qs_senv_manager.o(i.qs_senv_manager_write) for qs_senv_manager_write
    idea_cmd.o(i.SenvReadCallback) refers to idea_comm.o(i.comm_data_get) for comm_data_get
    idea_cmd.o(i.SenvReadCallback) refers to idea_pwd.o(i.pwd_type) for pwd_type
    idea_cmd.o(i.SenvReadCallback) refers to idea_cmd.o(.data) for .data
    idea_cmd.o(i.SenvReadCallback) refers to dll.o(.data) for g_CurrentGameInstance
    idea_cmd.o(i.SenvReadCallback) refers to idea_cmd.o(.constdata) for .constdata
    idea_cmd.o(i.SenvReadCallback) refers to computerdata.o(.data) for JPWeight
    idea_cmd.o(i.SenvReadCallback) refers to lotterymanager.o(.bss) for gLotteryManager
    idea_cmd.o(i.SenvReadCallback) refers to idea_comm.o(i.comm_data_set) for comm_data_set
    idea_cmd.o(i.SenvReadCallback) refers to idea_pwd.o(i.pwd_check) for pwd_check
    idea_cmd.o(i.SenvReadCallback) refers to idea_pwd.o(i.pwd_set) for pwd_set
    idea_cmd.o(i.SenvReadCallback) refers to idea_player.o(i.player_total_bets_wins) for player_total_bets_wins
    idea_cmd.o(i.SenvReadCallback) refers to idea_coder.o(i.idea_coder_request) for idea_coder_request
    idea_cmd.o(i.SenvReadCallback) refers to idea_coder.o(i.idea_coder_remain_minute) for idea_coder_remain_minute
    idea_cmd.o(i.SenvReadCallback) refers to idea_coder.o(i.idea_coder_decode) for idea_coder_decode
    idea_cmd.o(i.SenvReadCallback) refers to idea_cmd.o(i.idea_decode_proc) for idea_decode_proc
[...]
    qs_senv_connected                        0x1001038f   Thumb Code    28  qs_senv.o(i.qs_senv_connected)
    qs_senv_exec                             0x100103ab   Thumb Code     2  qs_senv.o(i.qs_senv_exec)
    qs_senv_free                             0x100105ad   Thumb Code   128  qs_senv.o(i.qs_senv_free)
    qs_senv_init                             0x1001062d   Thumb Code    60  qs_senv.o(i.qs_senv_init)
    qs_senv_manager_exec                     0x10010b75   Thumb Code    64  qs_senv_manager.o(i.qs_senv_manager_exec)
    qs_senv_manager_get                      0x10010bb9   Thumb Code    62  qs_senv_manager.o(i.qs_senv_manager_get)
    qs_senv_manager_init                     0x10010bfd   Thumb Code    24  qs_senv_manager.o(i.qs_senv_manager_init)
    qs_senv_manager_read                     0x10010c1d   Thumb Code    12  qs_senv_manager.o(i.qs_senv_manager_read)
    qs_senv_manager_register                 0x10010c2d   Thumb Code    50  qs_senv_manager.o(i.qs_senv_manager_register)
    qs_senv_manager_unregister               0x10010c69   Thumb Code    22  qs_senv_manager.o(i.qs_senv_manager_unregister)
    qs_senv_manager_write                    0x10010c85   Thumb Code   252  qs_senv_manager.o(i.qs_senv_manager_write)
    qs_sha1                                  0x10010d91   Thumb Code    38  qs_sha1.o(i.qs_sha1)
    qs_sn                                    0x100124fd   Thumb Code    16  qs.o(i.qs_sn)
    qs_start                                 0x1001250d   Thumb Code    12  qs.o(i.qs_start)
    qs_system_exec                           0x1001251d   Thumb Code    18  qs_system.o(i.qs_system_exec)
    qs_system_init                           0x1001252f   Thumb Code    12  qs_system.o(i.qs_system_init)
    qs_system_senv_exec                      0x10012c41   Thumb Code    70  qs_system_senv.o(i.qs_system_senv_exec)
    qs_system_senv_init                      0x10012c95   Thumb Code    96  qs_system_senv.o(i.qs_system_senv_init)
    qs_system_senv_setup                     0x10012d51   Thumb Code    12  qs_system_senv.o(i.qs_system_senv_setup)
    qs_task_connect                          0x10012e9d   Thumb Code    62  qs_task.o(i.qs_task_connect)
    qs_task_exec                             0x10012ee1   Thumb Code    36  qs_task.o(i.qs_task_exec)
    qs_task_init                             0x10012f09   Thumb Code    12  qs_task.o(i.qs_task_init)
    qs_utility_init                          0x10012f19   Thumb Code     2  qs_utility.o(i.qs_utility_init)
    spi_init                                 0x1001341d   Thumb Code    54  spi.o(i.spi_init)
    spi_transmit                             0x1001345d   Thumb Code    22  spi.o(i.spi_transmit)
    sqrt                                     0x10013473   Thumb Code    76  sqrt.o(i.sqrt)
    usb_bulk_configure                       0x1001377d   Thumb Code   108  driver_usb.o(i.usb_bulk_configure)
    usb_bulk_deconfigure                     0x10013805   Thumb Code    20  driver_usb.o(i.usb_bulk_deconfigure)
    _get_lc_ctype                            0x10013af1   Thumb Code    44  lc_ctype_c.o(locale$$code)
    __aeabi_dadd                             0x10013b1d   Thumb Code     0  daddsub_clz.o(x$fpl$dadd)
    _dadd                                    0x10013b1d   Thumb Code   332  daddsub_clz.o(x$fpl$dadd)
    __fpl_dcheck_NaN1                        0x10013c6d   Thumb Code    10  dcheck1.o(x$fpl$dcheck1)
    __fpl_dcmp_Inf                           0x10013c7d   Thumb Code    24  dcmpi.o(x$fpl$dcmpinf)
    __aeabi_ddiv                             0x10013c95   Thumb Code     0  ddiv.o(x$fpl$ddiv)
    _ddiv                                    0x10013c95   Thumb Code   552  ddiv.o(x$fpl$ddiv)
    __aeabi_cdcmpeq                          0x10013f45   Thumb Code     0  deqf.o(x$fpl$deqf)
    _dcmpeq                                  0x10013f45   Thumb Code   120  deqf.o(x$fpl$deqf)
    __aeabi_d2iz                             0x10013fbd   Thumb Code     0  dfix.o(x$fpl$dfix)
    _dfix                                    0x10013fbd   Thumb Code    94  dfix.o(x$fpl$dfix)
    __aeabi_i2d                              0x1001401b   Thumb Code     0  dflt_clz.o(x$fpl$dflt)
    _dflt                                    0x1001401b   Thumb Code    46  dflt_clz.o(x$fpl$dflt)
    __aeabi_ui2d                             0x10014049   Thumb Code     0  dflt_clz.o(x$fpl$dfltu)
    _dfltu                                   0x10014049   Thumb Code    38  dflt_clz.o(x$fpl$dfltu)
    __aeabi_cdcmple                          0x10014071   Thumb Code     0  dleqf.o(x$fpl$dleqf)
    _dcmple                                  0x10014071   Thumb Code   120  dleqf.o(x$fpl$dleqf)
    __fpl_dcmple_InfNaN                      0x100140d3   Thumb Code     0  dleqf.o(x$fpl$dleqf)
    __aeabi_dmul                             0x100140e9   Thumb Code     0  dmul.o(x$fpl$dmul)
    _dmul                                    0x100140e9   Thumb Code   332  dmul.o(x$fpl$dmul)
    __fpl_dnaninf                            0x1001423d   Thumb Code   156  dnaninf.o(x$fpl$dnaninf)
    __fpl_dretinf                            0x100142d9   Thumb Code    12  dretinf.o(x$fpl$dretinf)
    __aeabi_cdrcmple                         0x100142e5   Thumb Code     0  drleqf.o(x$fpl$drleqf)
    _drcmple                                 0x100142e5   Thumb Code   108  drleqf.o(x$fpl$drleqf)
    __aeabi_drsub                            0x10014351   Thumb Code     0  daddsub_clz.o(x$fpl$drsb)
    _drsb                                    0x10014351   Thumb Code    22  daddsub_clz.o(x$fpl$drsb)
    _dsqrt                                   0x10014369   Thumb Code   456  dsqrt_noumaal.o(x$fpl$dsqrt)
    __aeabi_dsub                             0x10014535   Thumb Code     0  daddsub_clz.o(x$fpl$dsub)
    _dsub                                    0x10014535   Thumb Code   464  daddsub_clz.o(x$fpl$dsub)
    __fpl_return_NaN                         0x10014709   Thumb Code   100  retnan.o(x$fpl$retnan)
    __ARM_scalbn                             0x1001476d   Thumb Code    92  scalbn.o(x$fpl$scalbn)
    __fpl_cmpreturn                          0x100147c9   Thumb Code    48  trapv.o(x$fpl$trapveneer)
    __I$use$fp                               0x100147f8   Number         0  usenofp.o(x$fpl$usenofp)
    Part_Number                              0x100148a4   Data           4  startup_max3255x.o(.constdata)
    Clock_Speed                              0x100148a8   Data           4  startup_max3255x.o(.constdata)
    __mathlib_zero                           0x10015a88   Data           8  qnan.o(.constdata)
    Region$$Table$$Base                      0x10015b14   Number         0  anon$$obj.o(Region$$Table)
    Region$$Table$$Limit                     0x10015b34   Number         0  anon$$obj.o(Region$$Table)
    __ctype                                  0x10015b41   Data           0  lc_ctype_c.o(locale$$data)
    tmr_context                              0x20000000   Data          68  mml_tmr.o(.bss)
    uart_context                             0x20000044   Data          76  mml_uart.o(.bss)
    gpio_context                             0x20000090   Data          28  mml_gpio.o(.bss)
    spi_context                              0x200000ac   Data          28  mml_spi.o(.bss)
    giveTime                                 0x200000c8   Data           4  idea_cmd.o(.data)
    gDebugControlMode                        0x20000168   Data           4  cmd_fish.o(.data)
    JPWeight                                 0x200002b0   Data          16  computerdata.o(.data)
    JPDrawRateUnit                           0x200002c0   Data          32  computerdata.o(.data)
    g_CurrentGameInstance                    0x200002f4   Data           4  dll.o(.data)
    __Vectors                                0x20000c00   Data           4  startup_max3255x.o(.data)
    device_descriptor                        0x20000ee8   Data          18  driver_usb.o(.data)
    config_descriptor                        0x20000efc   Data          32  driver_usb.o(.data)
    lang_id_desc                             0x20000f1c   Data           4  driver_usb.o(.data)
    mfg_id_desc                              0x20000f20   Data          20  driver_usb.o(.data)
    prod_id_desc                             0x20000f34   Data          10  driver_usb.o(.data)
    serial_id_desc                           0x20000f40   Data          24  driver_usb.o(.data)
    g_GameManager                            0x20001070   Data        9032  gamemanager.o(.bss)
    gLotteryManager                          0x200033b8   Data         240  lotterymanager.o(.bss)
    mml_sflc_buffer                          0x20005170   Data         512  mml_sflc.o(.bss)
    ep_buffer_descriptor                     0x20005400   Data         272  usb.o(.bss)
    enum_desc_table                          0x200055a8   Data          32  enumerate.o(.bss)
    __libspace_start                         0x200055c8   Data          96  libspace.o(.bss)
    __temporary_stack_top$libspace           0x20005628   Data           0  libspace.o(.bss)



==============================================================================

Memory Map of the image

  Image Entry point : 0x10000029

  Load Region LR_IROM1 (Base: 0x10000020, Size: 0x00016c84, Max: 0x0007ffe0, ABSOLUTE, COMPRESSED[0x00016120])

    Execution Region ER_IROM1 (Exec base: 0x10000020, Load base: 0x10000020, Size: 0x00015c24, Max: 0x0007ffe0, ABSOLUTE)

    Exec Addr    Load Addr    Size         Type   Attr      Idx    E Section Name        Object

    0x10000020   0x10000020   0x00000008   Code   RO         1385    RESET               startup_max3255x.o
    0x10000028   0x10000028   0x00000008   Code   RO         6277  * !!!main             c_wu.l(__main.o)
    0x10000030   0x10000030   0x00000034   Code   RO         6803    !!!scatter          c_wu.l(__scatter.o)
    0x10000064   0x10000064   0x00000064   Code   RO         6801    !!dclz77c           c_wu.l(__dclz77c.o)
    0x100000c8   0x100000c8   0x0000001c   Code   RO         6805    !!handler_zi        c_wu.l(__scatter_zi.o)
    0x100000e4   0x100000e4   0x00000000   Code   RO         6235    .ARM.Collect$$_printf_percent$$00000000  c_wu.l(_printf_percent.o)
    0x100000e4   0x100000e4   0x00000006   Code   RO         6233    .ARM.Collect$$_printf_percent$$00000009  c_wu.l(_printf_d.o)
    0x100000ea   0x100000ea   0x00000006   Code   RO         6232    .ARM.Collect$$_printf_percent$$0000000C  c_wu.l(_printf_x.o)
    0x100000f0   0x100000f0   0x00000004   Code   RO         6419    .ARM.Collect$$_printf_percent$$00000017  c_wu.l(_printf_percent_end.o)
    0x100000f4   0x100000f4   0x00000002   Code   RO         6700    .ARM.Collect$$libinit$$00000000  c_wu.l(libinit.o)
    0x100000f6   0x100000f6   0x00000000   Code   RO         6455    .ARM.Collect$$libinit$$00000002  c_wu.l(libinit2.o)
    0x100000f6   0x100000f6   0x00000000   Code   RO         6457    .ARM.Collect$$libinit$$00000004  c_wu.l(libinit2.o)
    0x100000f6   0x100000f6   0x00000008   Code   RO         6458    .ARM.Collect$$libinit$$00000005  c_wu.l(libinit2.o)
    0x100000fe   0x100000fe   0x00000000   Code   RO         6460    .ARM.Collect$$libinit$$0000000A  c_wu.l(libinit2.o)
    0x100000fe   0x100000fe   0x00000000   Code   RO         6462    .ARM.Collect$$libinit$$0000000C  c_wu.l(libinit2.o)
    0x100000fe   0x100000fe   0x00000000   Code   RO         6464    .ARM.Collect$$libinit$$0000000E  c_wu.l(libinit2.o)
    0x100000fe   0x100000fe   0x00000006   Code   RO         6465    .ARM.Collect$$libinit$$0000000F  c_wu.l(libinit2.o)
    0x10000104   0x10000104   0x00000000   Code   RO         6467    .ARM.Collect$$libinit$$00000011  c_wu.l(libinit2.o)
    0x10000104   0x10000104   0x0000000c   Code   RO         6468    .ARM.Collect$$libinit$$00000012  c_wu.l(libinit2.o)
    0x10000110   0x10000110   0x00000000   Code   RO         6469    .ARM.Collect$$libinit$$00000013  c_wu.l(libinit2.o)
    0x10000110   0x10000110   0x00000000   Code   RO         6471    .ARM.Collect$$libinit$$00000015  c_wu.l(libinit2.o)
    0x10000110   0x10000110   0x00000000   Code   RO         6473    .ARM.Collect$$libinit$$00000017  c_wu.l(libinit2.o)
    0x10000110   0x10000110   0x00000000   Code   RO         6475    .ARM.Collect$$libinit$$00000019  c_wu.l(libinit2.o)
    0x10000110   0x10000110   0x00000000   Code   RO         6477    .ARM.Collect$$libinit$$0000001B  c_wu.l(libinit2.o)
    0x10000110   0x10000110   0x00000000   Code   RO         6479    .ARM.Collect$$libinit$$0000001D  c_wu.l(libinit2.o)
    0x10000110   0x10000110   0x00000000   Code   RO         6481    .ARM.Collect$$libinit$$0000001F  c_wu.l(libinit2.o)
    0x10000110   0x10000110   0x00000000   Code   RO         6483    .ARM.Collect$$libinit$$00000021  c_wu.l(libinit2.o)
    0x10000110   0x10000110   0x00000000   Code   RO         6485    .ARM.Collect$$libinit$$00000023  c_wu.l(libinit2.o)
    0x10000110   0x10000110   0x00000000   Code   RO         6487    .ARM.Collect$$libinit$$00000025  c_wu.l(libinit2.o)
    0x10000110   0x10000110   0x00000000   Code   RO         6491    .ARM.Collect$$libinit$$0000002C  c_wu.l(libinit2.o)
    0x10000110   0x10000110   0x00000000   Code   RO         6493    .ARM.Collect$$libinit$$0000002E  c_wu.l(libinit2.o)
    0x10000110   0x10000110   0x00000000   Code   RO         6495    .ARM.Collect$$libinit$$00000030  c_wu.l(libinit2.o)
    0x10000110   0x10000110   0x00000000   Code   RO         6497    .ARM.Collect$$libinit$$00000032  c_wu.l(libinit2.o)
    0x10000110   0x10000110   0x00000002   Code   RO         6498    .ARM.Collect$$libinit$$00000033  c_wu.l(libinit2.o)
    0x10000112   0x10000112   0x00000002   Code   RO         6798    .ARM.Collect$$libshutdown$$00000000  c_wu.l(libshutdown.o)
    0x10000114   0x10000114   0x00000000   Code   RO         6738    .ARM.Collect$$libshutdown$$00000002  c_wu.l(libshutdown2.o)
    0x10000114   0x10000114   0x00000000   Code   RO         6740    .ARM.Collect$$libshutdown$$00000004  c_wu.l(libshutdown2.o)
    0x10000114   0x10000114   0x00000000   Code   RO         6742    .ARM.Collect$$libshutdown$$00000006  c_wu.l(libshutdown2.o)
    0x10000114   0x10000114   0x00000000   Code   RO         6745    .ARM.Collect$$libshutdown$$00000009  c_wu.l(libshutdown2.o)
    0x10000114   0x10000114   0x00000000   Code   RO         6748    .ARM.Collect$$libshutdown$$0000000C  c_wu.l(libshutdown2.o)
    0x10000114   0x10000114   0x00000000   Code   RO         6750    .ARM.Collect$$libshutdown$$0000000E  c_wu.l(libshutdown2.o)
    0x10000114   0x10000114   0x00000000   Code   RO         6753    .ARM.Collect$$libshutdown$$00000011  c_wu.l(libshutdown2.o)
    0x10000114   0x10000114   0x00000002   Code   RO         6754    .ARM.Collect$$libshutdown$$00000012  c_wu.l(libshutdown2.o)
    0x10000116   0x10000116   0x00000000   Code   RO         6353    .ARM.Collect$$rtentry$$00000000  c_wu.l(__rtentry.o)
    0x10000116   0x10000116   0x00000000   Code   RO         6559    .ARM.Collect$$rtentry$$00000002  c_wu.l(__rtentry2.o)
    0x10000116   0x10000116   0x00000006   Code   RO         6571    .ARM.Collect$$rtentry$$00000004  c_wu.l(__rtentry4.o)
    0x1000011c   0x1000011c   0x00000000   Code   RO         6561    .ARM.Collect$$rtentry$$00000009  c_wu.l(__rtentry2.o)
    0x1000011c   0x1000011c   0x00000004   Code   RO         6562    .ARM.Collect$$rtentry$$0000000A  c_wu.l(__rtentry2.o)
    0x10000120   0x10000120   0x00000000   Code   RO         6564    .ARM.Collect$$rtentry$$0000000C  c_wu.l(__rtentry2.o)
    0x10000120   0x10000120   0x00000008   Code   RO         6565    .ARM.Collect$$rtentry$$0000000D  c_wu.l(__rtentry2.o)
    0x10000128   0x10000128   0x00000002   Code   RO         6721    .ARM.Collect$$rtexit$$00000000  c_wu.l(rtexit.o)
    0x1000012a   0x1000012a   0x00000000   Code   RO         6762    .ARM.Collect$$rtexit$$00000002  c_wu.l(rtexit2.o)
    0x1000012a   0x1000012a   0x00000004   Code   RO         6763    .ARM.Collect$$rtexit$$00000003  c_wu.l(rtexit2.o)
    0x1000012e   0x1000012e   0x00000006   Code   RO         6764    .ARM.Collect$$rtexit$$00000004  c_wu.l(rtexit2.o)
    0x10000134   0x10000134   0x00000000   Code   RO         6587    .emb_text           c_wu.l(maybetermalloc1.o)
    0x10000134   0x10000134   0x0000000c   PAD
    0x10000140   0x10000140   0x00001058   Code   RO         1388    .text               startup_max3255x.o
    0x10001198   0x10001198   0x0000014c   Code   RO         5677    .text               ideabase.lib(mml_gcr.o)
    0x100012e4   0x100012e4   0x000005ac   Code   RO         5711    .text               ideabase.lib(mml_sflc.o)
    0x10001890   0x10001890   0x000000d4   Code   RO         5864    .text               ideabase.lib(mml_intc.o)
    0x10001964   0x10001964   0x0000075c   Code   RO         5889    .text               ideabase.lib(mml_tmr.o)
    0x100020c0   0x100020c0   0x000006ac   Code   RO         5923    .text               ideabase.lib(mml_uart.o)
    0x1000276c   0x1000276c   0x0000014c   Code   RO         5947    .text               ideabase.lib(usb_event.o)
    0x100028b8   0x100028b8   0x00000834   Code   RO         5977    .text               ideabase.lib(usb.o)
    0x100030ec   0x100030ec   0x000005b8   Code   RO         6001    .text               ideabase.lib(enumerate.o)
    0x100036a4   0x100036a4   0x00000648   Code   RO         6055    .text               ideabase.lib(mml_gpio.o)
    0x10003cec   0x10003cec   0x00000a50   Code   RO         6076    .text               ideabase.lib(mml_spi.o)
    0x1000473c   0x1000473c   0x0000005e   Code   RO         6108    .text               c_wu.l(h1_alloc.o)
    0x1000479a   0x1000479a   0x0000004e   Code   RO         6110    .text               c_wu.l(h1_free.o)
    0x100047e8   0x100047e8   0x0000001a   Code   RO         6172    .text               c_wu.l(tolower.o)
    0x10004802   0x10004802   0x00000002   PAD
    0x10004804   0x10004804   0x0000002c   Code   RO         6176    .text               c_wu.l(__2sprintf.o)
    0x10004830   0x10004830   0x0000004e   Code   RO         6182    .text               c_wu.l(_printf_pad.o)
    0x1000487e   0x1000487e   0x00000002   PAD
    0x10004880   0x10004880   0x00000078   Code   RO         6186    .text               c_wu.l(_printf_dec.o)
    0x100048f8   0x100048f8   0x00000094   Code   RO         6208    .text               c_wu.l(_printf_hex_int_ll_ptr.o)
    0x1000498c   0x1000498c   0x00000188   Code   RO         6228    .text               c_wu.l(__printf_flags_ss_wp.o)
    0x10004b14   0x10004b14   0x00000014   Code   RO         6243    .text               c_wu.l(strchr.o)
    0x10004b28   0x10004b28   0x00000048   Code   RO         6245    .text               c_wu.l(strcpy.o)
    0x10004b70   0x10004b70   0x0000003e   Code   RO         6249    .text               c_wu.l(strlen.o)
    0x10004bae   0x10004bae   0x00000096   Code   RO         6251    .text               c_wu.l(strncmp.o)
    0x10004c44   0x10004c44   0x0000008a   Code   RO         6255    .text               c_wu.l(rt_memcpy_v6.o)
    0x10004cce   0x10004cce   0x00000064   Code   RO         6259    .text               c_wu.l(rt_memcpy_w.o)
    0x10004d32   0x10004d32   0x00000010   Code   RO         6265    .text               c_wu.l(aeabi_memset.o)
    0x10004d42   0x10004d42   0x00000044   Code   RO         6267    .text               c_wu.l(rt_memclr.o)
    0x10004d86   0x10004d86   0x0000004e   Code   RO         6269    .text               c_wu.l(rt_memclr_w.o)
    0x10004dd4   0x10004dd4   0x00000080   Code   RO         6273    .text               c_wu.l(strcmpv7m.o)
    0x10004e54   0x10004e54   0x00000006   Code   RO         6275    .text               c_wu.l(heapauxi.o)
    0x10004e5a   0x10004e5a   0x00000002   PAD
    0x10004e5c   0x10004e5c   0x00000010   Code   RO         6354    .text               c_wu.l(rt_ctype_table.o)
    0x10004e6c   0x10004e6c   0x00000008   Code   RO         6363    .text               c_wu.l(rt_heap_descriptor_intlibspace.o)
    0x10004e74   0x10004e74   0x00000004   Code   RO         6365    .text               c_wu.l(hguard.o)
    0x10004e78   0x10004e78   0x0000008a   Code   RO         6367    .text               c_wu.l(init_alloc.o)
    0x10004f02   0x10004f02   0x0000000e   Code   RO         6371    .text               c_wu.l(h1_init.o)
    0x10004f10   0x10004f10   0x00000016   Code   RO         6387    .text               c_wu.l(_rserrno.o)
    0x10004f26   0x10004f26   0x000000b2   Code   RO         6391    .text               c_wu.l(_printf_intcommon.o)
    0x10004fd8   0x10004fd8   0x00000030   Code   RO         6395    .text               c_wu.l(_printf_char_common.o)
    0x10005008   0x10005008   0x0000000a   Code   RO         6397    .text               c_wu.l(_sputc.o)
    0x10005012   0x10005012   0x0000000e   Code   RO         6549    .text               c_wu.l(sys_wrch.o)
    0x10005020   0x10005020   0x0000000c   Code   RO         6553    .text               c_wu.l(sys_exit.o)
    0x1000502c   0x1000502c   0x00000008   Code   RO         6555    .text               c_wu.l(libspace.o)
    0x10005034   0x10005034   0x00000008   Code   RO         6578    .text               c_wu.l(rt_locale_intlibspace.o)
    0x1000503c   0x1000503c   0x00000008   Code   RO         6583    .text               c_wu.l(rt_errno_addr_intlibspace.o)
    0x10005044   0x10005044   0x00000034   Code   RO         6589    .text               c_wu.l(h1_extend.o)
    0x10005078   0x10005078   0x0000000e   Code   RO         6628    .text               c_wu.l(defsig_rtmem_outer.o)
    0x10005086   0x10005086   0x00000002   Code   RO         6643    .text               c_wu.l(use_no_semi.o)
    0x10005088   0x10005088   0x00000000   Code   RO         6645    .text               c_wu.l(indicate_semi.o)
    0x10005088   0x10005088   0x0000004a   Code   RO         6646    .text               c_wu.l(sys_stackheap_outer.o)
    0x100050d2   0x100050d2   0x00000012   Code   RO         6679    .text               c_wu.l(exit.o)
    0x100050e4   0x100050e4   0x0000000a   Code   RO         6681    .text               c_wu.l(defsig_exit.o)
    0x100050ee   0x100050ee   0x00000002   PAD
    0x100050f0   0x100050f0   0x00000050   Code   RO         6689    .text               c_wu.l(defsig_rtmem_inner.o)
    0x10005140   0x10005140   0x00000032   Code   RO         6733    .text               c_wu.l(defsig_general.o)
    0x10005172   0x10005172   0x00000090   Code   RO          624    i.ApplyMatrixToOutResByRound  dll.o
    0x10005202   0x10005202   0x00000050   Code   RO          625    i.ApplyMatrixToOutResForFree  dll.o
    0x10005252   0x10005252   0x0000001c   Code   RO          399    i.CheckOnLineResult_Init  cmd_fish.o
    0x1000526e   0x1000526e   0x00000002   PAD
    0x10005270   0x10005270   0x0000001c   Code   RO          632    i.DLL_GameSwitch    dll.o
    0x1000528c   0x1000528c   0x00000102   Code   RO          637    i.DLL_GetGameResultById  dll.o
    0x1000538e   0x1000538e   0x00000002   PAD
    0x10005390   0x10005390   0x00000018   Code   RO          400    i.DLL_SetControlDebugMode  cmd_fish.o
    0x100053a8   0x100053a8   0x0000000c   Code   RO          401    i.DebugControlMode_Init  cmd_fish.o
    0x100053b4   0x100053b4   0x0000001e   Code   RO          545    i.FreeGameInfo_t_Init  commonstruct.o
    0x100053d2   0x100053d2   0x00000014   Code   RO          546    i.FreeGameInfo_t_Reset  commonstruct.o
    0x100053e6   0x100053e6   0x0000001a   Code   RO          855    i.GameConfig_Copy   gameconfig.o
    0x10005400   0x10005400   0x0000000c   Code   RO          856    i.GameConfig_Init   gameconfig.o
    0x1000540c   0x1000540c   0x0000004c   Code   RO          886    i.GameManager_FindGameByName  gamemanager.o
    0x10005458   0x10005458   0x00000010   Code   RO          888    i.GameManager_GetCurrentInstance  gamemanager.o
    0x10005468   0x10005468   0x00000048   Code   RO          889    i.GameManager_GetInstance  gamemanager.o
    0x100054b0   0x100054b0   0x00000020   Code   RO          891    i.GameManager_Init  gamemanager.o
    0x100054d0   0x100054d0   0x00000032   Code   RO          892    i.GameManager_InitInstance  gamemanager.o
    0x10005502   0x10005502   0x00000002   PAD
    0x10005504   0x10005504   0x00000070   Code   RO          893    i.GameManager_RegisterGame  gamemanager.o
    0x10005574   0x10005574   0x00000038   Code   RO          894    i.GameManager_SwitchGame  gamemanager.o
    0x100055ac   0x100055ac   0x0000054c   Code   RO          644    i.GenerateARoundWithBonusWinById  dll.o
    0x10005af8   0x10005af8   0x00000308   Code   RO          645    i.GenerateARoundWithFreeWinById  dll.o
    0x10005e00   0x10005e00   0x00000258   Code   RO          647    i.GetNormalResult   dll.o
    0x10006058   0x10006058   0x0000000e   Code   RO         2351    i.JRand             jrand.o
    0x10006066   0x10006066   0x0000001a   Code   RO         2353    i.JRandFrom         jrand.o
    0x10006080   0x10006080   0x00000078   Code   RO         1112    i.LotteryManager_Init  lotterymanager.o
    0x100060f8   0x100060f8   0x00000032   Code   RO         1113    i.LotteryManager_OnPlay  lotterymanager.o
    0x1000612a   0x1000612a   0x00000038   Code   RO         1114    i.LotteryManager_SetBaseValue  lotterymanager.o
    0x10006162   0x10006162   0x000000ea   Code   RO         1116    i.LotteryManager_TryGetLottery  lotterymanager.o
    0x1000624c   0x1000624c   0x00000020   Code   RO          978    i.Lottery_CheckGet  lottery.o
    0x1000626c   0x1000626c   0x00000004   Code   RO          980    i.Lottery_GetLotteryPool  lottery.o
    0x10006270   0x10006270   0x00000004   Code   RO          982    i.Lottery_GetShowValue  lottery.o
    0x10006274   0x10006274   0x00000004   Code   RO          983    i.Lottery_GetThresh  lottery.o
    0x10006278   0x10006278   0x00000014   Code   RO          986    i.Lottery_Init      lottery.o
    0x1000628c   0x1000628c   0x00000070   Code   RO          987    i.Lottery_OnPlay    lottery.o
    0x100062fc   0x100062fc   0x000000b8   Code   RO          988    i.Lottery_SetBaseValue  lottery.o
    0x100063b4   0x100063b4   0x0000009c   Code   RO          990    i.Lottery_TryGet    lottery.o
    0x10006450   0x10006450   0x00000200   Code   RO          406    i.Matrix_u_checkOnLine  cmd_fish.o
    0x10006650   0x10006650   0x00000148   Code   RO          407    i.Matrix_u_computerMatrixById  cmd_fish.o
    0x10006798   0x10006798   0x0000001c   Code   RO          408    i.Matrix_u_copy     cmd_fish.o
    0x100067b4   0x100067b4   0x0000000e   Code   RO          409    i.Matrix_u_getIntData  cmd_fish.o
    0x100067c2   0x100067c2   0x0000001e   Code   RO          410    i.Matrix_u_getTypeNum  cmd_fish.o
    0x100067e0   0x100067e0   0x0000001a   Code   RO          411    i.Matrix_u_insertCol  cmd_fish.o
    0x100067fa   0x100067fa   0x00000014   Code   RO          412    i.Matrix_u_reset    cmd_fish.o
    0x1000680e   0x1000680e   0x00000036   Code   RO         5510    i.NN_Add            ideabase.lib(qs_nn.o)
    0x10006844   0x10006844   0x00000010   Code   RO         5511    i.NN_Assign         ideabase.lib(qs_nn.o)
    0x10006854   0x10006854   0x00000010   Code   RO         5513    i.NN_AssignZero     ideabase.lib(qs_nn.o)
    0x10006864   0x10006864   0x00000034   Code   RO         5515    i.NN_Cmp            ideabase.lib(qs_nn.o)
    0x10006898   0x10006898   0x0000004c   Code   RO         5516    i.NN_Decode         ideabase.lib(qs_nn.o)
    0x100068e4   0x100068e4   0x00000016   Code   RO         5517    i.NN_DigitBits      ideabase.lib(qs_nn.o)
    0x100068fa   0x100068fa   0x00000022   Code   RO         5518    i.NN_Digits         ideabase.lib(qs_nn.o)
    0x1000691c   0x1000691c   0x00000272   Code   RO         5519    i.NN_Div            ideabase.lib(qs_nn.o)
    0x10006b8e   0x10006b8e   0x00000046   Code   RO         5520    i.NN_Encode         ideabase.lib(qs_nn.o)
    0x10006bd4   0x10006bd4   0x00000030   Code   RO         5522    i.NN_LShift         ideabase.lib(qs_nn.o)
    0x10006c04   0x10006c04   0x00000028   Code   RO         5523    i.NN_Mod            ideabase.lib(qs_nn.o)
    0x10006c2c   0x10006c2c   0x000000d6   Code   RO         5524    i.NN_ModExp         ideabase.lib(qs_nn.o)
    0x10006d02   0x10006d02   0x00000030   Code   RO         5526    i.NN_ModMult        ideabase.lib(qs_nn.o)
    0x10006d32   0x10006d32   0x000000ba   Code   RO         5527    i.NN_Mult           ideabase.lib(qs_nn.o)
    0x10006dec   0x10006dec   0x00000036   Code   RO         5528    i.NN_RShift         ideabase.lib(qs_nn.o)
    0x10006e22   0x10006e22   0x00000040   Code   RO         5529    i.NN_Sub            ideabase.lib(qs_nn.o)
    0x10006e62   0x10006e62   0x00000002   PAD
    0x10006e64   0x10006e64   0x00000090   Code   RO          816    i.NatureAlg_GenRndMxu  naturealg.o
    0x10006ef4   0x10006ef4   0x00000064   Code   RO          414    i.OutResult_Init    cmd_fish.o
    0x10006f58   0x10006f58   0x0000005e   Code   RO          415    i.OutResult_reset   cmd_fish.o
    0x10006fb6   0x10006fb6   0x000000f0   Code   RO          547    i.RoundInfo_t_Copy  commonstruct.o
    0x100070a6   0x100070a6   0x0000009e   Code   RO          548    i.RoundInfo_t_Init  commonstruct.o
    0x10007144   0x10007144   0x0000000a   Code   RO         5741    i.SPI_FRAM_ReceiveByte  ideabase.lib(driver_fram.o)
    0x1000714e   0x1000714e   0x00000002   PAD
    0x10007150   0x10007150   0x00001404   Code   RO          220    i.SenvReadCallback  idea_cmd.o
    0x10008554   0x10008554   0x00000010   Code   RO         4005    i.SysTick_Handler   ideabase.lib(qs_platform.o)
    0x10008564   0x10008564   0x00000008   Code   RO         5147    i.USB_IRQHandler    ideabase.lib(driver_usb.o)
    0x1000856c   0x1000856c   0x00000028   Code   RO         6536    i.__ARM_fpclassify  m_ws.l(fpclassify.o)
    0x10008594   0x10008594   0x000000aa   Code   RO         6538    i.__kernel_poly     m_ws.l(poly.o)
    0x1000863e   0x1000863e   0x00000002   PAD
    0x10008640   0x10008640   0x00000010   Code   RO         6522    i.__mathlib_dbl_divzero  m_ws.l(dunder.o)
    0x10008650   0x10008650   0x00000004   Code   RO         6524    i.__mathlib_dbl_infnan2  m_ws.l(dunder.o)
    0x10008654   0x10008654   0x0000000c   Code   RO         6525    i.__mathlib_dbl_invalid  m_ws.l(dunder.o)
    0x10008660   0x10008660   0x0000000e   Code   RO         6526    i.__mathlib_dbl_overflow  m_ws.l(dunder.o)
    0x1000866e   0x1000866e   0x00000002   PAD
    0x10008670   0x10008670   0x00000010   Code   RO         6528    i.__mathlib_dbl_underflow  m_ws.l(dunder.o)
    0x10008680   0x10008680   0x0000000e   Code   RO         6221    i._is_digit         c_wu.l(__printf_wp.o)
    0x1000868e   0x1000868e   0x00000002   PAD
    0x10008690   0x10008690   0x00000014   Code   RO            1    i.app_init          app.o
    0x100086a4   0x100086a4   0x0000000e   Code   RO         4987    i.close             ideabase.lib(driver_iflash.o)
    0x100086b2   0x100086b2   0x0000002c   Code   RO         5065    i.close             ideabase.lib(driver_serial.o)
    0x100086de   0x100086de   0x00000002   PAD
    0x100086e0   0x100086e0   0x00000038   Code   RO         5148    i.close             ideabase.lib(driver_usb.o)
    0x10008718   0x10008718   0x00000020   Code   RO         5286    i.close             ideabase.lib(driver_timer.o)
    0x10008738   0x10008738   0x0000000e   Code   RO         5742    i.close             ideabase.lib(driver_fram.o)
    0x10008746   0x10008746   0x00000002   Code   RO         5818    i.close             ideabase.lib(driver_led.o)
    0x10008748   0x10008748   0x00000108   Code   RO          221    i.cmd_exec_0        idea_cmd.o
    0x10008850   0x10008850   0x0000002c   Code   RO         3493    i.coder_data_setup  ideabase.lib(idea_coder.o)
    0x1000887c   0x1000887c   0x000000c8   Code   RO         3494    i.coder_get_token0  ideabase.lib(idea_coder.o)
    0x10008944   0x10008944   0x000000ec   Code   RO         3495    i.coder_get_token1  ideabase.lib(idea_coder.o)
    0x10008a30   0x10008a30   0x0000000c   Code   RO         3659    i.comm_coin_value   ideabase.lib(idea_comm.o)
    0x10008a3c   0x10008a3c   0x0000001c   Code   RO         3660    i.comm_data_get     ideabase.lib(idea_comm.o)
    0x10008a58   0x10008a58   0x000001ac   Code   RO         3661    i.comm_data_set     ideabase.lib(idea_comm.o)
    0x10008c04   0x10008c04   0x00000200   Code   RO         3662    i.comm_data_set_coder  ideabase.lib(idea_comm.o)
    0x10008e04   0x10008e04   0x000001c0   Code   RO         3663    i.comm_data_setup   ideabase.lib(idea_comm.o)
    0x10008fc4   0x10008fc4   0x0000000c   Code   RO         3665    i.comm_machine_id_lock  ideabase.lib(idea_comm.o)
    0x10008fd0   0x10008fd0   0x0000000c   Code   RO         3669    i.comm_pulse_value  ideabase.lib(idea_comm.o)
    0x10008fdc   0x10008fdc   0x0000000c   Code   RO         3670    i.comm_score_ticket  ideabase.lib(idea_comm.o)
    0x10008fe8   0x10008fe8   0x0000000c   Code   RO         3672    i.comm_ticket_value  ideabase.lib(idea_comm.o)
    0x10008ff4   0x10008ff4   0x00000014   Code   RO         3673    i.comm_value_length  ideabase.lib(idea_comm.o)
    0x10009008   0x10009008   0x00000028   Code   RO         3674    i.comm_win_lock_Balance  ideabase.lib(idea_comm.o)
    0x10009030   0x10009030   0x00000020   Code   RO         3496    i.crc8              ideabase.lib(idea_coder.o)
    0x10009050   0x10009050   0x000000b0   Code   RO         2730    i.database_data_init  ideabase.lib(qs_database.o)
    0x10009100   0x10009100   0x00001718   Code   RO         5398    i.des3_crypt        ideabase.lib(qs_des.o)
    0x1000a818   0x1000a818   0x00000042   Code   RO         5399    i.des_1key          ideabase.lib(qs_des.o)
    0x1000a85a   0x1000a85a   0x000000b4   Code   RO         5400    i.des_2key          ideabase.lib(qs_des.o)
    0x1000a90e   0x1000a90e   0x000000ac   Code   RO         5401    i.des_3key          ideabase.lib(qs_des.o)
    0x1000a9ba   0x1000a9ba   0x00000002   PAD
    0x1000a9bc   0x1000a9bc   0x00000850   Code   RO         5402    i.des_crypt         ideabase.lib(qs_des.o)
    0x1000b20c   0x1000b20c   0x0000004c   Code   RO         5403    i.des_decrypt       ideabase.lib(qs_des.o)
    0x1000b258   0x1000b258   0x00000048   Code   RO         5404    i.des_encrypt       ideabase.lib(qs_des.o)
    0x1000b2a0   0x1000b2a0   0x00000042   Code   RO         5405    i.des_key_set       ideabase.lib(qs_des.o)
    0x1000b2e2   0x1000b2e2   0x00000002   PAD
    0x1000b2e4   0x1000b2e4   0x0000031c   Code   RO         5406    i.des_main_ks       ideabase.lib(qs_des.o)
    0x1000b600   0x1000b600   0x00000086   Code   RO         5531    i.dmult             ideabase.lib(qs_nn.o)
    0x1000b686   0x1000b686   0x00000002   Code   RO         5743    i.driver_fram_exec  ideabase.lib(driver_fram.o)
    0x1000b688   0x1000b688   0x00000018   Code   RO         5744    i.driver_fram_install  ideabase.lib(driver_fram.o)
    0x1000b6a0   0x1000b6a0   0x00000002   Code   RO         4988    i.driver_iflash_exec  ideabase.lib(driver_iflash.o)
    0x1000b6a2   0x1000b6a2   0x00000002   PAD
    0x1000b6a4   0x1000b6a4   0x00000010   Code   RO         4989    i.driver_iflash_install  ideabase.lib(driver_iflash.o)
    0x1000b6b4   0x1000b6b4   0x00000002   Code   RO         5819    i.driver_led_exec   ideabase.lib(driver_led.o)
    0x1000b6b6   0x1000b6b6   0x00000002   PAD
    0x1000b6b8   0x1000b6b8   0x00000010   Code   RO         5820    i.driver_led_install  ideabase.lib(driver_led.o)
    0x1000b6c8   0x1000b6c8   0x00000002   Code   RO         5066    i.driver_serial_exec  ideabase.lib(driver_serial.o)
    0x1000b6ca   0x1000b6ca   0x00000002   PAD
    0x1000b6cc   0x1000b6cc   0x00000024   Code   RO         5067    i.driver_serial_install  ideabase.lib(driver_serial.o)
    0x1000b6f0   0x1000b6f0   0x00000002   Code   RO         5287    i.driver_timer_exec  ideabase.lib(driver_timer.o)
    0x1000b6f2   0x1000b6f2   0x00000002   PAD
    0x1000b6f4   0x1000b6f4   0x00000010   Code   RO         5288    i.driver_timer_install  ideabase.lib(driver_timer.o)
    0x1000b704   0x1000b704   0x00000002   Code   RO         5149    i.driver_usb_exec   ideabase.lib(driver_usb.o)
    0x1000b706   0x1000b706   0x00000002   PAD
    0x1000b708   0x1000b708   0x00000010   Code   RO         5150    i.driver_usb_install  ideabase.lib(driver_usb.o)
    0x1000b718   0x1000b718   0x00000070   Code   RO         2905    i.ensure            ideabase.lib(qs_json.o)
    0x1000b788   0x1000b788   0x0000002c   Code   RO         5152    i.ep_in_cb          ideabase.lib(driver_usb.o)
    0x1000b7b4   0x1000b7b4   0x00000048   Code   RO         5153    i.ep_out_cb         ideabase.lib(driver_usb.o)
    0x1000b7fc   0x1000b7fc   0x0000003a   Code   RO         5154    i.event_callback    ideabase.lib(driver_usb.o)
    0x1000b836   0x1000b836   0x00000002   PAD
    0x1000b838   0x1000b838   0x00000034   Code   RO          896    i.find_slot         gamemanager.o
    0x1000b86c   0x1000b86c   0x00000002   Code   RO         1398    i.ga_reset          ga.o
    0x1000b86e   0x1000b86e   0x00000002   PAD
    0x1000b870   0x1000b870   0x00000024   Code   RO          649    i.get_instance      dll.o
    0x1000b894   0x1000b894   0x00000136   Code   RO         3313    i.header_decode     ideabase.lib(qs_senv.o)
    0x1000b9ca   0x1000b9ca   0x000000b2   Code   RO         3314    i.header_encode     ideabase.lib(qs_senv.o)
    0x1000ba7c   0x1000ba7c   0x00000020   Code   RO         3315    i.header_init       ideabase.lib(qs_senv.o)
    0x1000ba9c   0x1000ba9c   0x00000014   Code   RO         3316    i.header_set_crc_in_buf  ideabase.lib(qs_senv.o)
    0x1000bab0   0x1000bab0   0x00000026   Code   RO          193    i.idea_app_exec     idea_app.o
    0x1000bad6   0x1000bad6   0x0000001a   Code   RO          194    i.idea_app_init     idea_app.o
    0x1000baf0   0x1000baf0   0x00000054   Code   RO          223    i.idea_cmd_exec     idea_cmd.o
    0x1000bb44   0x1000bb44   0x000000b4   Code   RO          224    i.idea_cmd_init     idea_cmd.o
    0x1000bbf8   0x1000bbf8   0x00000084   Code   RO         3498    i.idea_coder_decode  ideabase.lib(idea_coder.o)
    0x1000bc7c   0x1000bc7c   0x00000040   Code   RO         3499    i.idea_coder_exec   ideabase.lib(idea_coder.o)
    0x1000bcbc   0x1000bcbc   0x00000020   Code   RO         3500    i.idea_coder_init   ideabase.lib(idea_coder.o)
    0x1000bcdc   0x1000bcdc   0x0000000c   Code   RO         3501    i.idea_coder_remain_minute  ideabase.lib(idea_coder.o)
    0x1000bce8   0x1000bce8   0x00000044   Code   RO         3502    i.idea_coder_request  ideabase.lib(idea_coder.o)
    0x1000bd2c   0x1000bd2c   0x0000000c   Code   RO         3503    i.idea_coder_set_minute  ideabase.lib(idea_coder.o)
    0x1000bd38   0x1000bd38   0x000000f0   Code   RO         3504    i.idea_coder_state  ideabase.lib(idea_coder.o)
    0x1000be28   0x1000be28   0x00000010   Code   RO         3505    i.idea_coder_update  ideabase.lib(idea_coder.o)
    0x1000be38   0x1000be38   0x000000e8   Code   RO         3676    i.idea_comm_exec    ideabase.lib(idea_comm.o)
    0x1000bf20   0x1000bf20   0x00000020   Code   RO         3677    i.idea_comm_init    ideabase.lib(idea_comm.o)
    0x1000bf40   0x1000bf40   0x0000001a   Code   RO          225    i.idea_decode_proc  idea_cmd.o
    0x1000bf5a   0x1000bf5a   0x00000002   Code   RO         3810    i.idea_player_exec  ideabase.lib(idea_player.o)
    0x1000bf5c   0x1000bf5c   0x00000020   Code   RO         3811    i.idea_player_init  ideabase.lib(idea_player.o)
    0x1000bf7c   0x1000bf7c   0x0000004c   Code   RO         3951    i.idea_pwd_exec     ideabase.lib(idea_pwd.o)
    0x1000bfc8   0x1000bfc8   0x00000034   Code   RO         3952    i.idea_pwd_init     ideabase.lib(idea_pwd.o)
    0x1000bffc   0x1000bffc   0x00000004   Code   RO          308    i.idea_task_connect  idea_qs.o
    0x1000c000   0x1000c000   0x000000e0   Code   RO         4991    i.ioctl             ideabase.lib(driver_iflash.o)
    0x1000c0e0   0x1000c0e0   0x00000090   Code   RO         5069    i.ioctl             ideabase.lib(driver_serial.o)
    0x1000c170   0x1000c170   0x0000003c   Code   RO         5155    i.ioctl             ideabase.lib(driver_usb.o)
    0x1000c1ac   0x1000c1ac   0x00000048   Code   RO         5290    i.ioctl             ideabase.lib(driver_timer.o)
    0x1000c1f4   0x1000c1f4   0x00000066   Code   RO         5746    i.ioctl             ideabase.lib(driver_fram.o)
    0x1000c25a   0x1000c25a   0x00000050   Code   RO         5822    i.ioctl             ideabase.lib(driver_led.o)
    0x1000c2aa   0x1000c2aa   0x00000002   PAD
    0x1000c2ac   0x1000c2ac   0x000000f4   Code   RO         4992    i.m55_flash_erase   ideabase.lib(driver_iflash.o)
    0x1000c3a0   0x1000c3a0   0x00000020   Code   RO         4993    i.m55_flash_read    ideabase.lib(driver_iflash.o)
    0x1000c3c0   0x1000c3c0   0x000000e0   Code   RO         4994    i.m55_flash_write   ideabase.lib(driver_iflash.o)
    0x1000c4a0   0x1000c4a0   0x00000012   Code   RO          357    i.main              main.o
    0x1000c4b2   0x1000c4b2   0x0000008a   Code   RO         3317    i.message_fifo_add  ideabase.lib(qs_senv.o)
    0x1000c53c   0x1000c53c   0x00000032   Code   RO         3318    i.message_fifo_get  ideabase.lib(qs_senv.o)
    0x1000c56e   0x1000c56e   0x0000006e   Code   RO         4257    i.mm_block_read     ideabase.lib(qs_mm.o)
    0x1000c5dc   0x1000c5dc   0x00000084   Code   RO         4258    i.mm_block_write    ideabase.lib(qs_mm.o)
    0x1000c660   0x1000c660   0x0000001e   Code   RO         2731    i.mm_read           ideabase.lib(qs_database.o)
    0x1000c67e   0x1000c67e   0x0000001e   Code   RO         2732    i.mm_write          ideabase.lib(qs_database.o)
    0x1000c69c   0x1000c69c   0x0000001a   Code   RO         4995    i.open              ideabase.lib(driver_iflash.o)
    0x1000c6b6   0x1000c6b6   0x000000d6   Code   RO         5070    i.open              ideabase.lib(driver_serial.o)
    0x1000c78c   0x1000c78c   0x000000ec   Code   RO         5156    i.open              ideabase.lib(driver_usb.o)
    0x1000c878   0x1000c878   0x000000a8   Code   RO         5291    i.open              ideabase.lib(driver_timer.o)
    0x1000c920   0x1000c920   0x00000088   Code   RO         5747    i.open              ideabase.lib(driver_fram.o)
    0x1000c9a8   0x1000c9a8   0x00000048   Code   RO         5823    i.open              ideabase.lib(driver_led.o)
    0x1000c9f0   0x1000c9f0   0x000000ac   Code   RO         2906    i.parse_array       ideabase.lib(qs_json.o)
    0x1000ca9c   0x1000ca9c   0x00000114   Code   RO         2907    i.parse_hex4        ideabase.lib(qs_json.o)
    0x1000cbb0   0x1000cbb0   0x000001bc   Code   RO         2908    i.parse_number      ideabase.lib(qs_json.o)
    0x1000cd6c   0x1000cd6c   0x00000114   Code   RO         2909    i.parse_object      ideabase.lib(qs_json.o)
    0x1000ce80   0x1000ce80   0x000001cc   Code   RO         2910    i.parse_string      ideabase.lib(qs_json.o)
    0x1000d04c   0x1000d04c   0x000000bc   Code   RO         2911    i.parse_value       ideabase.lib(qs_json.o)
    0x1000d108   0x1000d108   0x00000050   Code   RO         3813    i.player_coin_in    ideabase.lib(idea_player.o)
    0x1000d158   0x1000d158   0x00000060   Code   RO         3814    i.player_coin_info_update  ideabase.lib(idea_player.o)
    0x1000d1b8   0x1000d1b8   0x00000014   Code   RO         3815    i.player_data_null  ideabase.lib(idea_player.o)
    0x1000d1cc   0x1000d1cc   0x00000038   Code   RO         3816    i.player_data_setup  ideabase.lib(idea_player.o)
    0x1000d204   0x1000d204   0x0000001c   Code   RO         3817    i.player_reset      ideabase.lib(idea_player.o)
    0x1000d220   0x1000d220   0x0000004c   Code   RO         3818    i.player_score_down  ideabase.lib(idea_player.o)
    0x1000d26c   0x1000d26c   0x00000038   Code   RO         3819    i.player_score_up   ideabase.lib(idea_player.o)
    0x1000d2a4   0x1000d2a4   0x00000020   Code   RO         3820    i.player_statistics  ideabase.lib(idea_player.o)
    0x1000d2c4   0x1000d2c4   0x000000bc   Code   RO         3821    i.player_ticket_out  ideabase.lib(idea_player.o)
    0x1000d380   0x1000d380   0x00000028   Code   RO         3822    i.player_ticket_update  ideabase.lib(idea_player.o)
    0x1000d3a8   0x1000d3a8   0x00000058   Code   RO         3824    i.player_total_bets_wins  ideabase.lib(idea_player.o)
    0x1000d400   0x1000d400   0x0000001c   Code   RO         3825    i.player_total_get_current_wins  ideabase.lib(idea_player.o)
    0x1000d41c   0x1000d41c   0x0000001c   Code   RO         3826    i.player_total_get_custom_wins  ideabase.lib(idea_player.o)
    0x1000d438   0x1000d438   0x00000014   Code   RO         3827    i.player_total_reset_current_wins  ideabase.lib(idea_player.o)
    0x1000d44c   0x1000d44c   0x00000014   Code   RO         3828    i.player_total_reset_custom_wins  ideabase.lib(idea_player.o)
    0x1000d460   0x1000d460   0x000009d8   Code   RO         6338    i.pow               m_ws.l(pow.o)
    0x1000de38   0x1000de38   0x0000001c   Code   RO         2912    i.pow2gt            ideabase.lib(qs_json.o)
    0x1000de54   0x1000de54   0x00000250   Code   RO         2913    i.print_array       ideabase.lib(qs_json.o)
    0x1000e0a4   0x1000e0a4   0x000000d8   Code   RO         2914    i.print_number      ideabase.lib(qs_json.o)
    0x1000e17c   0x1000e17c   0x00000418   Code   RO         2915    i.print_object      ideabase.lib(qs_json.o)
    0x1000e594   0x1000e594   0x00000010   Code   RO         2916    i.print_string      ideabase.lib(qs_json.o)
    0x1000e5a4   0x1000e5a4   0x000001d0   Code   RO         2917    i.print_string_ptr  ideabase.lib(qs_json.o)
    0x1000e774   0x1000e774   0x00000130   Code   RO         2918    i.print_value       ideabase.lib(qs_json.o)
    0x1000e8a4   0x1000e8a4   0x000000a8   Code   RO         3953    i.pwd_check         ideabase.lib(idea_pwd.o)
    0x1000e94c   0x1000e94c   0x00000080   Code   RO         3954    i.pwd_data_setup    ideabase.lib(idea_pwd.o)
    0x1000e9cc   0x1000e9cc   0x0000000c   Code   RO         3955    i.pwd_locked        ideabase.lib(idea_pwd.o)
    0x1000e9d8   0x1000e9d8   0x00000064   Code   RO         3956    i.pwd_set           ideabase.lib(idea_pwd.o)
    0x1000ea3c   0x1000ea3c   0x0000000c   Code   RO         3957    i.pwd_type          ideabase.lib(idea_pwd.o)
    0x1000ea48   0x1000ea48   0x000000b8   Code   RO         4118    i.qs_ae_rand        ideabase.lib(qs_ae_rand.o)
    0x1000eb00   0x1000eb00   0x00000018   Code   RO         4119    i.qs_ae_rand_init   ideabase.lib(qs_ae_rand.o)
    0x1000eb18   0x1000eb18   0x00000002   Code   RO         5376    i.qs_algo_exec      ideabase.lib(qs_algo.o)
    0x1000eb1a   0x1000eb1a   0x00000008   Code   RO         5377    i.qs_algo_init      ideabase.lib(qs_algo.o)
    0x1000eb22   0x1000eb22   0x00000002   PAD
    0x1000eb24   0x1000eb24   0x0000002c   Code   RO         4551    i.qs_base64_check   ideabase.lib(qs_base64.o)
    0x1000eb50   0x1000eb50   0x00000140   Code   RO         4552    i.qs_base64_decode  ideabase.lib(qs_base64.o)
    0x1000ec90   0x1000ec90   0x000000f8   Code   RO         4553    i.qs_base64_encode  ideabase.lib(qs_base64.o)
    0x1000ed88   0x1000ed88   0x00000012   Code   RO         5348    i.qs_board_exec     ideabase.lib(qs_board.o)
    0x1000ed9a   0x1000ed9a   0x0000000c   Code   RO         5349    i.qs_board_init     ideabase.lib(qs_board.o)
    0x1000eda6   0x1000eda6   0x00000002   PAD
    0x1000eda8   0x1000eda8   0x0000000c   Code   RO         2501    i.qs_const_data     ideabase.lib(qs.o)
    0x1000edb4   0x1000edb4   0x00000022   Code   RO         4315    i.qs_crc16          ideabase.lib(qs_crc16.o)
    0x1000edd6   0x1000edd6   0x00000002   PAD
    0x1000edd8   0x1000edd8   0x00000018   Code   RO         4316    i.qs_crc16_byte     ideabase.lib(qs_crc16.o)
    0x1000edf0   0x1000edf0   0x0000006c   Code   RO         2733    i.qs_database_connect  ideabase.lib(qs_database.o)
    0x1000ee5c   0x1000ee5c   0x000000bc   Code   RO         2734    i.qs_database_exec  ideabase.lib(qs_database.o)
    0x1000ef18   0x1000ef18   0x00000034   Code   RO         2735    i.qs_database_init  ideabase.lib(qs_database.o)
    0x1000ef4c   0x1000ef4c   0x0000003a   Code   RO         2502    i.qs_delay          ideabase.lib(qs.o)
    0x1000ef86   0x1000ef86   0x00000082   Code   RO         4340    i.qs_des_cbc_decrypt  ideabase.lib(qs_des_cbc.o)
    0x1000f008   0x1000f008   0x00000072   Code   RO         4341    i.qs_des_cbc_encrypt  ideabase.lib(qs_des_cbc.o)
    0x1000f07a   0x1000f07a   0x00000032   Code   RO         5471    i.qs_des_ecb_decrypt  ideabase.lib(qs_des_ecb.o)
    0x1000f0ac   0x1000f0ac   0x00000032   Code   RO         5472    i.qs_des_ecb_encrypt  ideabase.lib(qs_des_ecb.o)
    0x1000f0de   0x1000f0de   0x00000012   Code   RO         4163    i.qs_driver_close   ideabase.lib(qs_driver.o)
    0x1000f0f0   0x1000f0f0   0x00000012   Code   RO         4164    i.qs_driver_exec    ideabase.lib(qs_driver.o)
    0x1000f102   0x1000f102   0x0000000c   Code   RO         4165    i.qs_driver_init    ideabase.lib(qs_driver.o)
    0x1000f10e   0x1000f10e   0x00000002   PAD
    0x1000f110   0x1000f110   0x00000030   Code   RO         4166    i.qs_driver_install  ideabase.lib(qs_driver.o)
    0x1000f140   0x1000f140   0x0000001e   Code   RO         4167    i.qs_driver_ioctl   ideabase.lib(qs_driver.o)
    0x1000f15e   0x1000f15e   0x00000002   PAD
    0x1000f160   0x1000f160   0x00000048   Code   RO         4168    i.qs_driver_open    ideabase.lib(qs_driver.o)
    0x1000f1a8   0x1000f1a8   0x0000001e   Code   RO         4169    i.qs_driver_read    ideabase.lib(qs_driver.o)
    0x1000f1c6   0x1000f1c6   0x0000001e   Code   RO         4172    i.qs_driver_write   ideabase.lib(qs_driver.o)
    0x1000f1e4   0x1000f1e4   0x00000048   Code   RO         2503    i.qs_exec           ideabase.lib(qs.o)
    0x1000f22c   0x1000f22c   0x0000003c   Code   RO         4586    i.qs_fifo_alloc8    ideabase.lib(qs_fifo.o)
    0x1000f268   0x1000f268   0x00000026   Code   RO         4589    i.qs_fifo_free      ideabase.lib(qs_fifo.o)
    0x1000f28e   0x1000f28e   0x00000038   Code   RO         4590    i.qs_fifo_full      ideabase.lib(qs_fifo.o)
    0x1000f2c6   0x1000f2c6   0x0000003a   Code   RO         4594    i.qs_fifo_get8      ideabase.lib(qs_fifo.o)
    0x1000f300   0x1000f300   0x0000004c   Code   RO         4607    i.qs_fifo_put8      ideabase.lib(qs_fifo.o)
    0x1000f34c   0x1000f34c   0x0000004a   Code   RO         4927    i.qs_get_value_by_tag  ideabase.lib(qs_utility.o)
    0x1000f396   0x1000f396   0x000000bc   Code   RO         4928    i.qs_hex_string_to_hex  ideabase.lib(qs_utility.o)
    0x1000f452   0x1000f452   0x00000002   PAD
    0x1000f454   0x1000f454   0x00000024   Code   RO         2504    i.qs_init           ideabase.lib(qs.o)
    0x1000f478   0x1000f478   0x0000002a   Code   RO         2921    i.qs_json_AddItemToArray  ideabase.lib(qs_json.o)
    0x1000f4a2   0x1000f4a2   0x00000002   PAD
    0x1000f4a4   0x1000f4a4   0x00000030   Code   RO         2922    i.qs_json_AddItemToObject  ideabase.lib(qs_json.o)
    0x1000f4d4   0x1000f4d4   0x00000012   Code   RO         2924    i.qs_json_CreateArray  ideabase.lib(qs_json.o)
    0x1000f4e6   0x1000f4e6   0x00000044   Code   RO         2929    i.qs_json_CreateIntArray  ideabase.lib(qs_json.o)
    0x1000f52a   0x1000f52a   0x00000024   Code   RO         2931    i.qs_json_CreateNumber  ideabase.lib(qs_json.o)
    0x1000f54e   0x1000f54e   0x00000012   Code   RO         2932    i.qs_json_CreateObject  ideabase.lib(qs_json.o)
    0x1000f560   0x1000f560   0x00000058   Code   RO         2936    i.qs_json_Delete    ideabase.lib(qs_json.o)
    0x1000f5b8   0x1000f5b8   0x00000016   Code   RO         2938    i.qs_json_DeleteItemFromObject  ideabase.lib(qs_json.o)
    0x1000f5ce   0x1000f5ce   0x00000042   Code   RO         2939    i.qs_json_DetachItemFromArray  ideabase.lib(qs_json.o)
    0x1000f610   0x1000f610   0x00000032   Code   RO         2940    i.qs_json_DetachItemFromObject  ideabase.lib(qs_json.o)
    0x1000f642   0x1000f642   0x00000012   Code   RO         2942    i.qs_json_GetArrayItem  ideabase.lib(qs_json.o)
    0x1000f654   0x1000f654   0x00000012   Code   RO         2943    i.qs_json_GetArraySize  ideabase.lib(qs_json.o)
    0x1000f666   0x1000f666   0x0000001e   Code   RO         2945    i.qs_json_GetObjectItem  ideabase.lib(qs_json.o)
    0x1000f684   0x1000f684   0x000000ba   Code   RO         2948    i.qs_json_Minify    ideabase.lib(qs_json.o)
    0x1000f73e   0x1000f73e   0x00000002   PAD
    0x1000f740   0x1000f740   0x00000020   Code   RO         2949    i.qs_json_New_Item  ideabase.lib(qs_json.o)
    0x1000f760   0x1000f760   0x00000010   Code   RO         2950    i.qs_json_Parse     ideabase.lib(qs_json.o)
    0x1000f770   0x1000f770   0x00000064   Code   RO         2951    i.qs_json_ParseWithOpts  ideabase.lib(qs_json.o)
    0x1000f7d4   0x1000f7d4   0x00000012   Code   RO         2952    i.qs_json_Print     ideabase.lib(qs_json.o)
    0x1000f7e6   0x1000f7e6   0x0000004c   Code   RO         2957    i.qs_json_strcasecmp  ideabase.lib(qs_json.o)
    0x1000f832   0x1000f832   0x00000002   PAD
    0x1000f834   0x1000f834   0x00000030   Code   RO         2958    i.qs_json_strdup    ideabase.lib(qs_json.o)
    0x1000f864   0x1000f864   0x0000006c   Code   RO         2776    i.qs_led_blink      ideabase.lib(qs_led.o)
    0x1000f8d0   0x1000f8d0   0x00000014   Code   RO         2778    i.qs_led_blue_off   ideabase.lib(qs_led.o)
    0x1000f8e4   0x1000f8e4   0x00000104   Code   RO         2780    i.qs_led_exec       ideabase.lib(qs_led.o)
    0x1000f9e8   0x1000f9e8   0x0000001c   Code   RO         2781    i.qs_led_green_blink  ideabase.lib(qs_led.o)
    0x1000fa04   0x1000fa04   0x00000014   Code   RO         2782    i.qs_led_green_off  ideabase.lib(qs_led.o)
    0x1000fa18   0x1000fa18   0x00000068   Code   RO         2784    i.qs_led_init       ideabase.lib(qs_led.o)
    0x1000fa80   0x1000fa80   0x00000060   Code   RO         2785    i.qs_led_off        ideabase.lib(qs_led.o)
    0x1000fae0   0x1000fae0   0x00000014   Code   RO         2788    i.qs_led_red_off    ideabase.lib(qs_led.o)
    0x1000faf4   0x1000faf4   0x0000001c   Code   RO         4749    i.qs_list_alloc     ideabase.lib(qs_list.o)
    0x1000fb10   0x1000fb10   0x0000004c   Code   RO         4750    i.qs_list_append_to_front  ideabase.lib(qs_list.o)
    0x1000fb5c   0x1000fb5c   0x0000004c   Code   RO         4751    i.qs_list_append_to_rear  ideabase.lib(qs_list.o)
    0x1000fba8   0x1000fba8   0x00000034   Code   RO         4752    i.qs_list_free      ideabase.lib(qs_list.o)
    0x1000fbdc   0x1000fbdc   0x00000032   Code   RO         4753    i.qs_list_get       ideabase.lib(qs_list.o)
    0x1000fc0e   0x1000fc0e   0x00000082   Code   RO         4755    i.qs_list_remove_by_object  ideabase.lib(qs_list.o)
    0x1000fc90   0x1000fc90   0x0000003e   Code   RO         4756    i.qs_list_remove_from_front  ideabase.lib(qs_list.o)
    0x1000fcce   0x1000fcce   0x0000001a   Code   RO         4758    i.qs_list_size      ideabase.lib(qs_list.o)
    0x1000fce8   0x1000fce8   0x0000001e   Code   RO         4885    i.qs_mem_alloc      ideabase.lib(qs_mem.o)
    0x1000fd06   0x1000fd06   0x0000000e   Code   RO         4886    i.qs_mem_free       ideabase.lib(qs_mem.o)
    0x1000fd14   0x1000fd14   0x00000034   Code   RO         4259    i.qs_mm_close       ideabase.lib(qs_mm.o)
    0x1000fd48   0x1000fd48   0x0000001c   Code   RO         4260    i.qs_mm_exec        ideabase.lib(qs_mm.o)
    0x1000fd64   0x1000fd64   0x0000001c   Code   RO         4261    i.qs_mm_init        ideabase.lib(qs_mm.o)
    0x1000fd80   0x1000fd80   0x00000150   Code   RO         4262    i.qs_mm_open        ideabase.lib(qs_mm.o)
    0x1000fed0   0x1000fed0   0x00000090   Code   RO         4263    i.qs_mm_read        ideabase.lib(qs_mm.o)
    0x1000ff60   0x1000ff60   0x000000a4   Code   RO         4264    i.qs_mm_write       ideabase.lib(qs_mm.o)
    0x10010004   0x10010004   0x0000001e   Code   RO         4235    i.qs_modules_exec   ideabase.lib(qs_modules.o)
    0x10010022   0x10010022   0x00000018   Code   RO         4236    i.qs_modules_init   ideabase.lib(qs_modules.o)
    0x1001003a   0x1001003a   0x0000001e   Code   RO         4006    i.qs_platform_exec  ideabase.lib(qs_platform.o)
    0x10010058   0x10010058   0x0000005c   Code   RO         4007    i.qs_platform_init  ideabase.lib(qs_platform.o)
    0x100100b4   0x100100b4   0x00000004   Code   RO         4008    i.qs_platform_interrupt_disable  ideabase.lib(qs_platform.o)
    0x100100b8   0x100100b8   0x00000004   Code   RO         4009    i.qs_platform_interrupt_enable  ideabase.lib(qs_platform.o)
    0x100100bc   0x100100bc   0x0000000c   Code   RO         4010    i.qs_platform_millisecond  ideabase.lib(qs_platform.o)
    0x100100c8   0x100100c8   0x0000000e   Code   RO         4011    i.qs_platform_run_code  ideabase.lib(qs_platform.o)
    0x100100d6   0x100100d6   0x00000002   PAD
    0x100100d8   0x100100d8   0x000000c4   Code   RO         4012    i.qs_platform_sn    ideabase.lib(qs_platform.o)
    0x1001019c   0x1001019c   0x00000008   Code   RO         4013    i.qs_platform_system_reboot  ideabase.lib(qs_platform.o)
    0x100101a4   0x100101a4   0x00000010   Code   RO         2871    i.qs_rand32         ideabase.lib(qs_rand.o)
    0x100101b4   0x100101b4   0x00000010   Code   RO         2872    i.qs_rand8          ideabase.lib(qs_rand.o)
    0x100101c4   0x100101c4   0x00000008   Code   RO         2873    i.qs_rand_init      ideabase.lib(qs_rand.o)
    0x100101cc   0x100101cc   0x00000008   Code   RO         2505    i.qs_reboot         ideabase.lib(qs.o)
    0x100101d4   0x100101d4   0x000000a4   Code   RO         4444    i.qs_rsa_private_decrypt  ideabase.lib(qs_rsa.o)
    0x10010278   0x10010278   0x00000094   Code   RO         4447    i.qs_rsa_public_encrypt  ideabase.lib(qs_rsa.o)
    0x1001030c   0x1001030c   0x0000006c   Code   RO         3319    i.qs_senv_alloc     ideabase.lib(qs_senv.o)
    0x10010378   0x10010378   0x00000016   Code   RO         3320    i.qs_senv_app_data_input  ideabase.lib(qs_senv.o)
    0x1001038e   0x1001038e   0x0000001c   Code   RO         3321    i.qs_senv_connected  ideabase.lib(qs_senv.o)
    0x100103aa   0x100103aa   0x00000002   Code   RO         3322    i.qs_senv_exec      ideabase.lib(qs_senv.o)
    0x100103ac   0x100103ac   0x00000200   Code   RO         3323    i.qs_senv_exec_1    ideabase.lib(qs_senv.o)
    0x100105ac   0x100105ac   0x00000080   Code   RO         3324    i.qs_senv_free      ideabase.lib(qs_senv.o)
    0x1001062c   0x1001062c   0x00000044   Code   RO         3325    i.qs_senv_init      ideabase.lib(qs_senv.o)
    0x10010670   0x10010670   0x00000238   Code   RO         3326    i.qs_senv_iostream_input  ideabase.lib(qs_senv.o)
    0x100108a8   0x100108a8   0x0000016c   Code   RO         3327    i.qs_senv_iostream_send  ideabase.lib(qs_senv.o)
    0x10010a14   0x10010a14   0x00000160   Code   RO         3421    i.qs_senv_manager_app_data_out  ideabase.lib(qs_senv_manager.o)
    0x10010b74   0x10010b74   0x00000044   Code   RO         3423    i.qs_senv_manager_exec  ideabase.lib(qs_senv_manager.o)
    0x10010bb8   0x10010bb8   0x00000044   Code   RO         3424    i.qs_senv_manager_get  ideabase.lib(qs_senv_manager.o)
    0x10010bfc   0x10010bfc   0x00000020   Code   RO         3425    i.qs_senv_manager_init  ideabase.lib(qs_senv_manager.o)
    0x10010c1c   0x10010c1c   0x00000010   Code   RO         3426    i.qs_senv_manager_read  ideabase.lib(qs_senv_manager.o)
    0x10010c2c   0x10010c2c   0x0000003c   Code   RO         3427    i.qs_senv_manager_register  ideabase.lib(qs_senv_manager.o)
    0x10010c68   0x10010c68   0x0000001c   Code   RO         3428    i.qs_senv_manager_unregister  ideabase.lib(qs_senv_manager.o)
    0x10010c84   0x10010c84   0x0000010c   Code   RO         3429    i.qs_senv_manager_write  ideabase.lib(qs_senv_manager.o)
    0x10010d90   0x10010d90   0x00000026   Code   RO         4497    i.qs_sha1           ideabase.lib(qs_sha1.o)
    0x10010db6   0x10010db6   0x00000086   Code   RO         4498    i.qs_sha160_core    ideabase.lib(qs_sha1.o)
    0x10010e3c   0x10010e3c   0x000000ac   Code   RO         4499    i.qs_sha160_finish  ideabase.lib(qs_sha1.o)
    0x10010ee8   0x10010ee8   0x00000030   Code   RO         4500    i.qs_sha160_init    ideabase.lib(qs_sha1.o)
    0x10010f18   0x10010f18   0x000015e4   Code   RO         4501    i.qs_sha160_transform  ideabase.lib(qs_sha1.o)
    0x100124fc   0x100124fc   0x00000010   Code   RO         2506    i.qs_sn             ideabase.lib(qs.o)
    0x1001250c   0x1001250c   0x00000010   Code   RO         2507    i.qs_start          ideabase.lib(qs.o)
    0x1001251c   0x1001251c   0x00000012   Code   RO         4965    i.qs_system_exec    ideabase.lib(qs_system.o)
    0x1001252e   0x1001252e   0x0000000c   Code   RO         4966    i.qs_system_init    ideabase.lib(qs_system.o)
    0x1001253a   0x1001253a   0x00000002   PAD
    0x1001253c   0x1001253c   0x0000001c   Code   RO         3263    i.qs_system_iostream_output  ideabase.lib(qs_system_senv.o)
    0x10012558   0x10012558   0x000006e8   Code   RO         3264    i.qs_system_senv_callback  ideabase.lib(qs_system_senv.o)
    0x10012c40   0x10012c40   0x00000054   Code   RO         3265    i.qs_system_senv_exec  ideabase.lib(qs_system_senv.o)
    0x10012c94   0x10012c94   0x00000088   Code   RO         3266    i.qs_system_senv_init  ideabase.lib(qs_system_senv.o)
    0x10012d1c   0x10012d1c   0x00000032   Code   RO         3267    i.qs_system_senv_receive_callback  ideabase.lib(qs_system_senv.o)
    0x10012d4e   0x10012d4e   0x00000002   PAD
    0x10012d50   0x10012d50   0x00000014   Code   RO         3268    i.qs_system_senv_setup  ideabase.lib(qs_system_senv.o)
    0x10012d64   0x10012d64   0x00000138   Code   RO         3269    i.qs_system_senv_test  ideabase.lib(qs_system_senv.o)
    0x10012e9c   0x10012e9c   0x00000044   Code   RO         2694    i.qs_task_connect   ideabase.lib(qs_task.o)
    0x10012ee0   0x10012ee0   0x00000028   Code   RO         2696    i.qs_task_exec      ideabase.lib(qs_task.o)
    0x10012f08   0x10012f08   0x00000010   Code   RO         2697    i.qs_task_init      ideabase.lib(qs_task.o)
    0x10012f18   0x10012f18   0x00000002   Code   RO         4929    i.qs_utility_init   ideabase.lib(qs_utility.o)
    0x10012f1a   0x10012f1a   0x00000028   Code   RO         4996    i.read              ideabase.lib(driver_iflash.o)
    0x10012f42   0x10012f42   0x0000003e   Code   RO         5071    i.read              ideabase.lib(driver_serial.o)
    0x10012f80   0x10012f80   0x00000006   Code   RO         5157    i.read              ideabase.lib(driver_usb.o)
    0x10012f86   0x10012f86   0x00000106   Code   RO         5748    i.read              ideabase.lib(driver_fram.o)
    0x1001308c   0x1001308c   0x000001da   Code   RO         4448    i.rsaprivatefunc    ideabase.lib(qs_rsa.o)
    0x10013266   0x10013266   0x0000009a   Code   RO         4449    i.rsapublicfunc     ideabase.lib(qs_rsa.o)
    0x10013300   0x10013300   0x00000010   Code   RO         5072    i.serial0_hander    ideabase.lib(driver_serial.o)
    0x10013310   0x10013310   0x00000010   Code   RO         5073    i.serial1_hander    ideabase.lib(driver_serial.o)
    0x10013320   0x10013320   0x00000010   Code   RO         5074    i.serial2_hander    ideabase.lib(driver_serial.o)
    0x10013330   0x10013330   0x0000009c   Code   RO         5075    i.serial_hander     ideabase.lib(driver_serial.o)
    0x100133cc   0x100133cc   0x0000003c   Code   RO         5158    i.setconfig_callback  ideabase.lib(driver_usb.o)
    0x10013408   0x10013408   0x00000012   Code   RO         2959    i.skip              ideabase.lib(qs_json.o)
    0x1001341a   0x1001341a   0x00000002   PAD
    0x1001341c   0x1001341c   0x00000040   Code   RO         6021    i.spi_init          ideabase.lib(spi.o)
    0x1001345c   0x1001345c   0x00000016   Code   RO         6022    i.spi_transmit      ideabase.lib(spi.o)
    0x10013472   0x10013472   0x0000004c   Code   RO         6542    i.sqrt              m_ws.l(sqrt.o)
    0x100134be   0x100134be   0x00000066   Code   RO         5532    i.subdigitmult      ideabase.lib(qs_nn.o)
    0x10013524   0x10013524   0x00000006   Code   RO         2960    i.suffix_object     ideabase.lib(qs_json.o)
    0x1001352a   0x1001352a   0x00000002   PAD
    0x1001352c   0x1001352c   0x00000194   Code   RO         3328    i.system_callback   ideabase.lib(qs_senv.o)
    0x100136c0   0x100136c0   0x00000046   Code   RO         3329    i.system_exec       ideabase.lib(qs_senv.o)
    0x10013706   0x10013706   0x0000002c   Code   RO         3330    i.system_handshake_req  ideabase.lib(qs_senv.o)
    0x10013732   0x10013732   0x00000004   Code   RO            2    i.task_0            app.o
    0x10013736   0x10013736   0x00000002   PAD
    0x10013738   0x10013738   0x00000010   Code   RO         5292    i.timer0_hander     ideabase.lib(driver_timer.o)
    0x10013748   0x10013748   0x00000014   Code   RO         5293    i.timer_hander      ideabase.lib(driver_timer.o)
    0x1001375c   0x1001375c   0x00000020   Code   RO         2961    i.update            ideabase.lib(qs_json.o)
    0x1001377c   0x1001377c   0x00000088   Code   RO         5159    i.usb_bulk_configure  ideabase.lib(driver_usb.o)
    0x10013804   0x10013804   0x00000020   Code   RO         5160    i.usb_bulk_deconfigure  ideabase.lib(driver_usb.o)
    0x10013824   0x10013824   0x0000002c   Code   RO         4997    i.write             ideabase.lib(driver_iflash.o)
    0x10013850   0x10013850   0x000000de   Code   RO         5076    i.write             ideabase.lib(driver_serial.o)
    0x1001392e   0x1001392e   0x00000002   PAD
    0x10013930   0x10013930   0x00000074   Code   RO         5161    i.write             ideabase.lib(driver_usb.o)
    0x100139a4   0x100139a4   0x0000014c   Code   RO         5750    i.write             ideabase.lib(driver_fram.o)
    0x10013af0   0x10013af0   0x0000002c   Code   RO         6619    locale$$code        c_wu.l(lc_ctype_c.o)
    0x10013b1c   0x10013b1c   0x00000150   Code   RO         6279    x$fpl$dadd          fz_ws.l(daddsub_clz.o)
    0x10013c6c   0x10013c6c   0x00000010   Code   RO         6499    x$fpl$dcheck1       fz_ws.l(dcheck1.o)
    0x10013c7c   0x10013c7c   0x00000018   Code   RO         6501    x$fpl$dcmpinf       fz_ws.l(dcmpi.o)
    0x10013c94   0x10013c94   0x000002b0   Code   RO         6286    x$fpl$ddiv          fz_ws.l(ddiv.o)
    0x10013f44   0x10013f44   0x00000078   Code   RO         6289    x$fpl$deqf          fz_ws.l(deqf.o)
    0x10013fbc   0x10013fbc   0x0000005e   Code   RO         6291    x$fpl$dfix          fz_ws.l(dfix.o)
    0x1001401a   0x1001401a   0x0000002e   Code   RO         6300    x$fpl$dflt          fz_ws.l(dflt_clz.o)
    0x10014048   0x10014048   0x00000026   Code   RO         6299    x$fpl$dfltu         fz_ws.l(dflt_clz.o)
    0x1001406e   0x1001406e   0x00000002   PAD
    0x10014070   0x10014070   0x00000078   Code   RO         6309    x$fpl$dleqf         fz_ws.l(dleqf.o)
    0x100140e8   0x100140e8   0x00000154   Code   RO         6311    x$fpl$dmul          fz_ws.l(dmul.o)
    0x1001423c   0x1001423c   0x0000009c   Code   RO         6503    x$fpl$dnaninf       fz_ws.l(dnaninf.o)
    0x100142d8   0x100142d8   0x0000000c   Code   RO         6505    x$fpl$dretinf       fz_ws.l(dretinf.o)
    0x100142e4   0x100142e4   0x0000006c   Code   RO         6313    x$fpl$drleqf        fz_ws.l(drleqf.o)
    0x10014350   0x10014350   0x00000016   Code   RO         6280    x$fpl$drsb          fz_ws.l(daddsub_clz.o)
    0x10014366   0x10014366   0x00000002   PAD
    0x10014368   0x10014368   0x000001cc   Code   RO         6637    x$fpl$dsqrt         fz_ws.l(dsqrt_noumaal.o)
    0x10014534   0x10014534   0x000001d4   Code   RO         6281    x$fpl$dsub          fz_ws.l(daddsub_clz.o)
    0x10014708   0x10014708   0x00000064   Code   RO         6641    x$fpl$retnan        fz_ws.l(retnan.o)
    0x1001476c   0x1001476c   0x0000005c   Code   RO         6331    x$fpl$scalbn        fz_ws.l(scalbn.o)
    0x100147c8   0x100147c8   0x00000030   Code   RO         6713    x$fpl$trapveneer    fz_ws.l(trapv.o)
    0x100147f8   0x100147f8   0x00000000   Code   RO         6521    x$fpl$usenofp       fz_ws.l(usenofp.o)
    0x100147f8   0x100147f8   0x0000000c   Data   RO          227    .constdata          idea_cmd.o
    0x10014804   0x10014804   0x00000090   Data   RO          650    .constdata          dll.o
    0x10014894   0x10014894   0x00000010   Data   RO         1119    .constdata          lotterymanager.o
    0x100148a4   0x100148a4   0x00000008   Data   RO         1387    .constdata          startup_max3255x.o
    0x100148ac   0x100148ac   0x00000007   Data   RO         2962    .constdata          ideabase.lib(qs_json.o)
    0x100148b3   0x100148b3   0x00000400   Data   RO         3331    .constdata          ideabase.lib(qs_senv.o)
    0x10014cb3   0x10014cb3   0x00000120   Data   RO         3510    .constdata          ideabase.lib(idea_coder.o)
    0x10014dd3   0x10014dd3   0x00000001   PAD
    0x10014dd4   0x10014dd4   0x000000b4   Data   RO         3679    .constdata          ideabase.lib(idea_comm.o)
    0x10014e88   0x10014e88   0x00000200   Data   RO         4317    .constdata          ideabase.lib(qs_crc16.o)
    0x10015088   0x10015088   0x00000080   Data   RO         4554    .constdata          ideabase.lib(qs_base64.o)
    0x10015108   0x10015108   0x00000880   Data   RO         5409    .constdata          ideabase.lib(qs_des.o)
    0x10015988   0x10015988   0x00000020   Data   RO         6003    .constdata          ideabase.lib(enumerate.o)
    0x100159a8   0x100159a8   0x00000018   Data   RO         6023    .constdata          ideabase.lib(spi.o)
    0x100159c0   0x100159c0   0x00000028   Data   RO         6209    .constdata          c_wu.l(_printf_hex_int_ll_ptr.o)
    0x100159e8   0x100159e8   0x00000011   Data   RO         6229    .constdata          c_wu.l(__printf_flags_ss_wp.o)
    0x100159f9   0x100159f9   0x00000007   PAD
    0x10015a00   0x10015a00   0x00000088   Data   RO         6339    .constdata          m_ws.l(pow.o)
    0x10015a88   0x10015a88   0x00000008   Data   RO         6540    .constdata          m_ws.l(qnan.o)
    0x10015a90   0x10015a90   0x00000041   Data   RO         4555    .conststring        ideabase.lib(qs_base64.o)
    0x10015ad1   0x10015ad1   0x00000003   PAD
    0x10015ad4   0x10015ad4   0x00000007   Data   RO         4998    .conststring        ideabase.lib(driver_iflash.o)
    0x10015adb   0x10015adb   0x00000001   PAD
    0x10015adc   0x10015adc   0x00000018   Data   RO         5077    .conststring        ideabase.lib(driver_serial.o)
    0x10015af4   0x10015af4   0x00000004   Data   RO         5163    .conststring        ideabase.lib(driver_usb.o)
    0x10015af8   0x10015af8   0x00000007   Data   RO         5294    .conststring        ideabase.lib(driver_timer.o)
    0x10015aff   0x10015aff   0x00000001   PAD
    0x10015b00   0x10015b00   0x0000000f   Data   RO         5751    .conststring        ideabase.lib(driver_fram.o)
    0x10015b0f   0x10015b0f   0x00000001   PAD
    0x10015b10   0x10015b10   0x00000004   Data   RO         5824    .conststring        ideabase.lib(driver_led.o)
    0x10015b14   0x10015b14   0x00000020   Data   RO         6799    Region$$Table       anon$$obj.o
    0x10015b34   0x10015b34   0x00000110   Data   RO         6618    locale$$data        c_wu.l(lc_ctype_c.o)


    Execution Region RW_IRAM1 (Exec base: 0x20000000, Load base: 0x10015c44, Size: 0x0000f628, Max: 0x00018000, ABSOLUTE, COMPRESSED[0x000004fc])

    Exec Addr    Load Addr    Size         Type   Attr      Idx    E Section Name        Object

    0x20000000   COMPRESSED   0x00000044   Data   RW         5890    .bss                ideabase.lib(mml_tmr.o)
    0x20000044   COMPRESSED   0x0000004c   Data   RW         5924    .bss                ideabase.lib(mml_uart.o)
    0x20000090   COMPRESSED   0x0000001c   Data   RW         6056    .bss                ideabase.lib(mml_gpio.o)
    0x200000ac   COMPRESSED   0x0000001c   Data   RW         6077    .bss                ideabase.lib(mml_spi.o)
    0x200000c8   COMPRESSED   0x00000010   Data   RW          228    .data               idea_cmd.o
    0x200000d8   COMPRESSED   0x00000030   Data   RW          417    .data               cmd_fish.o
    0x20000108   COMPRESSED   0x00000030   Data   RW          418    .data               cmd_fish.o
    0x20000138   COMPRESSED   0x00000030   Data   RW          419    .data               cmd_fish.o
    0x20000168   COMPRESSED   0x0000001c   Data   RW          420    .data               cmd_fish.o
    0x20000184   COMPRESSED   0x00000064   Data   RW          421    .data               cmd_fish.o
    0x200001e8   COMPRESSED   0x00000064   Data   RW          422    .data               cmd_fish.o
    0x2000024c   COMPRESSED   0x00000064   Data   RW          423    .data               cmd_fish.o
    0x200002b0   COMPRESSED   0x00000010   Data   RW          602    .data               computerdata.o
    0x200002c0   COMPRESSED   0x00000020   Data   RW          603    .data               computerdata.o
    0x200002e0   COMPRESSED   0x00000006   Data   RW          651    .data               dll.o
    0x200002e6   COMPRESSED   0x00000006   Data   RW          652    .data               dll.o
    0x200002ec   COMPRESSED   0x00000006   Data   RW          653    .data               dll.o
    0x200002f2   COMPRESSED   0x00000002   PAD
    0x200002f4   COMPRESSED   0x00000010   Data   RW          654    .data               dll.o
    0x20000304   COMPRESSED   0x000001f4   Data   RW          818    .data               naturealg.o
    0x200004f8   COMPRESSED   0x000001f4   Data   RW          819    .data               naturealg.o
    0x200006ec   COMPRESSED   0x000001f4   Data   RW          820    .data               naturealg.o
    0x200008e0   COMPRESSED   0x000001f4   Data   RW          821    .data               naturealg.o
    0x20000ad4   COMPRESSED   0x00000020   Data   RW          822    .data               naturealg.o
    0x20000af4   COMPRESSED   0x00000005   Data   RW          823    .data               naturealg.o
    0x20000af9   COMPRESSED   0x00000005   Data   RW          824    .data               naturealg.o
    0x20000afe   COMPRESSED   0x00000005   Data   RW          825    .data               naturealg.o
    0x20000b03   COMPRESSED   0x00000005   Data   RW          826    .data               naturealg.o
    0x20000b08   COMPRESSED   0x000000f8   PAD
    0x20000c00   COMPRESSED   0x00000100   Data   RW         1386    .data               startup_max3255x.o
    0x20000d00   COMPRESSED   0x00000008   Data   RW         2508    .data               ideabase.lib(qs.o)
    0x20000d08   COMPRESSED   0x00000004   Data   RW         2737    .data               ideabase.lib(qs_database.o)
    0x20000d0c   COMPRESSED   0x00000008   Data   RW         2791    .data               ideabase.lib(qs_led.o)
    0x20000d14   COMPRESSED   0x0000000c   Data   RW         2963    .data               ideabase.lib(qs_json.o)
    0x20000d20   COMPRESSED   0x00000020   Data   RW         3270    .data               ideabase.lib(qs_system_senv.o)
    0x20000d40   COMPRESSED   0x00000008   Data   RW         3332    .data               ideabase.lib(qs_senv.o)
    0x20000d48   COMPRESSED   0x00000008   Data   RW         3431    .data               ideabase.lib(qs_senv_manager.o)
    0x20000d50   COMPRESSED   0x0000000c   Data   RW         3511    .data               ideabase.lib(idea_coder.o)
    0x20000d5c   COMPRESSED   0x00000010   Data   RW         3680    .data               ideabase.lib(idea_comm.o)
    0x20000d6c   COMPRESSED   0x00000008   Data   RW         3833    .data               ideabase.lib(idea_player.o)
    0x20000d74   COMPRESSED   0x0000000c   Data   RW         3959    .data               ideabase.lib(idea_pwd.o)
    0x20000d80   COMPRESSED   0x00000004   Data   RW         4015    .data               ideabase.lib(qs_platform.o)
    0x20000d84   COMPRESSED   0x00000004   Data   RW         4121    .data               ideabase.lib(qs_ae_rand.o)
    0x20000d88   COMPRESSED   0x00000004   Data   RW         4173    .data               ideabase.lib(qs_driver.o)
    0x20000d8c   COMPRESSED   0x00000004   Data   RW         4556    .data               ideabase.lib(qs_base64.o)
    0x20000d90   COMPRESSED   0x00000038   Data   RW         4999    .data               ideabase.lib(driver_iflash.o)
    0x20000dc8   COMPRESSED   0x00000120   Data   RW         5078    .data               ideabase.lib(driver_serial.o)
    0x20000ee8   COMPRESSED   0x000000a8   Data   RW         5164    .data               ideabase.lib(driver_usb.o)
    0x20000f90   COMPRESSED   0x00000030   Data   RW         5295    .data               ideabase.lib(driver_timer.o)
    0x20000fc0   COMPRESSED   0x0000006c   Data   RW         5752    .data               ideabase.lib(driver_fram.o)
    0x2000102c   COMPRESSED   0x00000020   Data   RW         5825    .data               ideabase.lib(driver_led.o)
    0x2000104c   COMPRESSED   0x00000004   Data   RW         5949    .data               ideabase.lib(usb_event.o)
    0x20001050   COMPRESSED   0x0000000a   Data   RW         6004    .data               ideabase.lib(enumerate.o)
    0x2000105a   COMPRESSED   0x00000002   PAD
    0x2000105c   COMPRESSED   0x00000004   Data   RW         6024    .data               ideabase.lib(spi.o)
    0x20001060        -       0x00000010   Zero   RW          226    .bss                idea_cmd.o
    0x20001070        -       0x00002348   Zero   RW          897    .bss                gamemanager.o
    0x200033b8        -       0x000000f0   Zero   RW         1118    .bss                lotterymanager.o
    0x200034a8        -       0x00000028   Zero   RW         2698    .bss                ideabase.lib(qs_task.o)
    0x200034d0        -       0x0000000c   Zero   RW         2736    .bss                ideabase.lib(qs_database.o)
    0x200034dc        -       0x00000060   Zero   RW         2790    .bss                ideabase.lib(qs_led.o)
    0x2000353c        -       0x00000018   Zero   RW         3509    .bss                ideabase.lib(idea_coder.o)
    0x20003554        -       0x000000a0   Zero   RW         3678    .bss                ideabase.lib(idea_comm.o)
    0x200035f4   COMPRESSED   0x00000004   PAD
    0x200035f8        -       0x000001d0   Zero   RW         3832    .bss                ideabase.lib(idea_player.o)
    0x200037c8        -       0x00000018   Zero   RW         3958    .bss                ideabase.lib(idea_pwd.o)
    0x200037e0        -       0x00000010   Zero   RW         4120    .bss                ideabase.lib(qs_ae_rand.o)
    0x200037f0        -       0x00000040   Zero   RW         4265    .bss                ideabase.lib(qs_mm.o)
    0x20003830        -       0x00001940   Zero   RW         5162    .bss                ideabase.lib(driver_usb.o)
    0x20005170        -       0x00000200   Zero   RW         5712    .bss                ideabase.lib(mml_sflc.o)
    0x20005370        -       0x00000048   Zero   RW         5948    .bss                ideabase.lib(usb_event.o)
    0x200053b8   COMPRESSED   0x00000048   PAD
    0x20005400        -       0x00000160   Zero   RW         5978    .bss                ideabase.lib(usb.o)
    0x20005560        -       0x00000068   Zero   RW         6002    .bss                ideabase.lib(enumerate.o)
    0x200055c8        -       0x00000060   Zero   RW         6556    .bss                c_wu.l(libspace.o)
    0x20005628        -       0x00008000   Zero   RW         1384    HEAP                startup_max3255x.o
    0x2000d628        -       0x00002000   Zero   RW         1383    STACK               startup_max3255x.o


==============================================================================

Image component sizes


      Code (inc. data)   RO Data    RW Data    ZI Data      Debug   Object Name

        24          4          0          0          0       9627   app.o
      1216         12          0        472          0      15684   cmd_fish.o
       448          0          0          0          0       6383   commonstruct.o
         0          0          0         48          0       2727   computerdata.o
      3278         58        144         34          0      17372   dll.o
         2          0          0          0          0        503   ga.o
        38          0          0          0          0       4699   gameconfig.o
       466         38          0          0       9032       7138   gamemanager.o
        64          0          0          0          0       1088   idea_app.o
      5678        198         12         16         16      18674   idea_cmd.o
         4          0          0          0          0        508   idea_qs.o
        40          0          0          0          0       1588   jrand.o
       516         20          0          0          0       9783   lottery.o
       460         18         16          0        240       4889   lotterymanager.o
        18          0          0          0          0        567   main.o
       144          6          0       2052          0       3853   naturealg.o
      4192       4138          8        256      40960       1232   startup_max3255x.o

    ----------------------------------------------------------------------
     16598       4492        212       3128      50248     106315   Object Totals
         0          0         32          0          0          0   (incl. Generated)
        10          0          0        250          0          0   (incl. Padding)

    ----------------------------------------------------------------------

      Code (inc. data)   RO Data    RW Data    ZI Data      Debug   Library Member Name

        44          6          0          0          0         84   __2sprintf.o
       100          0          0          0          0          0   __dclz77c.o
         8          0          0          0          0         68   __main.o
       392          4         17          0          0         92   __printf_flags_ss_wp.o
        14          0          0          0          0         68   __printf_wp.o
         0          0          0          0          0          0   __rtentry.o
        12          0          0          0          0          0   __rtentry2.o
         6          0          0          0          0          0   __rtentry4.o
        52          8          0          0          0          0   __scatter.o
        28          0          0          0          0          0   __scatter_zi.o
        48          6          0          0          0         96   _printf_char_common.o
         6          0          0          0          0          0   _printf_d.o
       120         16          0          0          0         92   _printf_dec.o
       148          4         40          0          0        160   _printf_hex_int_ll_ptr.o
       178          0          0          0          0         88   _printf_intcommon.o
        78          0          0          0          0        108   _printf_pad.o
         0          0          0          0          0          0   _printf_percent.o
         4          0          0          0          0          0   _printf_percent_end.o
         6          0          0          0          0          0   _printf_x.o
        22          0          0          0          0        100   _rserrno.o
        10          0          0          0          0         68   _sputc.o
        16          0          0          0          0         68   aeabi_memset.o
        10          0          0          0          0         68   defsig_exit.o
        50          0          0          0          0         88   defsig_general.o
        80         58          0          0          0         76   defsig_rtmem_inner.o
        14          0          0          0          0         80   defsig_rtmem_outer.o
        18          0          0          0          0         80   exit.o
        94          0          0          0          0         80   h1_alloc.o
        52          0          0          0          0         68   h1_extend.o
        78          0          0          0          0         80   h1_free.o
        14          0          0          0          0         84   h1_init.o
         6          0          0          0          0        152   heapauxi.o
         4          0          0          0          0        136   hguard.o
         0          0          0          0          0          0   indicate_semi.o
       138          0          0          0          0        168   init_alloc.o
        44         10        272          0          0         76   lc_ctype_c.o
         2          0          0          0          0          0   libinit.o
        28          0          0          0          0          0   libinit2.o
         2          0          0          0          0          0   libshutdown.o
         2          0          0          0          0          0   libshutdown2.o
         8          4          0          0         96         68   libspace.o
         0          0          0          0          0          0   maybetermalloc1.o
        16          4          0          0          0         76   rt_ctype_table.o
         8          4          0          0          0         68   rt_errno_addr_intlibspace.o
         8          4          0          0          0         68   rt_heap_descriptor_intlibspace.o
         8          4          0          0          0         68   rt_locale_intlibspace.o
        68          0          0          0          0         68   rt_memclr.o
        78          0          0          0          0         80   rt_memclr_w.o
       138          0          0          0          0         68   rt_memcpy_v6.o
       100          0          0          0          0         80   rt_memcpy_w.o
         2          0          0          0          0          0   rtexit.o
        10          0          0          0          0          0   rtexit2.o
        20          0          0          0          0         68   strchr.o
       128          0          0          0          0         68   strcmpv7m.o
        72          0          0          0          0         80   strcpy.o
        62          0          0          0          0         76   strlen.o
       150          0          0          0          0         80   strncmp.o
        12          4          0          0          0         68   sys_exit.o
        74          0          0          0          0         80   sys_stackheap_outer.o
        14          0          0          0          0         76   sys_wrch.o
        26          0          0          0          0         76   tolower.o
         2          0          0          0          0         68   use_no_semi.o
       826         16          0          0          0        348   daddsub_clz.o
        16          4          0          0          0         68   dcheck1.o
        24          0          0          0          0         68   dcmpi.o
       688        140          0          0          0        208   ddiv.o
       120          4          0          0          0         92   deqf.o
        94          4          0          0          0         92   dfix.o
        84          0          0          0          0        136   dflt_clz.o
       120          4          0          0          0         92   dleqf.o
       340         12          0          0          0        104   dmul.o
       156          4          0          0          0         92   dnaninf.o
        12          0          0          0          0         68   dretinf.o
       108          0          0          0          0         80   drleqf.o
       460         56          0          0          0        120   dsqrt_noumaal.o
       100          0          0          0          0         68   retnan.o
        92          0          0          0          0         68   scalbn.o
        48          0          0          0          0         68   trapv.o
         0          0          0          0          0          0   usenofp.o
       882         12         15        108          0      11880   driver_fram.o
       866         46          7         56          0      10885   driver_iflash.o
       172          6          4         32          0       2503   driver_led.o
       928         32         24        288          0      22385   driver_serial.o
       326         20          7         48          0      10543   driver_timer.o
       902        160          4        168       6464      17511   driver_usb.o
      1464         70         32         10        104       6886   enumerate.o
      1088         98        288         12         24      14175   idea_coder.o
      1800        142        180         16        160      11308   idea_comm.o
       890         96          0          8        464      10313   idea_player.o
       548         78          0         12         24       4250   idea_pwd.o
       332         18          0          0          0      22446   mml_gcr.o
      1608         44          0         28          0      16934   mml_gpio.o
       212         10          0          0          0       6153   mml_intc.o
      1452         76          0          0        512      11434   mml_sflc.o
      2640         76          0         28          0      21147   mml_spi.o
      1884        118          0         68          0      29740   mml_tmr.o
      1708         62          0         76          0      24644   mml_uart.o
       218         24          0          8          0      13549   qs.o
       208         20          0          4         16       3815   qs_ae_rand.o
        10          0          0          0          0        862   qs_algo.o
       612         16        193          4          0       3280   qs_base64.o
        30          0          0          0          0        872   qs_board.o
        58          4        512          0          0       1711   qs_crc16.o
       584         32          0          4         12       5064   qs_database.o
      9468        266       2176          0          0       9326   qs_des.o
       244          0          0          0          0       4350   qs_des_cbc.o
       100          0          0          0          0       1974   qs_des_ecb.o
       258         12          0          4          0       4898   qs_driver.o
       288          0          0          0          0       3473   qs_fifo.o
      5650        216          7         12          0      27768   qs_json.o
       656         78          0          8         96       5511   qs_led.o
       500          0          0          0          0       5806   qs_list.o
        44          0          0          0          0       1497   qs_mem.o
       994        116          0          0         64       5852   qs_mm.o
        54          0          0          0          0        940   qs_modules.o
      1856          0          0          0          0      13816   qs_nn.o
       376         22          0          4          0       5741   qs_platform.o
        40          0          0          0          0       1942   qs_rand.o
       940          0          0          0          0       4825   qs_rsa.o
      3046         70       1024          8          0      13929   qs_senv.o
       892         68          0          8          0       5943   qs_senv_manager.o
      5996         58          0          0          0       5302   qs_sha1.o
        30          0          0          0          0        894   qs_system.o
      2398        202          0         32          0       6423   qs_system_senv.o
       124         14          0          0         40       2092   qs_task.o
       264          0          0          0          0       2523   qs_utility.o
        86         10         24          4          0      14254   spi.o
      2100         52          0          0        352      17798   usb.o
       332          8          0          4         72       9151   usb_event.o
        62         10          0          0          0        340   dunder.o
        40          0          0          0          0         68   fpclassify.o
       170          0          0          0          0         96   poly.o
      2520        190        136          0          0        324   pow.o
         0          0          8          0          0          0   qnan.o
        76          0          0          0          0         84   sqrt.o

    ----------------------------------------------------------------------
     67330       3032       4984       1064       8576     466714   Library Totals
        84          0         14          2         76          0   (incl. Padding)

    ----------------------------------------------------------------------

      Code (inc. data)   RO Data    RW Data    ZI Data      Debug   Library Name

      2932        136        329          0         96       3712   c_wu.l
      3288        244          0          0          0       1772   fz_ws.l
     58158       2452       4497       1062       8404     460318   ideabase.lib
      2868        200        144          0          0        912   m_ws.l

    ----------------------------------------------------------------------
     67330       3032       4984       1064       8576     466714   Library Totals

    ----------------------------------------------------------------------

==============================================================================


      Code (inc. data)   RO Data    RW Data    ZI Data      Debug   

     83928       7524       5196       4192      58824     549781   Grand Totals
     83928       7524       5196       1276      58824     549781   ELF Image Totals (compressed)
     83928       7524       5196       1276          0          0   ROM Totals

==============================================================================

    Total RO  Size (Code + RO Data)                89124 (  87.04kB)
    Total RW  Size (RW Data + ZI Data)             63016 (  61.54kB)
    Total ROM Size (Code + RO Data + RW Data)      90400 (  88.28kB)

==============================================================================

