Component: ARM Compiler 5.06 update 7 (build 960) Tool: armlink [4d3601]

==============================================================================

Section Cross References

    app.o(i.app_init) refers to idea_qs.o(i.idea_task_connect) for idea_task_connect
    app.o(i.app_init) refers to idea_app.o(i.idea_app_init) for idea_app_init
    app.o(i.app_init) refers to app.o(i.task_0) for task_0
    app.o(i.task_0) refers to idea_app.o(i.idea_app_exec) for idea_app_exec
    idea_app.o(i.idea_app_close) refers to idea_cmd.o(i.idea_cmd_close) for idea_cmd_close
    idea_app.o(i.idea_app_exec) refers to idea_comm.o(i.idea_comm_exec) for idea_comm_exec
    idea_app.o(i.idea_app_exec) refers to idea_coder.o(i.idea_coder_exec) for idea_coder_exec
    idea_app.o(i.idea_app_exec) refers to idea_pwd.o(i.idea_pwd_exec) for idea_pwd_exec
    idea_app.o(i.idea_app_exec) refers to idea_player.o(i.idea_player_exec) for idea_player_exec
    idea_app.o(i.idea_app_exec) refers to idea_cmd.o(i.idea_cmd_exec) for idea_cmd_exec
    idea_app.o(i.idea_app_init) refers to idea_comm.o(i.idea_comm_init) for idea_comm_init
    idea_app.o(i.idea_app_init) refers to idea_coder.o(i.idea_coder_init) for idea_coder_init
    idea_app.o(i.idea_app_init) refers to idea_pwd.o(i.idea_pwd_init) for idea_pwd_init
    idea_app.o(i.idea_app_init) refers to idea_player.o(i.idea_player_init) for idea_player_init
    idea_app.o(i.idea_app_init) refers to idea_cmd.o(i.idea_cmd_init) for idea_cmd_init
    idea_cmd.o(i.SenvReadCallback) refers to qs_json.o(i.qs_json_GetObjectItem) for qs_json_GetObjectItem
    idea_cmd.o(i.SenvReadCallback) refers to qs_log.o(i.qs_log) for qs_log
    idea_cmd.o(i.SenvReadCallback) refers to qs_json.o(i.qs_json_GetArraySize) for qs_json_GetArraySize
    idea_cmd.o(i.SenvReadCallback) refers to rt_memclr_w.o(.text) for __aeabi_memclr4
    idea_cmd.o(i.SenvReadCallback) refers to cmd_fish.o(i.OutResult_Init) for OutResult_Init
    idea_cmd.o(i.SenvReadCallback) refers to qs_json.o(i.qs_json_GetArrayItem) for qs_json_GetArrayItem
    idea_cmd.o(i.SenvReadCallback) refers to idea_player.o(i.player_statistics) for player_statistics
    idea_cmd.o(i.SenvReadCallback) refers to cmd_fish.o(i.DebugControlMode_Init) for DebugControlMode_Init
    idea_cmd.o(i.SenvReadCallback) refers to qs_json.o(i.qs_json_DeleteItemFromObject) for qs_json_DeleteItemFromObject
    idea_cmd.o(i.SenvReadCallback) refers to qs_json.o(i.qs_json_CreateIntArray) for qs_json_CreateIntArray
    idea_cmd.o(i.SenvReadCallback) refers to qs_json.o(i.qs_json_AddItemToObject) for qs_json_AddItemToObject
    idea_cmd.o(i.SenvReadCallback) refers to dflt_clz.o(x$fpl$dflt) for __aeabi_i2d
    idea_cmd.o(i.SenvReadCallback) refers to dfix.o(x$fpl$dfix) for __aeabi_d2iz
    idea_cmd.o(i.SenvReadCallback) refers to gamemanager.o(i.GameManager_Init) for GameManager_Init
    idea_cmd.o(i.SenvReadCallback) refers to lotterymanager.o(i.LotteryManager_Init) for LotteryManager_Init
    idea_cmd.o(i.SenvReadCallback) refers to lotterymanager.o(i.LotteryManager_SetBaseValue) for LotteryManager_SetBaseValue
    idea_cmd.o(i.SenvReadCallback) refers to gameconfig.o(i.GameConfig_Init) for GameConfig_Init
    idea_cmd.o(i.SenvReadCallback) refers to gamemanager.o(i.GameManager_RegisterGame) for GameManager_RegisterGame
    idea_cmd.o(i.SenvReadCallback) refers to gamemanager.o(i.GameManager_GetInstance) for GameManager_GetInstance
    idea_cmd.o(i.SenvReadCallback) refers to gameconfig.o(i.GameConfig_Copy) for GameConfig_Copy
    idea_cmd.o(i.SenvReadCallback) refers to qs_senv_manager.o(i.qs_senv_manager_write) for qs_senv_manager_write
    idea_cmd.o(i.SenvReadCallback) refers to idea_cmd.o(.data) for .data
    idea_cmd.o(i.SenvReadCallback) refers to dll.o(.data) for g_CurrentGameInstance
    idea_cmd.o(i.SenvReadCallback) refers to idea_cmd.o(.constdata) for .constdata
    idea_cmd.o(i.SenvReadCallback) refers to computerdata.o(.data) for JPWeight
    idea_cmd.o(i.SenvReadCallback) refers to lotterymanager.o(.bss) for gLotteryManager
    idea_cmd.o(i.SenvReadCallback) refers to idea_comm.o(i.comm_data_get) for comm_data_get
    idea_cmd.o(i.SenvReadCallback) refers to idea_pwd.o(i.pwd_type) for pwd_type
    idea_cmd.o(i.SenvReadCallback) refers to idea_comm.o(i.comm_data_set) for comm_data_set
    idea_cmd.o(i.SenvReadCallback) refers to idea_pwd.o(i.pwd_check) for pwd_check
    idea_cmd.o(i.SenvReadCallback) refers to idea_pwd.o(i.pwd_set) for pwd_set
    idea_cmd.o(i.SenvReadCallback) refers to idea_player.o(i.player_total_bets_wins) for player_total_bets_wins
    idea_cmd.o(i.SenvReadCallback) refers to idea_coder.o(i.idea_coder_request) for idea_coder_request
    idea_cmd.o(i.SenvReadCallback) refers to idea_coder.o(i.idea_coder_remain_minute) for idea_coder_remain_minute
    idea_cmd.o(i.SenvReadCallback) refers to idea_coder.o(i.idea_coder_decode) for idea_coder_decode
    idea_cmd.o(i.SenvReadCallback) refers to idea_cmd.o(i.idea_decode_proc) for idea_decode_proc
[...]
    qs_sha1                                  0x10011461   Thumb Code    38  qs_sha1.o(i.qs_sha1)
    qs_sn                                    0x10012bcd   Thumb Code    16  qs.o(i.qs_sn)
    qs_start                                 0x10012bdd   Thumb Code    12  qs.o(i.qs_start)
    qs_system_exec                           0x10012bed   Thumb Code    18  qs_system.o(i.qs_system_exec)
    qs_system_init                           0x10012bff   Thumb Code    12  qs_system.o(i.qs_system_init)
    qs_system_senv_exec                      0x10013311   Thumb Code    70  qs_system_senv.o(i.qs_system_senv_exec)
    qs_system_senv_init                      0x10013365   Thumb Code    96  qs_system_senv.o(i.qs_system_senv_init)
    qs_system_senv_setup                     0x10013421   Thumb Code    12  qs_system_senv.o(i.qs_system_senv_setup)
    qs_task_connect                          0x1001356d   Thumb Code    62  qs_task.o(i.qs_task_connect)
    qs_task_exec                             0x100135b1   Thumb Code    36  qs_task.o(i.qs_task_exec)
    qs_task_init                             0x100135d9   Thumb Code    12  qs_task.o(i.qs_task_init)
    qs_utility_init                          0x100135e9   Thumb Code     8  qs_utility.o(i.qs_utility_init)
    spi_init                                 0x10013af5   Thumb Code    54  spi.o(i.spi_init)
    spi_transmit                             0x10013b35   Thumb Code    22  spi.o(i.spi_transmit)
    sqrt                                     0x10013b4b   Thumb Code    76  sqrt.o(i.sqrt)
    usb_bulk_configure                       0x10013e55   Thumb Code   108  driver_usb.o(i.usb_bulk_configure)
    usb_bulk_deconfigure                     0x10013edd   Thumb Code    20  driver_usb.o(i.usb_bulk_deconfigure)
    _get_lc_ctype                            0x100141c9   Thumb Code    44  lc_ctype_c.o(locale$$code)
    __aeabi_dadd                             0x100141f5   Thumb Code     0  daddsub_clz.o(x$fpl$dadd)
    _dadd                                    0x100141f5   Thumb Code   332  daddsub_clz.o(x$fpl$dadd)
    __fpl_dcheck_NaN1                        0x10014345   Thumb Code    10  dcheck1.o(x$fpl$dcheck1)
    __fpl_dcmp_Inf                           0x10014355   Thumb Code    24  dcmpi.o(x$fpl$dcmpinf)
    __aeabi_ddiv                             0x1001436d   Thumb Code     0  ddiv.o(x$fpl$ddiv)
    _ddiv                                    0x1001436d   Thumb Code   552  ddiv.o(x$fpl$ddiv)
    __aeabi_cdcmpeq                          0x1001461d   Thumb Code     0  deqf.o(x$fpl$deqf)
    _dcmpeq                                  0x1001461d   Thumb Code   120  deqf.o(x$fpl$deqf)
    __aeabi_d2iz                             0x10014695   Thumb Code     0  dfix.o(x$fpl$dfix)
    _dfix                                    0x10014695   Thumb Code    94  dfix.o(x$fpl$dfix)
    __aeabi_i2d                              0x100146f3   Thumb Code     0  dflt_clz.o(x$fpl$dflt)
    _dflt                                    0x100146f3   Thumb Code    46  dflt_clz.o(x$fpl$dflt)
    __aeabi_ui2d                             0x10014721   Thumb Code     0  dflt_clz.o(x$fpl$dfltu)
    _dfltu                                   0x10014721   Thumb Code    38  dflt_clz.o(x$fpl$dfltu)
    __aeabi_cdcmple                          0x10014749   Thumb Code     0  dleqf.o(x$fpl$dleqf)
    _dcmple                                  0x10014749   Thumb Code   120  dleqf.o(x$fpl$dleqf)
    __fpl_dcmple_InfNaN                      0x100147ab   Thumb Code     0  dleqf.o(x$fpl$dleqf)
    __aeabi_dmul                             0x100147c1   Thumb Code     0  dmul.o(x$fpl$dmul)
    _dmul                                    0x100147c1   Thumb Code   332  dmul.o(x$fpl$dmul)
    __fpl_dnaninf                            0x10014915   Thumb Code   156  dnaninf.o(x$fpl$dnaninf)
    __fpl_dretinf                            0x100149b1   Thumb Code    12  dretinf.o(x$fpl$dretinf)
    __aeabi_cdrcmple                         0x100149bd   Thumb Code     0  drleqf.o(x$fpl$drleqf)
    _drcmple                                 0x100149bd   Thumb Code   108  drleqf.o(x$fpl$drleqf)
    __aeabi_drsub                            0x10014a29   Thumb Code     0  daddsub_clz.o(x$fpl$drsb)
    _drsb                                    0x10014a29   Thumb Code    22  daddsub_clz.o(x$fpl$drsb)
    _dsqrt                                   0x10014a41   Thumb Code   456  dsqrt_noumaal.o(x$fpl$dsqrt)
    __aeabi_dsub                             0x10014c0d   Thumb Code     0  daddsub_clz.o(x$fpl$dsub)
    _dsub                                    0x10014c0d   Thumb Code   464  daddsub_clz.o(x$fpl$dsub)
    __fpl_return_NaN                         0x10014de1   Thumb Code   100  retnan.o(x$fpl$retnan)
    __ARM_scalbn                             0x10014e45   Thumb Code    92  scalbn.o(x$fpl$scalbn)
    __fpl_cmpreturn                          0x10014ea1   Thumb Code    48  trapv.o(x$fpl$trapveneer)
    __I$use$fp                               0x10014ed0   Number         0  usenofp.o(x$fpl$usenofp)
    Part_Number                              0x10014f7c   Data           4  startup_max3255x.o(.constdata)
    Clock_Speed                              0x10014f80   Data           4  startup_max3255x.o(.constdata)
    __mathlib_zero                           0x10016180   Data           8  qnan.o(.constdata)
    Region$$Table$$Base                      0x1001620c   Number         0  anon$$obj.o(Region$$Table)
    Region$$Table$$Limit                     0x1001622c   Number         0  anon$$obj.o(Region$$Table)
    __ctype                                  0x10016239   Data           0  lc_ctype_c.o(locale$$data)
    tmr_context                              0x20000000   Data          68  mml_tmr.o(.bss)
    uart_context                             0x20000044   Data          76  mml_uart.o(.bss)
    gpio_context                             0x20000090   Data          28  mml_gpio.o(.bss)
    spi_context                              0x200000ac   Data          28  mml_spi.o(.bss)
    giveTime                                 0x200000c8   Data           4  idea_cmd.o(.data)
    gDebugControlMode                        0x20000168   Data           4  cmd_fish.o(.data)
    JPWeight                                 0x200002b0   Data          16  computerdata.o(.data)
    JPDrawRateUnit                           0x200002c0   Data          32  computerdata.o(.data)
    g_CurrentGameInstance                    0x200002f4   Data           4  dll.o(.data)
    __Vectors                                0x20000c00   Data           4  startup_max3255x.o(.data)
    device_descriptor                        0x20000eec   Data          18  driver_usb.o(.data)
    config_descriptor                        0x20000f00   Data          32  driver_usb.o(.data)
    lang_id_desc                             0x20000f20   Data           4  driver_usb.o(.data)
    mfg_id_desc                              0x20000f24   Data          20  driver_usb.o(.data)
    prod_id_desc                             0x20000f38   Data          10  driver_usb.o(.data)
    serial_id_desc                           0x20000f44   Data          24  driver_usb.o(.data)
    g_GameManager                            0x20001078   Data        9032  gamemanager.o(.bss)
    gLotteryManager                          0x200033c0   Data         264  lotterymanager.o(.bss)
    mml_sflc_buffer                          0x20005190   Data         512  mml_sflc.o(.bss)
    ep_buffer_descriptor                     0x20005400   Data         272  usb.o(.bss)
    enum_desc_table                          0x200055a8   Data          32  enumerate.o(.bss)
    __libspace_start                         0x200055c8   Data          96  libspace.o(.bss)
    __temporary_stack_top$libspace           0x20005628   Data           0  libspace.o(.bss)



==============================================================================

Memory Map of the image

  Image Entry point : 0x10000029

  Load Region LR_IROM1 (Base: 0x10000020, Size: 0x00017380, Max: 0x0007ffe0, ABSOLUTE, COMPRESSED[0x0001681c])

    Execution Region ER_IROM1 (Exec base: 0x10000020, Load base: 0x10000020, Size: 0x0001631c, Max: 0x0007ffe0, ABSOLUTE)

    Exec Addr    Load Addr    Size         Type   Attr      Idx    E Section Name        Object

    0x10000020   0x10000020   0x00000008   Code   RO         1373    RESET               startup_max3255x.o
    0x10000028   0x10000028   0x00000008   Code   RO         6269  * !!!main             c_wu.l(__main.o)
    0x10000030   0x10000030   0x00000034   Code   RO         6795    !!!scatter          c_wu.l(__scatter.o)
    0x10000064   0x10000064   0x00000064   Code   RO         6793    !!dclz77c           c_wu.l(__dclz77c.o)
    0x100000c8   0x100000c8   0x0000001c   Code   RO         6797    !!handler_zi        c_wu.l(__scatter_zi.o)
    0x100000e4   0x100000e4   0x00000000   Code   RO         6229    .ARM.Collect$$_printf_percent$$00000000  c_wu.l(_printf_percent.o)
    0x100000e4   0x100000e4   0x00000006   Code   RO         6227    .ARM.Collect$$_printf_percent$$00000009  c_wu.l(_printf_d.o)
    0x100000ea   0x100000ea   0x00000006   Code   RO         6226    .ARM.Collect$$_printf_percent$$0000000C  c_wu.l(_printf_x.o)
    0x100000f0   0x100000f0   0x00000004   Code   RO         6411    .ARM.Collect$$_printf_percent$$00000017  c_wu.l(_printf_percent_end.o)
    0x100000f4   0x100000f4   0x00000002   Code   RO         6692    .ARM.Collect$$libinit$$00000000  c_wu.l(libinit.o)
    0x100000f6   0x100000f6   0x00000000   Code   RO         6447    .ARM.Collect$$libinit$$00000002  c_wu.l(libinit2.o)
    0x100000f6   0x100000f6   0x00000000   Code   RO         6449    .ARM.Collect$$libinit$$00000004  c_wu.l(libinit2.o)
    0x100000f6   0x100000f6   0x00000008   Code   RO         6450    .ARM.Collect$$libinit$$00000005  c_wu.l(libinit2.o)
    0x100000fe   0x100000fe   0x00000000   Code   RO         6452    .ARM.Collect$$libinit$$0000000A  c_wu.l(libinit2.o)
    0x100000fe   0x100000fe   0x00000000   Code   RO         6454    .ARM.Collect$$libinit$$0000000C  c_wu.l(libinit2.o)
    0x100000fe   0x100000fe   0x00000000   Code   RO         6456    .ARM.Collect$$libinit$$0000000E  c_wu.l(libinit2.o)
    0x100000fe   0x100000fe   0x00000006   Code   RO         6457    .ARM.Collect$$libinit$$0000000F  c_wu.l(libinit2.o)
    0x10000104   0x10000104   0x00000000   Code   RO         6459    .ARM.Collect$$libinit$$00000011  c_wu.l(libinit2.o)
    0x10000104   0x10000104   0x0000000c   Code   RO         6460    .ARM.Collect$$libinit$$00000012  c_wu.l(libinit2.o)
    0x10000110   0x10000110   0x00000000   Code   RO         6461    .ARM.Collect$$libinit$$00000013  c_wu.l(libinit2.o)
    0x10000110   0x10000110   0x00000000   Code   RO         6463    .ARM.Collect$$libinit$$00000015  c_wu.l(libinit2.o)
    0x10000110   0x10000110   0x00000000   Code   RO         6465    .ARM.Collect$$libinit$$00000017  c_wu.l(libinit2.o)
    0x10000110   0x10000110   0x00000000   Code   RO         6467    .ARM.Collect$$libinit$$00000019  c_wu.l(libinit2.o)
    0x10000110   0x10000110   0x00000000   Code   RO         6469    .ARM.Collect$$libinit$$0000001B  c_wu.l(libinit2.o)
    0x10000110   0x10000110   0x00000000   Code   RO         6471    .ARM.Collect$$libinit$$0000001D  c_wu.l(libinit2.o)
    0x10000110   0x10000110   0x00000000   Code   RO         6473    .ARM.Collect$$libinit$$0000001F  c_wu.l(libinit2.o)
    0x10000110   0x10000110   0x00000000   Code   RO         6475    .ARM.Collect$$libinit$$00000021  c_wu.l(libinit2.o)
    0x10000110   0x10000110   0x00000000   Code   RO         6477    .ARM.Collect$$libinit$$00000023  c_wu.l(libinit2.o)
    0x10000110   0x10000110   0x00000000   Code   RO         6479    .ARM.Collect$$libinit$$00000025  c_wu.l(libinit2.o)
    0x10000110   0x10000110   0x00000000   Code   RO         6483    .ARM.Collect$$libinit$$0000002C  c_wu.l(libinit2.o)
    0x10000110   0x10000110   0x00000000   Code   RO         6485    .ARM.Collect$$libinit$$0000002E  c_wu.l(libinit2.o)
    0x10000110   0x10000110   0x00000000   Code   RO         6487    .ARM.Collect$$libinit$$00000030  c_wu.l(libinit2.o)
    0x10000110   0x10000110   0x00000000   Code   RO         6489    .ARM.Collect$$libinit$$00000032  c_wu.l(libinit2.o)
    0x10000110   0x10000110   0x00000002   Code   RO         6490    .ARM.Collect$$libinit$$00000033  c_wu.l(libinit2.o)
    0x10000112   0x10000112   0x00000002   Code   RO         6790    .ARM.Collect$$libshutdown$$00000000  c_wu.l(libshutdown.o)
    0x10000114   0x10000114   0x00000000   Code   RO         6730    .ARM.Collect$$libshutdown$$00000002  c_wu.l(libshutdown2.o)
    0x10000114   0x10000114   0x00000000   Code   RO         6732    .ARM.Collect$$libshutdown$$00000004  c_wu.l(libshutdown2.o)
    0x10000114   0x10000114   0x00000000   Code   RO         6734    .ARM.Collect$$libshutdown$$00000006  c_wu.l(libshutdown2.o)
    0x10000114   0x10000114   0x00000000   Code   RO         6737    .ARM.Collect$$libshutdown$$00000009  c_wu.l(libshutdown2.o)
    0x10000114   0x10000114   0x00000000   Code   RO         6740    .ARM.Collect$$libshutdown$$0000000C  c_wu.l(libshutdown2.o)
    0x10000114   0x10000114   0x00000000   Code   RO         6742    .ARM.Collect$$libshutdown$$0000000E  c_wu.l(libshutdown2.o)
    0x10000114   0x10000114   0x00000000   Code   RO         6745    .ARM.Collect$$libshutdown$$00000011  c_wu.l(libshutdown2.o)
    0x10000114   0x10000114   0x00000002   Code   RO         6746    .ARM.Collect$$libshutdown$$00000012  c_wu.l(libshutdown2.o)
    0x10000116   0x10000116   0x00000000   Code   RO         6345    .ARM.Collect$$rtentry$$00000000  c_wu.l(__rtentry.o)
    0x10000116   0x10000116   0x00000000   Code   RO         6551    .ARM.Collect$$rtentry$$00000002  c_wu.l(__rtentry2.o)
    0x10000116   0x10000116   0x00000006   Code   RO         6563    .ARM.Collect$$rtentry$$00000004  c_wu.l(__rtentry4.o)
    0x1000011c   0x1000011c   0x00000000   Code   RO         6553    .ARM.Collect$$rtentry$$00000009  c_wu.l(__rtentry2.o)
    0x1000011c   0x1000011c   0x00000004   Code   RO         6554    .ARM.Collect$$rtentry$$0000000A  c_wu.l(__rtentry2.o)
    0x10000120   0x10000120   0x00000000   Code   RO         6556    .ARM.Collect$$rtentry$$0000000C  c_wu.l(__rtentry2.o)
    0x10000120   0x10000120   0x00000008   Code   RO         6557    .ARM.Collect$$rtentry$$0000000D  c_wu.l(__rtentry2.o)
    0x10000128   0x10000128   0x00000002   Code   RO         6713    .ARM.Collect$$rtexit$$00000000  c_wu.l(rtexit.o)
    0x1000012a   0x1000012a   0x00000000   Code   RO         6754    .ARM.Collect$$rtexit$$00000002  c_wu.l(rtexit2.o)
    0x1000012a   0x1000012a   0x00000004   Code   RO         6755    .ARM.Collect$$rtexit$$00000003  c_wu.l(rtexit2.o)
    0x1000012e   0x1000012e   0x00000006   Code   RO         6756    .ARM.Collect$$rtexit$$00000004  c_wu.l(rtexit2.o)
    0x10000134   0x10000134   0x00000000   Code   RO         6579    .emb_text           c_wu.l(maybetermalloc1.o)
    0x10000134   0x10000134   0x0000000c   PAD
    0x10000140   0x10000140   0x00001058   Code   RO         1376    .text               startup_max3255x.o
    0x10001198   0x10001198   0x0000014c   Code   RO         5671    .text               ideabase.lib(mml_gcr.o)
    0x100012e4   0x100012e4   0x000005ac   Code   RO         5705    .text               ideabase.lib(mml_sflc.o)
    0x10001890   0x10001890   0x000000d4   Code   RO         5858    .text               ideabase.lib(mml_intc.o)
    0x10001964   0x10001964   0x0000075c   Code   RO         5883    .text               ideabase.lib(mml_tmr.o)
    0x100020c0   0x100020c0   0x000006ac   Code   RO         5917    .text               ideabase.lib(mml_uart.o)
    0x1000276c   0x1000276c   0x0000014c   Code   RO         5941    .text               ideabase.lib(usb_event.o)
    0x100028b8   0x100028b8   0x00000834   Code   RO         5971    .text               ideabase.lib(usb.o)
    0x100030ec   0x100030ec   0x000005b8   Code   RO         5995    .text               ideabase.lib(enumerate.o)
    0x100036a4   0x100036a4   0x00000648   Code   RO         6049    .text               ideabase.lib(mml_gpio.o)
    0x10003cec   0x10003cec   0x00000a50   Code   RO         6070    .text               ideabase.lib(mml_spi.o)
    0x1000473c   0x1000473c   0x0000005e   Code   RO         6102    .text               c_wu.l(h1_alloc.o)
    0x1000479a   0x1000479a   0x0000004e   Code   RO         6104    .text               c_wu.l(h1_free.o)
    0x100047e8   0x100047e8   0x000000ee   Code   RO         6164    .text               c_wu.l(lludivv7m.o)
    0x100048d6   0x100048d6   0x0000001a   Code   RO         6166    .text               c_wu.l(tolower.o)
    0x100048f0   0x100048f0   0x0000002c   Code   RO         6170    .text               c_wu.l(__2sprintf.o)
    0x1000491c   0x1000491c   0x0000004e   Code   RO         6176    .text               c_wu.l(_printf_pad.o)
    0x1000496a   0x1000496a   0x00000002   PAD
    0x1000496c   0x1000496c   0x00000078   Code   RO         6180    .text               c_wu.l(_printf_dec.o)
    0x100049e4   0x100049e4   0x00000094   Code   RO         6202    .text               c_wu.l(_printf_hex_int_ll_ptr.o)
    0x10004a78   0x10004a78   0x00000188   Code   RO         6222    .text               c_wu.l(__printf_flags_ss_wp.o)
    0x10004c00   0x10004c00   0x00000014   Code   RO         6237    .text               c_wu.l(strchr.o)
    0x10004c14   0x10004c14   0x00000048   Code   RO         6239    .text               c_wu.l(strcpy.o)
    0x10004c5c   0x10004c5c   0x0000003e   Code   RO         6243    .text               c_wu.l(strlen.o)
    0x10004c9a   0x10004c9a   0x00000096   Code   RO         6245    .text               c_wu.l(strncmp.o)
    0x10004d30   0x10004d30   0x0000008a   Code   RO         6249    .text               c_wu.l(rt_memcpy_v6.o)
    0x10004dba   0x10004dba   0x00000064   Code   RO         6253    .text               c_wu.l(rt_memcpy_w.o)
    0x10004e1e   0x10004e1e   0x00000010   Code   RO         6259    .text               c_wu.l(aeabi_memset.o)
    0x10004e2e   0x10004e2e   0x00000044   Code   RO         6261    .text               c_wu.l(rt_memclr.o)
    0x10004e72   0x10004e72   0x0000004e   Code   RO         6263    .text               c_wu.l(rt_memclr_w.o)
    0x10004ec0   0x10004ec0   0x00000080   Code   RO         6265    .text               c_wu.l(strcmpv7m.o)
    0x10004f40   0x10004f40   0x00000006   Code   RO         6267    .text               c_wu.l(heapauxi.o)
    0x10004f46   0x10004f46   0x00000002   PAD
    0x10004f48   0x10004f48   0x00000010   Code   RO         6346    .text               c_wu.l(rt_ctype_table.o)
    0x10004f58   0x10004f58   0x00000008   Code   RO         6355    .text               c_wu.l(rt_heap_descriptor_intlibspace.o)
    0x10004f60   0x10004f60   0x00000004   Code   RO         6357    .text               c_wu.l(hguard.o)
    0x10004f64   0x10004f64   0x0000008a   Code   RO         6359    .text               c_wu.l(init_alloc.o)
    0x10004fee   0x10004fee   0x0000000e   Code   RO         6363    .text               c_wu.l(h1_init.o)
    0x10004ffc   0x10004ffc   0x00000016   Code   RO         6379    .text               c_wu.l(_rserrno.o)
    0x10005012   0x10005012   0x000000b2   Code   RO         6383    .text               c_wu.l(_printf_intcommon.o)
    0x100050c4   0x100050c4   0x00000030   Code   RO         6387    .text               c_wu.l(_printf_char_common.o)
    0x100050f4   0x100050f4   0x0000000a   Code   RO         6389    .text               c_wu.l(_sputc.o)
    0x100050fe   0x100050fe   0x0000000e   Code   RO         6541    .text               c_wu.l(sys_wrch.o)
    0x1000510c   0x1000510c   0x0000000c   Code   RO         6545    .text               c_wu.l(sys_exit.o)
    0x10005118   0x10005118   0x00000008   Code   RO         6547    .text               c_wu.l(libspace.o)
    0x10005120   0x10005120   0x00000008   Code   RO         6570    .text               c_wu.l(rt_locale_intlibspace.o)
    0x10005128   0x10005128   0x00000008   Code   RO         6575    .text               c_wu.l(rt_errno_addr_intlibspace.o)
    0x10005130   0x10005130   0x00000034   Code   RO         6581    .text               c_wu.l(h1_extend.o)
    0x10005164   0x10005164   0x0000000e   Code   RO         6620    .text               c_wu.l(defsig_rtmem_outer.o)
    0x10005172   0x10005172   0x00000002   Code   RO         6635    .text               c_wu.l(use_no_semi.o)
    0x10005174   0x10005174   0x00000000   Code   RO         6637    .text               c_wu.l(indicate_semi.o)
    0x10005174   0x10005174   0x0000004a   Code   RO         6638    .text               c_wu.l(sys_stackheap_outer.o)
    0x100051be   0x100051be   0x00000012   Code   RO         6671    .text               c_wu.l(exit.o)
    0x100051d0   0x100051d0   0x0000000a   Code   RO         6673    .text               c_wu.l(defsig_exit.o)
    0x100051da   0x100051da   0x00000002   PAD
    0x100051dc   0x100051dc   0x00000050   Code   RO         6681    .text               c_wu.l(defsig_rtmem_inner.o)
    0x1000522c   0x1000522c   0x00000032   Code   RO         6725    .text               c_wu.l(defsig_general.o)
    0x1000525e   0x1000525e   0x00000090   Code   RO          624    i.ApplyMatrixToOutResByRound  dll.o
    0x100052ee   0x100052ee   0x00000050   Code   RO          625    i.ApplyMatrixToOutResForFree  dll.o
    0x1000533e   0x1000533e   0x0000001c   Code   RO          399    i.CheckOnLineResult_Init  cmd_fish.o
    0x1000535a   0x1000535a   0x00000002   PAD
    0x1000535c   0x1000535c   0x0000001c   Code   RO          632    i.DLL_GameSwitch    dll.o
    0x10005378   0x10005378   0x00000102   Code   RO          637    i.DLL_GetGameResultById  dll.o
    0x1000547a   0x1000547a   0x00000002   PAD
    0x1000547c   0x1000547c   0x00000018   Code   RO          400    i.DLL_SetControlDebugMode  cmd_fish.o
    0x10005494   0x10005494   0x0000000c   Code   RO          401    i.DebugControlMode_Init  cmd_fish.o
    0x100054a0   0x100054a0   0x0000001e   Code   RO          545    i.FreeGameInfo_t_Init  commonstruct.o
    0x100054be   0x100054be   0x00000014   Code   RO          546    i.FreeGameInfo_t_Reset  commonstruct.o
    0x100054d2   0x100054d2   0x0000001a   Code   RO          843    i.GameConfig_Copy   gameconfig.o
    0x100054ec   0x100054ec   0x0000000c   Code   RO          844    i.GameConfig_Init   gameconfig.o
    0x100054f8   0x100054f8   0x0000004c   Code   RO          874    i.GameManager_FindGameByName  gamemanager.o
    0x10005544   0x10005544   0x00000010   Code   RO          876    i.GameManager_GetCurrentInstance  gamemanager.o
    0x10005554   0x10005554   0x00000048   Code   RO          877    i.GameManager_GetInstance  gamemanager.o
    0x1000559c   0x1000559c   0x00000020   Code   RO          879    i.GameManager_Init  gamemanager.o
    0x100055bc   0x100055bc   0x00000032   Code   RO          880    i.GameManager_InitInstance  gamemanager.o
    0x100055ee   0x100055ee   0x00000002   PAD
    0x100055f0   0x100055f0   0x00000070   Code   RO          881    i.GameManager_RegisterGame  gamemanager.o
    0x10005660   0x10005660   0x00000038   Code   RO          882    i.GameManager_SwitchGame  gamemanager.o
    0x10005698   0x10005698   0x0000054c   Code   RO          642    i.GenerateARoundWithBonusWinById  dll.o
    0x10005be4   0x10005be4   0x00000308   Code   RO          643    i.GenerateARoundWithFreeWinById  dll.o
    0x10005eec   0x10005eec   0x00000264   Code   RO          645    i.GetNormalResult   dll.o
    0x10006150   0x10006150   0x0000000e   Code   RO         2339    i.JRand             jrand.o
    0x1000615e   0x1000615e   0x0000001a   Code   RO         2341    i.JRandFrom         jrand.o
    0x10006178   0x10006178   0x00000078   Code   RO         1100    i.LotteryManager_Init  lotterymanager.o
    0x100061f0   0x100061f0   0x00000032   Code   RO         1101    i.LotteryManager_OnPlay  lotterymanager.o
    0x10006222   0x10006222   0x00000038   Code   RO         1102    i.LotteryManager_SetBaseValue  lotterymanager.o
    0x1000625a   0x1000625a   0x000000ee   Code   RO         1104    i.LotteryManager_TryGetLottery  lotterymanager.o
    0x10006348   0x10006348   0x00000020   Code   RO          966    i.Lottery_CheckGet  lottery.o
    0x10006368   0x10006368   0x00000004   Code   RO          968    i.Lottery_GetLotteryPool  lottery.o
    0x1000636c   0x1000636c   0x00000004   Code   RO          970    i.Lottery_GetShowValue  lottery.o
    0x10006370   0x10006370   0x00000004   Code   RO          971    i.Lottery_GetThresh  lottery.o
    0x10006374   0x10006374   0x00000018   Code   RO          974    i.Lottery_Init      lottery.o
    0x1000638c   0x1000638c   0x000000a0   Code   RO          975    i.Lottery_OnPlay    lottery.o
    0x1000642c   0x1000642c   0x000000bc   Code   RO          976    i.Lottery_SetBaseValue  lottery.o
    0x100064e8   0x100064e8   0x0000009c   Code   RO          978    i.Lottery_TryGet    lottery.o
    0x10006584   0x10006584   0x00000200   Code   RO          406    i.Matrix_u_checkOnLine  cmd_fish.o
    0x10006784   0x10006784   0x00000148   Code   RO          407    i.Matrix_u_computerMatrixById  cmd_fish.o
    0x100068cc   0x100068cc   0x0000001c   Code   RO          408    i.Matrix_u_copy     cmd_fish.o
    0x100068e8   0x100068e8   0x0000000e   Code   RO          409    i.Matrix_u_getIntData  cmd_fish.o
    0x100068f6   0x100068f6   0x0000001e   Code   RO          410    i.Matrix_u_getTypeNum  cmd_fish.o
    0x10006914   0x10006914   0x0000001a   Code   RO          411    i.Matrix_u_insertCol  cmd_fish.o
    0x1000692e   0x1000692e   0x00000014   Code   RO          412    i.Matrix_u_reset    cmd_fish.o
    0x10006942   0x10006942   0x00000036   Code   RO         5504    i.NN_Add            ideabase.lib(qs_nn.o)
    0x10006978   0x10006978   0x00000010   Code   RO         5505    i.NN_Assign         ideabase.lib(qs_nn.o)
    0x10006988   0x10006988   0x00000010   Code   RO         5507    i.NN_AssignZero     ideabase.lib(qs_nn.o)
    0x10006998   0x10006998   0x00000034   Code   RO         5509    i.NN_Cmp            ideabase.lib(qs_nn.o)
    0x100069cc   0x100069cc   0x0000004c   Code   RO         5510    i.NN_Decode         ideabase.lib(qs_nn.o)
    0x10006a18   0x10006a18   0x00000016   Code   RO         5511    i.NN_DigitBits      ideabase.lib(qs_nn.o)
    0x10006a2e   0x10006a2e   0x00000022   Code   RO         5512    i.NN_Digits         ideabase.lib(qs_nn.o)
    0x10006a50   0x10006a50   0x00000272   Code   RO         5513    i.NN_Div            ideabase.lib(qs_nn.o)
    0x10006cc2   0x10006cc2   0x00000046   Code   RO         5514    i.NN_Encode         ideabase.lib(qs_nn.o)
    0x10006d08   0x10006d08   0x00000030   Code   RO         5516    i.NN_LShift         ideabase.lib(qs_nn.o)
    0x10006d38   0x10006d38   0x00000028   Code   RO         5517    i.NN_Mod            ideabase.lib(qs_nn.o)
    0x10006d60   0x10006d60   0x000000d6   Code   RO         5518    i.NN_ModExp         ideabase.lib(qs_nn.o)
    0x10006e36   0x10006e36   0x00000030   Code   RO         5520    i.NN_ModMult        ideabase.lib(qs_nn.o)
    0x10006e66   0x10006e66   0x000000ba   Code   RO         5521    i.NN_Mult           ideabase.lib(qs_nn.o)
    0x10006f20   0x10006f20   0x00000036   Code   RO         5522    i.NN_RShift         ideabase.lib(qs_nn.o)
    0x10006f56   0x10006f56   0x00000040   Code   RO         5523    i.NN_Sub            ideabase.lib(qs_nn.o)
    0x10006f96   0x10006f96   0x00000002   PAD
    0x10006f98   0x10006f98   0x00000090   Code   RO          804    i.NatureAlg_GenRndMxu  naturealg.o
    0x10007028   0x10007028   0x00000064   Code   RO          414    i.OutResult_Init    cmd_fish.o
    0x1000708c   0x1000708c   0x0000005e   Code   RO          415    i.OutResult_reset   cmd_fish.o
    0x100070ea   0x100070ea   0x000000f0   Code   RO          547    i.RoundInfo_t_Copy  commonstruct.o
    0x100071da   0x100071da   0x0000009e   Code   RO          548    i.RoundInfo_t_Init  commonstruct.o
    0x10007278   0x10007278   0x0000000a   Code   RO         5735    i.SPI_FRAM_ReceiveByte  ideabase.lib(driver_fram.o)
    0x10007282   0x10007282   0x00000002   PAD
    0x10007284   0x10007284   0x00001544   Code   RO          220    i.SenvReadCallback  idea_cmd.o
    0x100087c8   0x100087c8   0x00000010   Code   RO         4065    i.SysTick_Handler   ideabase.lib(qs_platform.o)
    0x100087d8   0x100087d8   0x00000008   Code   RO         5141    i.USB_IRQHandler    ideabase.lib(driver_usb.o)
    0x100087e0   0x100087e0   0x00000028   Code   RO         6528    i.__ARM_fpclassify  m_ws.l(fpclassify.o)
    0x10008808   0x10008808   0x000000aa   Code   RO         6530    i.__kernel_poly     m_ws.l(poly.o)
    0x100088b2   0x100088b2   0x00000002   PAD
    0x100088b4   0x100088b4   0x000000a8   Code   RO         3251    i.__ltoa16__        ideabase.lib(qs_log.o)
    0x1000895c   0x1000895c   0x00000114   Code   RO         3252    i.__ltoa__          ideabase.lib(qs_log.o)
    0x10008a70   0x10008a70   0x00000010   Code   RO         6514    i.__mathlib_dbl_divzero  m_ws.l(dunder.o)
    0x10008a80   0x10008a80   0x00000004   Code   RO         6516    i.__mathlib_dbl_infnan2  m_ws.l(dunder.o)
    0x10008a84   0x10008a84   0x0000000c   Code   RO         6517    i.__mathlib_dbl_invalid  m_ws.l(dunder.o)
    0x10008a90   0x10008a90   0x0000000e   Code   RO         6518    i.__mathlib_dbl_overflow  m_ws.l(dunder.o)
    0x10008a9e   0x10008a9e   0x00000002   PAD
    0x10008aa0   0x10008aa0   0x00000010   Code   RO         6520    i.__mathlib_dbl_underflow  m_ws.l(dunder.o)
    0x10008ab0   0x10008ab0   0x0000000e   Code   RO         6215    i._is_digit         c_wu.l(__printf_wp.o)
    0x10008abe   0x10008abe   0x00000002   PAD
    0x10008ac0   0x10008ac0   0x00000014   Code   RO            1    i.app_init          app.o
    0x10008ad4   0x10008ad4   0x0000000e   Code   RO         4981    i.close             ideabase.lib(driver_iflash.o)
    0x10008ae2   0x10008ae2   0x0000002c   Code   RO         5059    i.close             ideabase.lib(driver_serial.o)
    0x10008b0e   0x10008b0e   0x00000002   PAD
    0x10008b10   0x10008b10   0x00000038   Code   RO         5142    i.close             ideabase.lib(driver_usb.o)
    0x10008b48   0x10008b48   0x00000020   Code   RO         5280    i.close             ideabase.lib(driver_timer.o)
    0x10008b68   0x10008b68   0x0000000e   Code   RO         5736    i.close             ideabase.lib(driver_fram.o)
    0x10008b76   0x10008b76   0x00000002   Code   RO         5812    i.close             ideabase.lib(driver_led.o)
    0x10008b78   0x10008b78   0x00000104   Code   RO          221    i.cmd_exec_0        idea_cmd.o
    0x10008c7c   0x10008c7c   0x0000002c   Code   RO         3553    i.coder_data_setup  ideabase.lib(idea_coder.o)
    0x10008ca8   0x10008ca8   0x000000c8   Code   RO         3554    i.coder_get_token0  ideabase.lib(idea_coder.o)
    0x10008d70   0x10008d70   0x000000ec   Code   RO         3555    i.coder_get_token1  ideabase.lib(idea_coder.o)
    0x10008e5c   0x10008e5c   0x0000000c   Code   RO         3719    i.comm_coin_value   ideabase.lib(idea_comm.o)
    0x10008e68   0x10008e68   0x0000001c   Code   RO         3720    i.comm_data_get     ideabase.lib(idea_comm.o)
    0x10008e84   0x10008e84   0x000001ac   Code   RO         3721    i.comm_data_set     ideabase.lib(idea_comm.o)
    0x10009030   0x10009030   0x00000200   Code   RO         3722    i.comm_data_set_coder  ideabase.lib(idea_comm.o)
    0x10009230   0x10009230   0x000001c0   Code   RO         3723    i.comm_data_setup   ideabase.lib(idea_comm.o)
    0x100093f0   0x100093f0   0x0000000c   Code   RO         3725    i.comm_machine_id_lock  ideabase.lib(idea_comm.o)
    0x100093fc   0x100093fc   0x0000000c   Code   RO         3729    i.comm_pulse_value  ideabase.lib(idea_comm.o)
    0x10009408   0x10009408   0x0000000c   Code   RO         3730    i.comm_score_ticket  ideabase.lib(idea_comm.o)
    0x10009414   0x10009414   0x0000000c   Code   RO         3732    i.comm_ticket_value  ideabase.lib(idea_comm.o)
    0x10009420   0x10009420   0x00000014   Code   RO         3733    i.comm_value_length  ideabase.lib(idea_comm.o)
    0x10009434   0x10009434   0x00000028   Code   RO         3734    i.comm_win_lock_Balance  ideabase.lib(idea_comm.o)
    0x1000945c   0x1000945c   0x00000020   Code   RO         3556    i.crc8              ideabase.lib(idea_coder.o)
    0x1000947c   0x1000947c   0x000000b0   Code   RO         2718    i.database_data_init  ideabase.lib(qs_database.o)
    0x1000952c   0x1000952c   0x00001718   Code   RO         5392    i.des3_crypt        ideabase.lib(qs_des.o)
    0x1000ac44   0x1000ac44   0x00000042   Code   RO         5393    i.des_1key          ideabase.lib(qs_des.o)
    0x1000ac86   0x1000ac86   0x000000b4   Code   RO         5394    i.des_2key          ideabase.lib(qs_des.o)
    0x1000ad3a   0x1000ad3a   0x000000ac   Code   RO         5395    i.des_3key          ideabase.lib(qs_des.o)
    0x1000ade6   0x1000ade6   0x00000002   PAD
    0x1000ade8   0x1000ade8   0x00000850   Code   RO         5396    i.des_crypt         ideabase.lib(qs_des.o)
    0x1000b638   0x1000b638   0x0000004c   Code   RO         5397    i.des_decrypt       ideabase.lib(qs_des.o)
    0x1000b684   0x1000b684   0x00000048   Code   RO         5398    i.des_encrypt       ideabase.lib(qs_des.o)
    0x1000b6cc   0x1000b6cc   0x00000042   Code   RO         5399    i.des_key_set       ideabase.lib(qs_des.o)
    0x1000b70e   0x1000b70e   0x00000002   PAD
    0x1000b710   0x1000b710   0x0000031c   Code   RO         5400    i.des_main_ks       ideabase.lib(qs_des.o)
    0x1000ba2c   0x1000ba2c   0x00000086   Code   RO         5525    i.dmult             ideabase.lib(qs_nn.o)
    0x1000bab2   0x1000bab2   0x00000002   Code   RO         5737    i.driver_fram_exec  ideabase.lib(driver_fram.o)
    0x1000bab4   0x1000bab4   0x00000018   Code   RO         5738    i.driver_fram_install  ideabase.lib(driver_fram.o)
    0x1000bacc   0x1000bacc   0x00000002   Code   RO         4982    i.driver_iflash_exec  ideabase.lib(driver_iflash.o)
    0x1000bace   0x1000bace   0x00000002   PAD
    0x1000bad0   0x1000bad0   0x00000010   Code   RO         4983    i.driver_iflash_install  ideabase.lib(driver_iflash.o)
    0x1000bae0   0x1000bae0   0x00000002   Code   RO         5813    i.driver_led_exec   ideabase.lib(driver_led.o)
    0x1000bae2   0x1000bae2   0x00000002   PAD
    0x1000bae4   0x1000bae4   0x00000010   Code   RO         5814    i.driver_led_install  ideabase.lib(driver_led.o)
    0x1000baf4   0x1000baf4   0x00000002   Code   RO         5060    i.driver_serial_exec  ideabase.lib(driver_serial.o)
    0x1000baf6   0x1000baf6   0x00000002   PAD
    0x1000baf8   0x1000baf8   0x00000024   Code   RO         5061    i.driver_serial_install  ideabase.lib(driver_serial.o)
    0x1000bb1c   0x1000bb1c   0x00000002   Code   RO         5281    i.driver_timer_exec  ideabase.lib(driver_timer.o)
    0x1000bb1e   0x1000bb1e   0x00000002   PAD
    0x1000bb20   0x1000bb20   0x00000010   Code   RO         5282    i.driver_timer_install  ideabase.lib(driver_timer.o)
    0x1000bb30   0x1000bb30   0x00000002   Code   RO         5143    i.driver_usb_exec   ideabase.lib(driver_usb.o)
    0x1000bb32   0x1000bb32   0x00000002   PAD
    0x1000bb34   0x1000bb34   0x00000010   Code   RO         5144    i.driver_usb_install  ideabase.lib(driver_usb.o)
    0x1000bb44   0x1000bb44   0x00000070   Code   RO         2893    i.ensure            ideabase.lib(qs_json.o)
    0x1000bbb4   0x1000bbb4   0x0000002c   Code   RO         5146    i.ep_in_cb          ideabase.lib(driver_usb.o)
    0x1000bbe0   0x1000bbe0   0x00000048   Code   RO         5147    i.ep_out_cb         ideabase.lib(driver_usb.o)
    0x1000bc28   0x1000bc28   0x0000003a   Code   RO         5148    i.event_callback    ideabase.lib(driver_usb.o)
    0x1000bc62   0x1000bc62   0x00000002   PAD
    0x1000bc64   0x1000bc64   0x00000034   Code   RO          884    i.find_slot         gamemanager.o
    0x1000bc98   0x1000bc98   0x00000002   Code   RO         1386    i.ga_reset          ga.o
    0x1000bc9a   0x1000bc9a   0x00000002   PAD
    0x1000bc9c   0x1000bc9c   0x00000024   Code   RO          647    i.get_instance      dll.o
    0x1000bcc0   0x1000bcc0   0x00000136   Code   RO         3373    i.header_decode     ideabase.lib(qs_senv.o)
    0x1000bdf6   0x1000bdf6   0x000000b2   Code   RO         3374    i.header_encode     ideabase.lib(qs_senv.o)
    0x1000bea8   0x1000bea8   0x00000020   Code   RO         3375    i.header_init       ideabase.lib(qs_senv.o)
    0x1000bec8   0x1000bec8   0x00000014   Code   RO         3376    i.header_set_crc_in_buf  ideabase.lib(qs_senv.o)
    0x1000bedc   0x1000bedc   0x00000026   Code   RO          193    i.idea_app_exec     idea_app.o
    0x1000bf02   0x1000bf02   0x0000001a   Code   RO          194    i.idea_app_init     idea_app.o
    0x1000bf1c   0x1000bf1c   0x00000054   Code   RO          223    i.idea_cmd_exec     idea_cmd.o
    0x1000bf70   0x1000bf70   0x000000b4   Code   RO          224    i.idea_cmd_init     idea_cmd.o
    0x1000c024   0x1000c024   0x00000084   Code   RO         3558    i.idea_coder_decode  ideabase.lib(idea_coder.o)
    0x1000c0a8   0x1000c0a8   0x00000040   Code   RO         3559    i.idea_coder_exec   ideabase.lib(idea_coder.o)
    0x1000c0e8   0x1000c0e8   0x00000020   Code   RO         3560    i.idea_coder_init   ideabase.lib(idea_coder.o)
    0x1000c108   0x1000c108   0x0000000c   Code   RO         3561    i.idea_coder_remain_minute  ideabase.lib(idea_coder.o)
    0x1000c114   0x1000c114   0x00000044   Code   RO         3562    i.idea_coder_request  ideabase.lib(idea_coder.o)
    0x1000c158   0x1000c158   0x0000000c   Code   RO         3563    i.idea_coder_set_minute  ideabase.lib(idea_coder.o)
    0x1000c164   0x1000c164   0x000000f0   Code   RO         3564    i.idea_coder_state  ideabase.lib(idea_coder.o)
    0x1000c254   0x1000c254   0x00000010   Code   RO         3565    i.idea_coder_update  ideabase.lib(idea_coder.o)
    0x1000c264   0x1000c264   0x000000e8   Code   RO         3736    i.idea_comm_exec    ideabase.lib(idea_comm.o)
    0x1000c34c   0x1000c34c   0x00000020   Code   RO         3737    i.idea_comm_init    ideabase.lib(idea_comm.o)
    0x1000c36c   0x1000c36c   0x0000001a   Code   RO          225    i.idea_decode_proc  idea_cmd.o
    0x1000c386   0x1000c386   0x00000002   Code   RO         3870    i.idea_player_exec  ideabase.lib(idea_player.o)
    0x1000c388   0x1000c388   0x00000020   Code   RO         3871    i.idea_player_init  ideabase.lib(idea_player.o)
    0x1000c3a8   0x1000c3a8   0x0000004c   Code   RO         4011    i.idea_pwd_exec     ideabase.lib(idea_pwd.o)
    0x1000c3f4   0x1000c3f4   0x00000034   Code   RO         4012    i.idea_pwd_init     ideabase.lib(idea_pwd.o)
    0x1000c428   0x1000c428   0x00000004   Code   RO          308    i.idea_task_connect  idea_qs.o
    0x1000c42c   0x1000c42c   0x000000e0   Code   RO         4985    i.ioctl             ideabase.lib(driver_iflash.o)
    0x1000c50c   0x1000c50c   0x00000090   Code   RO         5063    i.ioctl             ideabase.lib(driver_serial.o)
    0x1000c59c   0x1000c59c   0x0000003c   Code   RO         5149    i.ioctl             ideabase.lib(driver_usb.o)
    0x1000c5d8   0x1000c5d8   0x00000048   Code   RO         5284    i.ioctl             ideabase.lib(driver_timer.o)
    0x1000c620   0x1000c620   0x00000066   Code   RO         5740    i.ioctl             ideabase.lib(driver_fram.o)
    0x1000c686   0x1000c686   0x00000050   Code   RO         5816    i.ioctl             ideabase.lib(driver_led.o)
    0x1000c6d6   0x1000c6d6   0x00000002   PAD
    0x1000c6d8   0x1000c6d8   0x000000f4   Code   RO         4986    i.m55_flash_erase   ideabase.lib(driver_iflash.o)
    0x1000c7cc   0x1000c7cc   0x00000020   Code   RO         4987    i.m55_flash_read    ideabase.lib(driver_iflash.o)
    0x1000c7ec   0x1000c7ec   0x000000e0   Code   RO         4988    i.m55_flash_write   ideabase.lib(driver_iflash.o)
    0x1000c8cc   0x1000c8cc   0x00000012   Code   RO          357    i.main              main.o
    0x1000c8de   0x1000c8de   0x0000008a   Code   RO         3377    i.message_fifo_add  ideabase.lib(qs_senv.o)
    0x1000c968   0x1000c968   0x00000032   Code   RO         3378    i.message_fifo_get  ideabase.lib(qs_senv.o)
    0x1000c99a   0x1000c99a   0x0000006e   Code   RO         4317    i.mm_block_read     ideabase.lib(qs_mm.o)
    0x1000ca08   0x1000ca08   0x00000084   Code   RO         4318    i.mm_block_write    ideabase.lib(qs_mm.o)
    0x1000ca8c   0x1000ca8c   0x0000001e   Code   RO         2719    i.mm_read           ideabase.lib(qs_database.o)
    0x1000caaa   0x1000caaa   0x0000001e   Code   RO         2720    i.mm_write          ideabase.lib(qs_database.o)
    0x1000cac8   0x1000cac8   0x0000001a   Code   RO         4989    i.open              ideabase.lib(driver_iflash.o)
    0x1000cae2   0x1000cae2   0x000000d6   Code   RO         5064    i.open              ideabase.lib(driver_serial.o)
    0x1000cbb8   0x1000cbb8   0x000000ec   Code   RO         5150    i.open              ideabase.lib(driver_usb.o)
    0x1000cca4   0x1000cca4   0x000000a8   Code   RO         5285    i.open              ideabase.lib(driver_timer.o)
    0x1000cd4c   0x1000cd4c   0x00000088   Code   RO         5741    i.open              ideabase.lib(driver_fram.o)
    0x1000cdd4   0x1000cdd4   0x00000048   Code   RO         5817    i.open              ideabase.lib(driver_led.o)
    0x1000ce1c   0x1000ce1c   0x000000ac   Code   RO         2894    i.parse_array       ideabase.lib(qs_json.o)
    0x1000cec8   0x1000cec8   0x00000114   Code   RO         2895    i.parse_hex4        ideabase.lib(qs_json.o)
    0x1000cfdc   0x1000cfdc   0x000001bc   Code   RO         2896    i.parse_number      ideabase.lib(qs_json.o)
    0x1000d198   0x1000d198   0x00000114   Code   RO         2897    i.parse_object      ideabase.lib(qs_json.o)
    0x1000d2ac   0x1000d2ac   0x000001cc   Code   RO         2898    i.parse_string      ideabase.lib(qs_json.o)
    0x1000d478   0x1000d478   0x000000bc   Code   RO         2899    i.parse_value       ideabase.lib(qs_json.o)
    0x1000d534   0x1000d534   0x00000078   Code   RO         3872    i.player_bets_info_update  ideabase.lib(idea_player.o)
    0x1000d5ac   0x1000d5ac   0x00000050   Code   RO         3873    i.player_coin_in    ideabase.lib(idea_player.o)
    0x1000d5fc   0x1000d5fc   0x00000060   Code   RO         3874    i.player_coin_info_update  ideabase.lib(idea_player.o)
    0x1000d65c   0x1000d65c   0x00000014   Code   RO         3875    i.player_data_null  ideabase.lib(idea_player.o)
    0x1000d670   0x1000d670   0x00000038   Code   RO         3876    i.player_data_setup  ideabase.lib(idea_player.o)
    0x1000d6a8   0x1000d6a8   0x0000001c   Code   RO         3877    i.player_reset      ideabase.lib(idea_player.o)
    0x1000d6c4   0x1000d6c4   0x0000004c   Code   RO         3878    i.player_score_down  ideabase.lib(idea_player.o)
    0x1000d710   0x1000d710   0x00000038   Code   RO         3879    i.player_score_up   ideabase.lib(idea_player.o)
    0x1000d748   0x1000d748   0x00000020   Code   RO         3880    i.player_statistics  ideabase.lib(idea_player.o)
    0x1000d768   0x1000d768   0x000000bc   Code   RO         3881    i.player_ticket_out  ideabase.lib(idea_player.o)
    0x1000d824   0x1000d824   0x00000028   Code   RO         3882    i.player_ticket_update  ideabase.lib(idea_player.o)
    0x1000d84c   0x1000d84c   0x00000058   Code   RO         3884    i.player_total_bets_wins  ideabase.lib(idea_player.o)
    0x1000d8a4   0x1000d8a4   0x0000001c   Code   RO         3885    i.player_total_get_current_wins  ideabase.lib(idea_player.o)
    0x1000d8c0   0x1000d8c0   0x0000001c   Code   RO         3886    i.player_total_get_custom_wins  ideabase.lib(idea_player.o)
    0x1000d8dc   0x1000d8dc   0x00000014   Code   RO         3887    i.player_total_reset_current_wins  ideabase.lib(idea_player.o)
    0x1000d8f0   0x1000d8f0   0x00000014   Code   RO         3888    i.player_total_reset_custom_wins  ideabase.lib(idea_player.o)
    0x1000d904   0x1000d904   0x000009d8   Code   RO         6330    i.pow               m_ws.l(pow.o)
    0x1000e2dc   0x1000e2dc   0x0000001c   Code   RO         2900    i.pow2gt            ideabase.lib(qs_json.o)
    0x1000e2f8   0x1000e2f8   0x00000250   Code   RO         2901    i.print_array       ideabase.lib(qs_json.o)
    0x1000e548   0x1000e548   0x000000d8   Code   RO         2902    i.print_number      ideabase.lib(qs_json.o)
    0x1000e620   0x1000e620   0x00000418   Code   RO         2903    i.print_object      ideabase.lib(qs_json.o)
    0x1000ea38   0x1000ea38   0x00000010   Code   RO         2904    i.print_string      ideabase.lib(qs_json.o)
    0x1000ea48   0x1000ea48   0x000001d0   Code   RO         2905    i.print_string_ptr  ideabase.lib(qs_json.o)
    0x1000ec18   0x1000ec18   0x00000130   Code   RO         2906    i.print_value       ideabase.lib(qs_json.o)
    0x1000ed48   0x1000ed48   0x000000a8   Code   RO         4013    i.pwd_check         ideabase.lib(idea_pwd.o)
    0x1000edf0   0x1000edf0   0x00000080   Code   RO         4014    i.pwd_data_setup    ideabase.lib(idea_pwd.o)
    0x1000ee70   0x1000ee70   0x0000000c   Code   RO         4015    i.pwd_locked        ideabase.lib(idea_pwd.o)
    0x1000ee7c   0x1000ee7c   0x00000064   Code   RO         4016    i.pwd_set           ideabase.lib(idea_pwd.o)
    0x1000eee0   0x1000eee0   0x0000000c   Code   RO         4017    i.pwd_type          ideabase.lib(idea_pwd.o)
    0x1000eeec   0x1000eeec   0x000000b8   Code   RO         4178    i.qs_ae_rand        ideabase.lib(qs_ae_rand.o)
    0x1000efa4   0x1000efa4   0x00000018   Code   RO         4179    i.qs_ae_rand_init   ideabase.lib(qs_ae_rand.o)
    0x1000efbc   0x1000efbc   0x00000002   Code   RO         5370    i.qs_algo_exec      ideabase.lib(qs_algo.o)
    0x1000efbe   0x1000efbe   0x00000008   Code   RO         5371    i.qs_algo_init      ideabase.lib(qs_algo.o)
    0x1000efc6   0x1000efc6   0x00000002   PAD
    0x1000efc8   0x1000efc8   0x0000002c   Code   RO         4611    i.qs_base64_check   ideabase.lib(qs_base64.o)
    0x1000eff4   0x1000eff4   0x00000140   Code   RO         4612    i.qs_base64_decode  ideabase.lib(qs_base64.o)
    0x1000f134   0x1000f134   0x000000f8   Code   RO         4613    i.qs_base64_encode  ideabase.lib(qs_base64.o)
    0x1000f22c   0x1000f22c   0x00000012   Code   RO         5342    i.qs_board_exec     ideabase.lib(qs_board.o)
    0x1000f23e   0x1000f23e   0x0000000c   Code   RO         5343    i.qs_board_init     ideabase.lib(qs_board.o)
    0x1000f24a   0x1000f24a   0x00000002   PAD
    0x1000f24c   0x1000f24c   0x0000000c   Code   RO         2489    i.qs_const_data     ideabase.lib(qs.o)
    0x1000f258   0x1000f258   0x00000022   Code   RO         4375    i.qs_crc16          ideabase.lib(qs_crc16.o)
    0x1000f27a   0x1000f27a   0x00000002   PAD
    0x1000f27c   0x1000f27c   0x00000018   Code   RO         4376    i.qs_crc16_byte     ideabase.lib(qs_crc16.o)
    0x1000f294   0x1000f294   0x0000006c   Code   RO         2721    i.qs_database_connect  ideabase.lib(qs_database.o)
    0x1000f300   0x1000f300   0x000000bc   Code   RO         2722    i.qs_database_exec  ideabase.lib(qs_database.o)
    0x1000f3bc   0x1000f3bc   0x00000034   Code   RO         2723    i.qs_database_init  ideabase.lib(qs_database.o)
    0x1000f3f0   0x1000f3f0   0x0000003a   Code   RO         2490    i.qs_delay          ideabase.lib(qs.o)
    0x1000f42a   0x1000f42a   0x00000082   Code   RO         4400    i.qs_des_cbc_decrypt  ideabase.lib(qs_des_cbc.o)
    0x1000f4ac   0x1000f4ac   0x00000072   Code   RO         4401    i.qs_des_cbc_encrypt  ideabase.lib(qs_des_cbc.o)
    0x1000f51e   0x1000f51e   0x00000032   Code   RO         5465    i.qs_des_ecb_decrypt  ideabase.lib(qs_des_ecb.o)
    0x1000f550   0x1000f550   0x00000032   Code   RO         5466    i.qs_des_ecb_encrypt  ideabase.lib(qs_des_ecb.o)
    0x1000f582   0x1000f582   0x00000012   Code   RO         4223    i.qs_driver_close   ideabase.lib(qs_driver.o)
    0x1000f594   0x1000f594   0x00000012   Code   RO         4224    i.qs_driver_exec    ideabase.lib(qs_driver.o)
    0x1000f5a6   0x1000f5a6   0x0000000c   Code   RO         4225    i.qs_driver_init    ideabase.lib(qs_driver.o)
    0x1000f5b2   0x1000f5b2   0x00000002   PAD
    0x1000f5b4   0x1000f5b4   0x00000030   Code   RO         4226    i.qs_driver_install  ideabase.lib(qs_driver.o)
    0x1000f5e4   0x1000f5e4   0x0000001e   Code   RO         4227    i.qs_driver_ioctl   ideabase.lib(qs_driver.o)
    0x1000f602   0x1000f602   0x00000002   PAD
    0x1000f604   0x1000f604   0x00000048   Code   RO         4228    i.qs_driver_open    ideabase.lib(qs_driver.o)
    0x1000f64c   0x1000f64c   0x0000001e   Code   RO         4229    i.qs_driver_read    ideabase.lib(qs_driver.o)
    0x1000f66a   0x1000f66a   0x0000001e   Code   RO         4232    i.qs_driver_write   ideabase.lib(qs_driver.o)
    0x1000f688   0x1000f688   0x00000048   Code   RO         2491    i.qs_exec           ideabase.lib(qs.o)
    0x1000f6d0   0x1000f6d0   0x0000003c   Code   RO         4646    i.qs_fifo_alloc8    ideabase.lib(qs_fifo.o)
    0x1000f70c   0x1000f70c   0x00000026   Code   RO         4649    i.qs_fifo_free      ideabase.lib(qs_fifo.o)
    0x1000f732   0x1000f732   0x00000038   Code   RO         4650    i.qs_fifo_full      ideabase.lib(qs_fifo.o)
    0x1000f76a   0x1000f76a   0x0000003a   Code   RO         4654    i.qs_fifo_get8      ideabase.lib(qs_fifo.o)
    0x1000f7a4   0x1000f7a4   0x0000004c   Code   RO         4667    i.qs_fifo_put8      ideabase.lib(qs_fifo.o)
    0x1000f7f0   0x1000f7f0   0x0000004a   Code   RO         4921    i.qs_get_value_by_tag  ideabase.lib(qs_utility.o)
    0x1000f83a   0x1000f83a   0x000000bc   Code   RO         4922    i.qs_hex_string_to_hex  ideabase.lib(qs_utility.o)
    0x1000f8f6   0x1000f8f6   0x00000002   PAD
    0x1000f8f8   0x1000f8f8   0x00000024   Code   RO         2492    i.qs_init           ideabase.lib(qs.o)
    0x1000f91c   0x1000f91c   0x0000002a   Code   RO         2909    i.qs_json_AddItemToArray  ideabase.lib(qs_json.o)
    0x1000f946   0x1000f946   0x00000002   PAD
    0x1000f948   0x1000f948   0x00000030   Code   RO         2910    i.qs_json_AddItemToObject  ideabase.lib(qs_json.o)
    0x1000f978   0x1000f978   0x00000012   Code   RO         2912    i.qs_json_CreateArray  ideabase.lib(qs_json.o)
    0x1000f98a   0x1000f98a   0x00000044   Code   RO         2917    i.qs_json_CreateIntArray  ideabase.lib(qs_json.o)
    0x1000f9ce   0x1000f9ce   0x00000024   Code   RO         2919    i.qs_json_CreateNumber  ideabase.lib(qs_json.o)
    0x1000f9f2   0x1000f9f2   0x00000012   Code   RO         2920    i.qs_json_CreateObject  ideabase.lib(qs_json.o)
    0x1000fa04   0x1000fa04   0x00000058   Code   RO         2924    i.qs_json_Delete    ideabase.lib(qs_json.o)
    0x1000fa5c   0x1000fa5c   0x00000016   Code   RO         2926    i.qs_json_DeleteItemFromObject  ideabase.lib(qs_json.o)
    0x1000fa72   0x1000fa72   0x00000042   Code   RO         2927    i.qs_json_DetachItemFromArray  ideabase.lib(qs_json.o)
    0x1000fab4   0x1000fab4   0x00000032   Code   RO         2928    i.qs_json_DetachItemFromObject  ideabase.lib(qs_json.o)
    0x1000fae6   0x1000fae6   0x00000012   Code   RO         2930    i.qs_json_GetArrayItem  ideabase.lib(qs_json.o)
    0x1000faf8   0x1000faf8   0x00000012   Code   RO         2931    i.qs_json_GetArraySize  ideabase.lib(qs_json.o)
    0x1000fb0a   0x1000fb0a   0x0000001e   Code   RO         2933    i.qs_json_GetObjectItem  ideabase.lib(qs_json.o)
    0x1000fb28   0x1000fb28   0x000000ba   Code   RO         2936    i.qs_json_Minify    ideabase.lib(qs_json.o)
    0x1000fbe2   0x1000fbe2   0x00000002   PAD
    0x1000fbe4   0x1000fbe4   0x00000020   Code   RO         2937    i.qs_json_New_Item  ideabase.lib(qs_json.o)
    0x1000fc04   0x1000fc04   0x00000010   Code   RO         2938    i.qs_json_Parse     ideabase.lib(qs_json.o)
    0x1000fc14   0x1000fc14   0x00000064   Code   RO         2939    i.qs_json_ParseWithOpts  ideabase.lib(qs_json.o)
    0x1000fc78   0x1000fc78   0x00000012   Code   RO         2940    i.qs_json_Print     ideabase.lib(qs_json.o)
    0x1000fc8a   0x1000fc8a   0x0000004c   Code   RO         2945    i.qs_json_strcasecmp  ideabase.lib(qs_json.o)
    0x1000fcd6   0x1000fcd6   0x00000002   PAD
    0x1000fcd8   0x1000fcd8   0x00000030   Code   RO         2946    i.qs_json_strdup    ideabase.lib(qs_json.o)
    0x1000fd08   0x1000fd08   0x0000006c   Code   RO         2764    i.qs_led_blink      ideabase.lib(qs_led.o)
    0x1000fd74   0x1000fd74   0x00000014   Code   RO         2766    i.qs_led_blue_off   ideabase.lib(qs_led.o)
    0x1000fd88   0x1000fd88   0x00000104   Code   RO         2768    i.qs_led_exec       ideabase.lib(qs_led.o)
    0x1000fe8c   0x1000fe8c   0x0000001c   Code   RO         2769    i.qs_led_green_blink  ideabase.lib(qs_led.o)
    0x1000fea8   0x1000fea8   0x00000014   Code   RO         2770    i.qs_led_green_off  ideabase.lib(qs_led.o)
    0x1000febc   0x1000febc   0x00000068   Code   RO         2772    i.qs_led_init       ideabase.lib(qs_led.o)
    0x1000ff24   0x1000ff24   0x00000060   Code   RO         2773    i.qs_led_off        ideabase.lib(qs_led.o)
    0x1000ff84   0x1000ff84   0x00000014   Code   RO         2776    i.qs_led_red_off    ideabase.lib(qs_led.o)
    0x1000ff98   0x1000ff98   0x0000001c   Code   RO         4809    i.qs_list_alloc     ideabase.lib(qs_list.o)
    0x1000ffb4   0x1000ffb4   0x0000004c   Code   RO         4810    i.qs_list_append_to_front  ideabase.lib(qs_list.o)
    0x10010000   0x10010000   0x0000004c   Code   RO         4811    i.qs_list_append_to_rear  ideabase.lib(qs_list.o)
    0x1001004c   0x1001004c   0x00000034   Code   RO         4812    i.qs_list_free      ideabase.lib(qs_list.o)
    0x10010080   0x10010080   0x00000032   Code   RO         4813    i.qs_list_get       ideabase.lib(qs_list.o)
    0x100100b2   0x100100b2   0x00000082   Code   RO         4815    i.qs_list_remove_by_object  ideabase.lib(qs_list.o)
    0x10010134   0x10010134   0x0000003e   Code   RO         4816    i.qs_list_remove_from_front  ideabase.lib(qs_list.o)
    0x10010172   0x10010172   0x0000001a   Code   RO         4818    i.qs_list_size      ideabase.lib(qs_list.o)
    0x1001018c   0x1001018c   0x00000030   Code   RO         3253    i.qs_log            ideabase.lib(qs_log.o)
    0x100101bc   0x100101bc   0x0000001c   Code   RO         3255    i.qs_log_init       ideabase.lib(qs_log.o)
    0x100101d8   0x100101d8   0x00000054   Code   RO         4879    i.qs_mem_alloc      ideabase.lib(qs_mem.o)
    0x1001022c   0x1001022c   0x0000003c   Code   RO         4880    i.qs_mem_free       ideabase.lib(qs_mem.o)
    0x10010268   0x10010268   0x00000034   Code   RO         4319    i.qs_mm_close       ideabase.lib(qs_mm.o)
    0x1001029c   0x1001029c   0x0000001c   Code   RO         4320    i.qs_mm_exec        ideabase.lib(qs_mm.o)
    0x100102b8   0x100102b8   0x0000001c   Code   RO         4321    i.qs_mm_init        ideabase.lib(qs_mm.o)
    0x100102d4   0x100102d4   0x00000150   Code   RO         4322    i.qs_mm_open        ideabase.lib(qs_mm.o)
    0x10010424   0x10010424   0x00000090   Code   RO         4323    i.qs_mm_read        ideabase.lib(qs_mm.o)
    0x100104b4   0x100104b4   0x000000a4   Code   RO         4324    i.qs_mm_write       ideabase.lib(qs_mm.o)
    0x10010558   0x10010558   0x0000001e   Code   RO         4295    i.qs_modules_exec   ideabase.lib(qs_modules.o)
    0x10010576   0x10010576   0x00000018   Code   RO         4296    i.qs_modules_init   ideabase.lib(qs_modules.o)
    0x1001058e   0x1001058e   0x0000001e   Code   RO         4066    i.qs_platform_exec  ideabase.lib(qs_platform.o)
    0x100105ac   0x100105ac   0x0000005c   Code   RO         4067    i.qs_platform_init  ideabase.lib(qs_platform.o)
    0x10010608   0x10010608   0x00000004   Code   RO         4068    i.qs_platform_interrupt_disable  ideabase.lib(qs_platform.o)
    0x1001060c   0x1001060c   0x00000004   Code   RO         4069    i.qs_platform_interrupt_enable  ideabase.lib(qs_platform.o)
    0x10010610   0x10010610   0x0000000c   Code   RO         4070    i.qs_platform_millisecond  ideabase.lib(qs_platform.o)
    0x1001061c   0x1001061c   0x0000000e   Code   RO         4071    i.qs_platform_run_code  ideabase.lib(qs_platform.o)
    0x1001062a   0x1001062a   0x00000002   PAD
    0x1001062c   0x1001062c   0x000000c4   Code   RO         4072    i.qs_platform_sn    ideabase.lib(qs_platform.o)
    0x100106f0   0x100106f0   0x00000008   Code   RO         4073    i.qs_platform_system_reboot  ideabase.lib(qs_platform.o)
    0x100106f8   0x100106f8   0x00000164   Code   RO         3258    i.qs_pprintf        ideabase.lib(qs_log.o)
    0x1001085c   0x1001085c   0x00000010   Code   RO         2859    i.qs_rand32         ideabase.lib(qs_rand.o)
    0x1001086c   0x1001086c   0x00000010   Code   RO         2860    i.qs_rand8          ideabase.lib(qs_rand.o)
    0x1001087c   0x1001087c   0x00000008   Code   RO         2861    i.qs_rand_init      ideabase.lib(qs_rand.o)
    0x10010884   0x10010884   0x00000008   Code   RO         2493    i.qs_reboot         ideabase.lib(qs.o)
    0x1001088c   0x1001088c   0x000000a4   Code   RO         4504    i.qs_rsa_private_decrypt  ideabase.lib(qs_rsa.o)
    0x10010930   0x10010930   0x00000094   Code   RO         4507    i.qs_rsa_public_encrypt  ideabase.lib(qs_rsa.o)
    0x100109c4   0x100109c4   0x00000018   Code   RO         3259    i.qs_send_data      ideabase.lib(qs_log.o)
    0x100109dc   0x100109dc   0x0000006c   Code   RO         3379    i.qs_senv_alloc     ideabase.lib(qs_senv.o)
    0x10010a48   0x10010a48   0x00000016   Code   RO         3380    i.qs_senv_app_data_input  ideabase.lib(qs_senv.o)
    0x10010a5e   0x10010a5e   0x0000001c   Code   RO         3381    i.qs_senv_connected  ideabase.lib(qs_senv.o)
    0x10010a7a   0x10010a7a   0x00000002   Code   RO         3382    i.qs_senv_exec      ideabase.lib(qs_senv.o)
    0x10010a7c   0x10010a7c   0x00000200   Code   RO         3383    i.qs_senv_exec_1    ideabase.lib(qs_senv.o)
    0x10010c7c   0x10010c7c   0x00000080   Code   RO         3384    i.qs_senv_free      ideabase.lib(qs_senv.o)
    0x10010cfc   0x10010cfc   0x00000044   Code   RO         3385    i.qs_senv_init      ideabase.lib(qs_senv.o)
    0x10010d40   0x10010d40   0x00000238   Code   RO         3386    i.qs_senv_iostream_input  ideabase.lib(qs_senv.o)
    0x10010f78   0x10010f78   0x0000016c   Code   RO         3387    i.qs_senv_iostream_send  ideabase.lib(qs_senv.o)
    0x100110e4   0x100110e4   0x00000160   Code   RO         3481    i.qs_senv_manager_app_data_out  ideabase.lib(qs_senv_manager.o)
    0x10011244   0x10011244   0x00000044   Code   RO         3483    i.qs_senv_manager_exec  ideabase.lib(qs_senv_manager.o)
    0x10011288   0x10011288   0x00000044   Code   RO         3484    i.qs_senv_manager_get  ideabase.lib(qs_senv_manager.o)
    0x100112cc   0x100112cc   0x00000020   Code   RO         3485    i.qs_senv_manager_init  ideabase.lib(qs_senv_manager.o)
    0x100112ec   0x100112ec   0x00000010   Code   RO         3486    i.qs_senv_manager_read  ideabase.lib(qs_senv_manager.o)
    0x100112fc   0x100112fc   0x0000003c   Code   RO         3487    i.qs_senv_manager_register  ideabase.lib(qs_senv_manager.o)
    0x10011338   0x10011338   0x0000001c   Code   RO         3488    i.qs_senv_manager_unregister  ideabase.lib(qs_senv_manager.o)
    0x10011354   0x10011354   0x0000010c   Code   RO         3489    i.qs_senv_manager_write  ideabase.lib(qs_senv_manager.o)
    0x10011460   0x10011460   0x00000026   Code   RO         4557    i.qs_sha1           ideabase.lib(qs_sha1.o)
    0x10011486   0x10011486   0x00000086   Code   RO         4558    i.qs_sha160_core    ideabase.lib(qs_sha1.o)
    0x1001150c   0x1001150c   0x000000ac   Code   RO         4559    i.qs_sha160_finish  ideabase.lib(qs_sha1.o)
    0x100115b8   0x100115b8   0x00000030   Code   RO         4560    i.qs_sha160_init    ideabase.lib(qs_sha1.o)
    0x100115e8   0x100115e8   0x000015e4   Code   RO         4561    i.qs_sha160_transform  ideabase.lib(qs_sha1.o)
    0x10012bcc   0x10012bcc   0x00000010   Code   RO         2494    i.qs_sn             ideabase.lib(qs.o)
    0x10012bdc   0x10012bdc   0x00000010   Code   RO         2495    i.qs_start          ideabase.lib(qs.o)
    0x10012bec   0x10012bec   0x00000012   Code   RO         4959    i.qs_system_exec    ideabase.lib(qs_system.o)
    0x10012bfe   0x10012bfe   0x0000000c   Code   RO         4960    i.qs_system_init    ideabase.lib(qs_system.o)
    0x10012c0a   0x10012c0a   0x00000002   PAD
    0x10012c0c   0x10012c0c   0x0000001c   Code   RO         3323    i.qs_system_iostream_output  ideabase.lib(qs_system_senv.o)
    0x10012c28   0x10012c28   0x000006e8   Code   RO         3324    i.qs_system_senv_callback  ideabase.lib(qs_system_senv.o)
    0x10013310   0x10013310   0x00000054   Code   RO         3325    i.qs_system_senv_exec  ideabase.lib(qs_system_senv.o)
    0x10013364   0x10013364   0x00000088   Code   RO         3326    i.qs_system_senv_init  ideabase.lib(qs_system_senv.o)
    0x100133ec   0x100133ec   0x00000032   Code   RO         3327    i.qs_system_senv_receive_callback  ideabase.lib(qs_system_senv.o)
    0x1001341e   0x1001341e   0x00000002   PAD
    0x10013420   0x10013420   0x00000014   Code   RO         3328    i.qs_system_senv_setup  ideabase.lib(qs_system_senv.o)
    0x10013434   0x10013434   0x00000138   Code   RO         3329    i.qs_system_senv_test  ideabase.lib(qs_system_senv.o)
    0x1001356c   0x1001356c   0x00000044   Code   RO         2682    i.qs_task_connect   ideabase.lib(qs_task.o)
    0x100135b0   0x100135b0   0x00000028   Code   RO         2684    i.qs_task_exec      ideabase.lib(qs_task.o)
    0x100135d8   0x100135d8   0x00000010   Code   RO         2685    i.qs_task_init      ideabase.lib(qs_task.o)
    0x100135e8   0x100135e8   0x00000008   Code   RO         4923    i.qs_utility_init   ideabase.lib(qs_utility.o)
    0x100135f0   0x100135f0   0x00000028   Code   RO         4990    i.read              ideabase.lib(driver_iflash.o)
    0x10013618   0x10013618   0x0000003e   Code   RO         5065    i.read              ideabase.lib(driver_serial.o)
    0x10013656   0x10013656   0x00000006   Code   RO         5151    i.read              ideabase.lib(driver_usb.o)
    0x1001365c   0x1001365c   0x00000106   Code   RO         5742    i.read              ideabase.lib(driver_fram.o)
    0x10013762   0x10013762   0x000001da   Code   RO         4508    i.rsaprivatefunc    ideabase.lib(qs_rsa.o)
    0x1001393c   0x1001393c   0x0000009a   Code   RO         4509    i.rsapublicfunc     ideabase.lib(qs_rsa.o)
    0x100139d6   0x100139d6   0x00000002   PAD
    0x100139d8   0x100139d8   0x00000010   Code   RO         5066    i.serial0_hander    ideabase.lib(driver_serial.o)
    0x100139e8   0x100139e8   0x00000010   Code   RO         5067    i.serial1_hander    ideabase.lib(driver_serial.o)
    0x100139f8   0x100139f8   0x00000010   Code   RO         5068    i.serial2_hander    ideabase.lib(driver_serial.o)
    0x10013a08   0x10013a08   0x0000009c   Code   RO         5069    i.serial_hander     ideabase.lib(driver_serial.o)
    0x10013aa4   0x10013aa4   0x0000003c   Code   RO         5152    i.setconfig_callback  ideabase.lib(driver_usb.o)
    0x10013ae0   0x10013ae0   0x00000012   Code   RO         2947    i.skip              ideabase.lib(qs_json.o)
    0x10013af2   0x10013af2   0x00000002   PAD
    0x10013af4   0x10013af4   0x00000040   Code   RO         6015    i.spi_init          ideabase.lib(spi.o)
    0x10013b34   0x10013b34   0x00000016   Code   RO         6016    i.spi_transmit      ideabase.lib(spi.o)
    0x10013b4a   0x10013b4a   0x0000004c   Code   RO         6534    i.sqrt              m_ws.l(sqrt.o)
    0x10013b96   0x10013b96   0x00000066   Code   RO         5526    i.subdigitmult      ideabase.lib(qs_nn.o)
    0x10013bfc   0x10013bfc   0x00000006   Code   RO         2948    i.suffix_object     ideabase.lib(qs_json.o)
    0x10013c02   0x10013c02   0x00000002   PAD
    0x10013c04   0x10013c04   0x00000194   Code   RO         3388    i.system_callback   ideabase.lib(qs_senv.o)
    0x10013d98   0x10013d98   0x00000046   Code   RO         3389    i.system_exec       ideabase.lib(qs_senv.o)
    0x10013dde   0x10013dde   0x0000002c   Code   RO         3390    i.system_handshake_req  ideabase.lib(qs_senv.o)
    0x10013e0a   0x10013e0a   0x00000004   Code   RO            2    i.task_0            app.o
    0x10013e0e   0x10013e0e   0x00000002   PAD
    0x10013e10   0x10013e10   0x00000010   Code   RO         5286    i.timer0_hander     ideabase.lib(driver_timer.o)
    0x10013e20   0x10013e20   0x00000014   Code   RO         5287    i.timer_hander      ideabase.lib(driver_timer.o)
    0x10013e34   0x10013e34   0x00000020   Code   RO         2949    i.update            ideabase.lib(qs_json.o)
    0x10013e54   0x10013e54   0x00000088   Code   RO         5153    i.usb_bulk_configure  ideabase.lib(driver_usb.o)
    0x10013edc   0x10013edc   0x00000020   Code   RO         5154    i.usb_bulk_deconfigure  ideabase.lib(driver_usb.o)
    0x10013efc   0x10013efc   0x0000002c   Code   RO         4991    i.write             ideabase.lib(driver_iflash.o)
    0x10013f28   0x10013f28   0x000000de   Code   RO         5070    i.write             ideabase.lib(driver_serial.o)
    0x10014006   0x10014006   0x00000002   PAD
    0x10014008   0x10014008   0x00000074   Code   RO         5155    i.write             ideabase.lib(driver_usb.o)
    0x1001407c   0x1001407c   0x0000014c   Code   RO         5744    i.write             ideabase.lib(driver_fram.o)
    0x100141c8   0x100141c8   0x0000002c   Code   RO         6611    locale$$code        c_wu.l(lc_ctype_c.o)
    0x100141f4   0x100141f4   0x00000150   Code   RO         6271    x$fpl$dadd          fz_ws.l(daddsub_clz.o)
    0x10014344   0x10014344   0x00000010   Code   RO         6491    x$fpl$dcheck1       fz_ws.l(dcheck1.o)
    0x10014354   0x10014354   0x00000018   Code   RO         6493    x$fpl$dcmpinf       fz_ws.l(dcmpi.o)
    0x1001436c   0x1001436c   0x000002b0   Code   RO         6278    x$fpl$ddiv          fz_ws.l(ddiv.o)
    0x1001461c   0x1001461c   0x00000078   Code   RO         6281    x$fpl$deqf          fz_ws.l(deqf.o)
    0x10014694   0x10014694   0x0000005e   Code   RO         6283    x$fpl$dfix          fz_ws.l(dfix.o)
    0x100146f2   0x100146f2   0x0000002e   Code   RO         6292    x$fpl$dflt          fz_ws.l(dflt_clz.o)
    0x10014720   0x10014720   0x00000026   Code   RO         6291    x$fpl$dfltu         fz_ws.l(dflt_clz.o)
    0x10014746   0x10014746   0x00000002   PAD
    0x10014748   0x10014748   0x00000078   Code   RO         6301    x$fpl$dleqf         fz_ws.l(dleqf.o)
    0x100147c0   0x100147c0   0x00000154   Code   RO         6303    x$fpl$dmul          fz_ws.l(dmul.o)
    0x10014914   0x10014914   0x0000009c   Code   RO         6495    x$fpl$dnaninf       fz_ws.l(dnaninf.o)
    0x100149b0   0x100149b0   0x0000000c   Code   RO         6497    x$fpl$dretinf       fz_ws.l(dretinf.o)
    0x100149bc   0x100149bc   0x0000006c   Code   RO         6305    x$fpl$drleqf        fz_ws.l(drleqf.o)
    0x10014a28   0x10014a28   0x00000016   Code   RO         6272    x$fpl$drsb          fz_ws.l(daddsub_clz.o)
    0x10014a3e   0x10014a3e   0x00000002   PAD
    0x10014a40   0x10014a40   0x000001cc   Code   RO         6629    x$fpl$dsqrt         fz_ws.l(dsqrt_noumaal.o)
    0x10014c0c   0x10014c0c   0x000001d4   Code   RO         6273    x$fpl$dsub          fz_ws.l(daddsub_clz.o)
    0x10014de0   0x10014de0   0x00000064   Code   RO         6633    x$fpl$retnan        fz_ws.l(retnan.o)
    0x10014e44   0x10014e44   0x0000005c   Code   RO         6323    x$fpl$scalbn        fz_ws.l(scalbn.o)
    0x10014ea0   0x10014ea0   0x00000030   Code   RO         6705    x$fpl$trapveneer    fz_ws.l(trapv.o)
    0x10014ed0   0x10014ed0   0x00000000   Code   RO         6513    x$fpl$usenofp       fz_ws.l(usenofp.o)
    0x10014ed0   0x10014ed0   0x0000000c   Data   RO          227    .constdata          idea_cmd.o
    0x10014edc   0x10014edc   0x00000090   Data   RO          648    .constdata          dll.o
    0x10014f6c   0x10014f6c   0x00000010   Data   RO         1107    .constdata          lotterymanager.o
    0x10014f7c   0x10014f7c   0x00000008   Data   RO         1375    .constdata          startup_max3255x.o
    0x10014f84   0x10014f84   0x00000007   Data   RO         2950    .constdata          ideabase.lib(qs_json.o)
    0x10014f8b   0x10014f8b   0x00000025   Data   RO         3261    .constdata          ideabase.lib(qs_log.o)
    0x10014fb0   0x10014fb0   0x00000400   Data   RO         3391    .constdata          ideabase.lib(qs_senv.o)
    0x100153b0   0x100153b0   0x00000120   Data   RO         3570    .constdata          ideabase.lib(idea_coder.o)
    0x100154d0   0x100154d0   0x000000b4   Data   RO         3739    .constdata          ideabase.lib(idea_comm.o)
    0x10015584   0x10015584   0x00000200   Data   RO         4377    .constdata          ideabase.lib(qs_crc16.o)
    0x10015784   0x10015784   0x00000080   Data   RO         4614    .constdata          ideabase.lib(qs_base64.o)
    0x10015804   0x10015804   0x00000880   Data   RO         5403    .constdata          ideabase.lib(qs_des.o)
    0x10016084   0x10016084   0x00000020   Data   RO         5997    .constdata          ideabase.lib(enumerate.o)
    0x100160a4   0x100160a4   0x00000018   Data   RO         6017    .constdata          ideabase.lib(spi.o)
    0x100160bc   0x100160bc   0x00000028   Data   RO         6203    .constdata          c_wu.l(_printf_hex_int_ll_ptr.o)
    0x100160e4   0x100160e4   0x00000011   Data   RO         6223    .constdata          c_wu.l(__printf_flags_ss_wp.o)
    0x100160f5   0x100160f5   0x00000003   PAD
    0x100160f8   0x100160f8   0x00000088   Data   RO         6331    .constdata          m_ws.l(pow.o)
    0x10016180   0x10016180   0x00000008   Data   RO         6532    .constdata          m_ws.l(qnan.o)
    0x10016188   0x10016188   0x00000041   Data   RO         4615    .conststring        ideabase.lib(qs_base64.o)
    0x100161c9   0x100161c9   0x00000003   PAD
    0x100161cc   0x100161cc   0x00000007   Data   RO         4992    .conststring        ideabase.lib(driver_iflash.o)
    0x100161d3   0x100161d3   0x00000001   PAD
    0x100161d4   0x100161d4   0x00000018   Data   RO         5071    .conststring        ideabase.lib(driver_serial.o)
    0x100161ec   0x100161ec   0x00000004   Data   RO         5157    .conststring        ideabase.lib(driver_usb.o)
    0x100161f0   0x100161f0   0x00000007   Data   RO         5288    .conststring        ideabase.lib(driver_timer.o)
    0x100161f7   0x100161f7   0x00000001   PAD
    0x100161f8   0x100161f8   0x0000000f   Data   RO         5745    .conststring        ideabase.lib(driver_fram.o)
    0x10016207   0x10016207   0x00000001   PAD
    0x10016208   0x10016208   0x00000004   Data   RO         5818    .conststring        ideabase.lib(driver_led.o)
    0x1001620c   0x1001620c   0x00000020   Data   RO         6791    Region$$Table       anon$$obj.o
    0x1001622c   0x1001622c   0x00000110   Data   RO         6610    locale$$data        c_wu.l(lc_ctype_c.o)


    Execution Region RW_IRAM1 (Exec base: 0x20000000, Load base: 0x1001633c, Size: 0x0000f628, Max: 0x00018000, ABSOLUTE, COMPRESSED[0x00000500])

    Exec Addr    Load Addr    Size         Type   Attr      Idx    E Section Name        Object

    0x20000000   COMPRESSED   0x00000044   Data   RW         5884    .bss                ideabase.lib(mml_tmr.o)
    0x20000044   COMPRESSED   0x0000004c   Data   RW         5918    .bss                ideabase.lib(mml_uart.o)
    0x20000090   COMPRESSED   0x0000001c   Data   RW         6050    .bss                ideabase.lib(mml_gpio.o)
    0x200000ac   COMPRESSED   0x0000001c   Data   RW         6071    .bss                ideabase.lib(mml_spi.o)
    0x200000c8   COMPRESSED   0x00000010   Data   RW          228    .data               idea_cmd.o
    0x200000d8   COMPRESSED   0x00000030   Data   RW          417    .data               cmd_fish.o
    0x20000108   COMPRESSED   0x00000030   Data   RW          418    .data               cmd_fish.o
    0x20000138   COMPRESSED   0x00000030   Data   RW          419    .data               cmd_fish.o
    0x20000168   COMPRESSED   0x0000001c   Data   RW          420    .data               cmd_fish.o
    0x20000184   COMPRESSED   0x00000064   Data   RW          421    .data               cmd_fish.o
    0x200001e8   COMPRESSED   0x00000064   Data   RW          422    .data               cmd_fish.o
    0x2000024c   COMPRESSED   0x00000064   Data   RW          423    .data               cmd_fish.o
    0x200002b0   COMPRESSED   0x00000010   Data   RW          602    .data               computerdata.o
    0x200002c0   COMPRESSED   0x00000020   Data   RW          603    .data               computerdata.o
    0x200002e0   COMPRESSED   0x00000006   Data   RW          649    .data               dll.o
    0x200002e6   COMPRESSED   0x00000006   Data   RW          650    .data               dll.o
    0x200002ec   COMPRESSED   0x00000006   Data   RW          651    .data               dll.o
    0x200002f2   COMPRESSED   0x00000002   PAD
    0x200002f4   COMPRESSED   0x00000010   Data   RW          652    .data               dll.o
    0x20000304   COMPRESSED   0x000001f4   Data   RW          806    .data               naturealg.o
    0x200004f8   COMPRESSED   0x000001f4   Data   RW          807    .data               naturealg.o
    0x200006ec   COMPRESSED   0x000001f4   Data   RW          808    .data               naturealg.o
    0x200008e0   COMPRESSED   0x000001f4   Data   RW          809    .data               naturealg.o
    0x20000ad4   COMPRESSED   0x00000020   Data   RW          810    .data               naturealg.o
    0x20000af4   COMPRESSED   0x00000005   Data   RW          811    .data               naturealg.o
    0x20000af9   COMPRESSED   0x00000005   Data   RW          812    .data               naturealg.o
    0x20000afe   COMPRESSED   0x00000005   Data   RW          813    .data               naturealg.o
    0x20000b03   COMPRESSED   0x00000005   Data   RW          814    .data               naturealg.o
    0x20000b08   COMPRESSED   0x000000f8   PAD
    0x20000c00   COMPRESSED   0x00000100   Data   RW         1374    .data               startup_max3255x.o
    0x20000d00   COMPRESSED   0x00000008   Data   RW         2496    .data               ideabase.lib(qs.o)
    0x20000d08   COMPRESSED   0x00000004   Data   RW         2725    .data               ideabase.lib(qs_database.o)
    0x20000d0c   COMPRESSED   0x00000008   Data   RW         2779    .data               ideabase.lib(qs_led.o)
    0x20000d14   COMPRESSED   0x0000000c   Data   RW         2951    .data               ideabase.lib(qs_json.o)
    0x20000d20   COMPRESSED   0x00000004   Data   RW         3262    .data               ideabase.lib(qs_log.o)
    0x20000d24   COMPRESSED   0x00000020   Data   RW         3330    .data               ideabase.lib(qs_system_senv.o)
    0x20000d44   COMPRESSED   0x00000008   Data   RW         3392    .data               ideabase.lib(qs_senv.o)
    0x20000d4c   COMPRESSED   0x00000008   Data   RW         3491    .data               ideabase.lib(qs_senv_manager.o)
    0x20000d54   COMPRESSED   0x0000000c   Data   RW         3571    .data               ideabase.lib(idea_coder.o)
    0x20000d60   COMPRESSED   0x00000010   Data   RW         3740    .data               ideabase.lib(idea_comm.o)
    0x20000d70   COMPRESSED   0x00000008   Data   RW         3893    .data               ideabase.lib(idea_player.o)
    0x20000d78   COMPRESSED   0x0000000c   Data   RW         4019    .data               ideabase.lib(idea_pwd.o)
    0x20000d84   COMPRESSED   0x00000004   Data   RW         4075    .data               ideabase.lib(qs_platform.o)
    0x20000d88   COMPRESSED   0x00000004   Data   RW         4181    .data               ideabase.lib(qs_ae_rand.o)
    0x20000d8c   COMPRESSED   0x00000004   Data   RW         4233    .data               ideabase.lib(qs_driver.o)
    0x20000d90   COMPRESSED   0x00000004   Data   RW         4616    .data               ideabase.lib(qs_base64.o)
    0x20000d94   COMPRESSED   0x00000038   Data   RW         4993    .data               ideabase.lib(driver_iflash.o)
    0x20000dcc   COMPRESSED   0x00000120   Data   RW         5072    .data               ideabase.lib(driver_serial.o)
    0x20000eec   COMPRESSED   0x000000a8   Data   RW         5158    .data               ideabase.lib(driver_usb.o)
    0x20000f94   COMPRESSED   0x00000030   Data   RW         5289    .data               ideabase.lib(driver_timer.o)
    0x20000fc4   COMPRESSED   0x0000006c   Data   RW         5746    .data               ideabase.lib(driver_fram.o)
    0x20001030   COMPRESSED   0x00000020   Data   RW         5819    .data               ideabase.lib(driver_led.o)
    0x20001050   COMPRESSED   0x00000004   Data   RW         5943    .data               ideabase.lib(usb_event.o)
    0x20001054   COMPRESSED   0x0000000a   Data   RW         5998    .data               ideabase.lib(enumerate.o)
    0x2000105e   COMPRESSED   0x00000002   PAD
    0x20001060   COMPRESSED   0x00000004   Data   RW         6018    .data               ideabase.lib(spi.o)
    0x20001064        -       0x00000010   Zero   RW          226    .bss                idea_cmd.o
    0x20001074   COMPRESSED   0x00000004   PAD
    0x20001078        -       0x00002348   Zero   RW          885    .bss                gamemanager.o
    0x200033c0        -       0x00000108   Zero   RW         1106    .bss                lotterymanager.o
    0x200034c8        -       0x00000028   Zero   RW         2686    .bss                ideabase.lib(qs_task.o)
    0x200034f0        -       0x0000000c   Zero   RW         2724    .bss                ideabase.lib(qs_database.o)
    0x200034fc        -       0x00000060   Zero   RW         2778    .bss                ideabase.lib(qs_led.o)
    0x2000355c        -       0x00000018   Zero   RW         3569    .bss                ideabase.lib(idea_coder.o)
    0x20003574        -       0x000000a0   Zero   RW         3738    .bss                ideabase.lib(idea_comm.o)
    0x20003614   COMPRESSED   0x00000004   PAD
    0x20003618        -       0x000001d0   Zero   RW         3892    .bss                ideabase.lib(idea_player.o)
    0x200037e8        -       0x00000018   Zero   RW         4018    .bss                ideabase.lib(idea_pwd.o)
    0x20003800        -       0x00000010   Zero   RW         4180    .bss                ideabase.lib(qs_ae_rand.o)
    0x20003810        -       0x00000040   Zero   RW         4325    .bss                ideabase.lib(qs_mm.o)
    0x20003850        -       0x00001940   Zero   RW         5156    .bss                ideabase.lib(driver_usb.o)
    0x20005190        -       0x00000200   Zero   RW         5706    .bss                ideabase.lib(mml_sflc.o)
    0x20005390        -       0x00000048   Zero   RW         5942    .bss                ideabase.lib(usb_event.o)
    0x200053d8   COMPRESSED   0x00000028   PAD
    0x20005400        -       0x00000160   Zero   RW         5972    .bss                ideabase.lib(usb.o)
    0x20005560        -       0x00000068   Zero   RW         5996    .bss                ideabase.lib(enumerate.o)
    0x200055c8        -       0x00000060   Zero   RW         6548    .bss                c_wu.l(libspace.o)
    0x20005628        -       0x00008000   Zero   RW         1372    HEAP                startup_max3255x.o
    0x2000d628        -       0x00002000   Zero   RW         1371    STACK               startup_max3255x.o


==============================================================================

Image component sizes


      Code (inc. data)   RO Data    RW Data    ZI Data      Debug   Object Name

        24          4          0          0          0       9627   app.o
      1216         12          0        472          0      15684   cmd_fish.o
       448          0          0          0          0       6383   commonstruct.o
         0          0          0         48          0       2727   computerdata.o
      3290         56        144         34          0      17348   dll.o
         2          0          0          0          0        503   ga.o
        38          0          0          0          0       4699   gameconfig.o
       466         38          0          0       9032       7138   gamemanager.o
        64          0          0          0          0       1088   idea_app.o
      5994        246         12         16         16      19386   idea_cmd.o
         4          0          0          0          0        508   idea_qs.o
        40          0          0          0          0       1588   jrand.o
       572         18          0          0          0       9831   lottery.o
       464         18         16          0        264       4893   lotterymanager.o
        18          0          0          0          0        567   main.o
       144          6          0       2052          0       3853   naturealg.o
      4192       4138          8        256      40960       1232   startup_max3255x.o

    ----------------------------------------------------------------------
     16986       4536        212       3128      50276     107055   Object Totals
         0          0         32          0          0          0   (incl. Generated)
        10          0          0        250          4          0   (incl. Padding)

    ----------------------------------------------------------------------

      Code (inc. data)   RO Data    RW Data    ZI Data      Debug   Library Member Name

        44          6          0          0          0         84   __2sprintf.o
       100          0          0          0          0          0   __dclz77c.o
         8          0          0          0          0         68   __main.o
       392          4         17          0          0         92   __printf_flags_ss_wp.o
        14          0          0          0          0         68   __printf_wp.o
         0          0          0          0          0          0   __rtentry.o
        12          0          0          0          0          0   __rtentry2.o
         6          0          0          0          0          0   __rtentry4.o
        52          8          0          0          0          0   __scatter.o
        28          0          0          0          0          0   __scatter_zi.o
        48          6          0          0          0         96   _printf_char_common.o
         6          0          0          0          0          0   _printf_d.o
       120         16          0          0          0         92   _printf_dec.o
       148          4         40          0          0        160   _printf_hex_int_ll_ptr.o
       178          0          0          0          0         88   _printf_intcommon.o
        78          0          0          0          0        108   _printf_pad.o
         0          0          0          0          0          0   _printf_percent.o
         4          0          0          0          0          0   _printf_percent_end.o
         6          0          0          0          0          0   _printf_x.o
        22          0          0          0          0        100   _rserrno.o
        10          0          0          0          0         68   _sputc.o
        16          0          0          0          0         68   aeabi_memset.o
        10          0          0          0          0         68   defsig_exit.o
        50          0          0          0          0         88   defsig_general.o
        80         58          0          0          0         76   defsig_rtmem_inner.o
        14          0          0          0          0         80   defsig_rtmem_outer.o
        18          0          0          0          0         80   exit.o
        94          0          0          0          0         80   h1_alloc.o
        52          0          0          0          0         68   h1_extend.o
        78          0          0          0          0         80   h1_free.o
        14          0          0          0          0         84   h1_init.o
         6          0          0          0          0        152   heapauxi.o
         4          0          0          0          0        136   hguard.o
         0          0          0          0          0          0   indicate_semi.o
       138          0          0          0          0        168   init_alloc.o
        44         10        272          0          0         76   lc_ctype_c.o
         2          0          0          0          0          0   libinit.o
        28          0          0          0          0          0   libinit2.o
         2          0          0          0          0          0   libshutdown.o
         2          0          0          0          0          0   libshutdown2.o
         8          4          0          0         96         68   libspace.o
       238          0          0          0          0        100   lludivv7m.o
         0          0          0          0          0          0   maybetermalloc1.o
        16          4          0          0          0         76   rt_ctype_table.o
         8          4          0          0          0         68   rt_errno_addr_intlibspace.o
         8          4          0          0          0         68   rt_heap_descriptor_intlibspace.o
         8          4          0          0          0         68   rt_locale_intlibspace.o
        68          0          0          0          0         68   rt_memclr.o
        78          0          0          0          0         80   rt_memclr_w.o
       138          0          0          0          0         68   rt_memcpy_v6.o
       100          0          0          0          0         80   rt_memcpy_w.o
         2          0          0          0          0          0   rtexit.o
        10          0          0          0          0          0   rtexit2.o
        20          0          0          0          0         68   strchr.o
       128          0          0          0          0         68   strcmpv7m.o
        72          0          0          0          0         80   strcpy.o
        62          0          0          0          0         76   strlen.o
       150          0          0          0          0         80   strncmp.o
        12          4          0          0          0         68   sys_exit.o
        74          0          0          0          0         80   sys_stackheap_outer.o
        14          0          0          0          0         76   sys_wrch.o
        26          0          0          0          0         76   tolower.o
         2          0          0          0          0         68   use_no_semi.o
       826         16          0          0          0        348   daddsub_clz.o
        16          4          0          0          0         68   dcheck1.o
        24          0          0          0          0         68   dcmpi.o
       688        140          0          0          0        208   ddiv.o
       120          4          0          0          0         92   deqf.o
        94          4          0          0          0         92   dfix.o
        84          0          0          0          0        136   dflt_clz.o
       120          4          0          0          0         92   dleqf.o
       340         12          0          0          0        104   dmul.o
       156          4          0          0          0         92   dnaninf.o
        12          0          0          0          0         68   dretinf.o
       108          0          0          0          0         80   drleqf.o
       460         56          0          0          0        120   dsqrt_noumaal.o
       100          0          0          0          0         68   retnan.o
        92          0          0          0          0         68   scalbn.o
        48          0          0          0          0         68   trapv.o
         0          0          0          0          0          0   usenofp.o
       882         12         15        108          0      11880   driver_fram.o
       866         46          7         56          0      10885   driver_iflash.o
       172          6          4         32          0       2503   driver_led.o
       928         32         24        288          0      22385   driver_serial.o
       326         20          7         48          0      10543   driver_timer.o
       902        160          4        168       6464      17511   driver_usb.o
      1464         70         32         10        104       6886   enumerate.o
      1088         98        288         12         24      14175   idea_coder.o
      1800        142        180         16        160      11308   idea_comm.o
      1010        102          0          8        464      11019   idea_player.o
       548         78          0         12         24       4250   idea_pwd.o
       332         18          0          0          0      22446   mml_gcr.o
      1608         44          0         28          0      16934   mml_gpio.o
       212         10          0          0          0       6153   mml_intc.o
      1452         76          0          0        512      11434   mml_sflc.o
      2640         76          0         28          0      21147   mml_spi.o
      1884        118          0         68          0      29740   mml_tmr.o
      1708         62          0         76          0      24644   mml_uart.o
       218         24          0          8          0      13549   qs.o
       208         20          0          4         16       3815   qs_ae_rand.o
        10          0          0          0          0        862   qs_algo.o
       612         16        193          4          0       3280   qs_base64.o
        30          0          0          0          0        872   qs_board.o
        58          4        512          0          0       1711   qs_crc16.o
       584         32          0          4         12       5064   qs_database.o
      9468        266       2176          0          0       9326   qs_des.o
       244          0          0          0          0       4350   qs_des_cbc.o
       100          0          0          0          0       1974   qs_des_ecb.o
       258         12          0          4          0       4898   qs_driver.o
       288          0          0          0          0       3473   qs_fifo.o
      5650        216          7         12          0      27768   qs_json.o
       656         78          0          8         96       5511   qs_led.o
       500          0          0          0          0       5806   qs_list.o
       900         26         37          4          0       6343   qs_log.o
       144         84          0          0          0       1497   qs_mem.o
       994        116          0          0         64       5852   qs_mm.o
        54          0          0          0          0        940   qs_modules.o
      1856          0          0          0          0      13816   qs_nn.o
       376         22          0          4          0       5741   qs_platform.o
        40          0          0          0          0       1942   qs_rand.o
       940          0          0          0          0       4825   qs_rsa.o
      3046         70       1024          8          0      13929   qs_senv.o
       892         68          0          8          0       5943   qs_senv_manager.o
      5996         58          0          0          0       5302   qs_sha1.o
        30          0          0          0          0        894   qs_system.o
      2398        202          0         32          0       6423   qs_system_senv.o
       124         14          0          0         40       2092   qs_task.o
       270          0          0          0          0       2551   qs_utility.o
        86         10         24          4          0      14254   spi.o
      2100         52          0          0        352      17798   usb.o
       332          8          0          4         72       9151   usb_event.o
        62         10          0          0          0        340   dunder.o
        40          0          0          0          0         68   fpclassify.o
       170          0          0          0          0         96   poly.o
      2520        190        136          0          0        324   pow.o
         0          0          8          0          0          0   qnan.o
        76          0          0          0          0         84   sqrt.o

    ----------------------------------------------------------------------
     68694       3148       5016       1068       8544     473891   Library Totals
        84          0          9          2         44          0   (incl. Padding)

    ----------------------------------------------------------------------

      Code (inc. data)   RO Data    RW Data    ZI Data      Debug   Library Name

      3170        136        329          0         96       3812   c_wu.l
      3288        244          0          0          0       1772   fz_ws.l
     59284       2568       4534       1066       8404     467395   ideabase.lib
      2868        200        144          0          0        912   m_ws.l

    ----------------------------------------------------------------------
     68694       3148       5016       1068       8544     473891   Library Totals

    ----------------------------------------------------------------------

==============================================================================


      Code (inc. data)   RO Data    RW Data    ZI Data      Debug   

     85680       7684       5228       4196      58820     557282   Grand Totals
     85680       7684       5228       1280      58820     557282   ELF Image Totals (compressed)
     85680       7684       5228       1280          0          0   ROM Totals

==============================================================================

    Total RO  Size (Code + RO Data)                90908 (  88.78kB)
    Total RW  Size (RW Data + ZI Data)             63016 (  61.54kB)
    Total ROM Size (Code + RO Data + RW Data)      92188 (  90.03kB)

==============================================================================

