Component: ARM Compiler 5.06 update 7 (build 960) Tool: armlink [4d3601]

==============================================================================

Section Cross References

    app.o(i.app_init) refers to idea_qs.o(i.idea_task_connect) for idea_task_connect
    app.o(i.app_init) refers to idea_app.o(i.idea_app_init) for idea_app_init
    app.o(i.app_init) refers to qs_log.o(i.qs_log) for qs_log
    app.o(i.app_init) refers to app.o(i.task_0) for task_0
    app.o(i.task_0) refers to idea_app.o(i.idea_app_exec) for idea_app_exec
    idea_app.o(i.idea_app_exec) refers to idea_comm.o(i.idea_comm_exec) for idea_comm_exec
    idea_app.o(i.idea_app_exec) refers to idea_coder.o(i.idea_coder_exec) for idea_coder_exec
    idea_app.o(i.idea_app_exec) refers to idea_pwd.o(i.idea_pwd_exec) for idea_pwd_exec
    idea_app.o(i.idea_app_exec) refers to idea_player.o(i.idea_player_exec) for idea_player_exec
    idea_app.o(i.idea_app_exec) refers to idea_cmd.o(i.idea_cmd_exec) for idea_cmd_exec
    idea_app.o(i.idea_app_init) refers to idea_comm.o(i.idea_comm_init) for idea_comm_init
    idea_app.o(i.idea_app_init) refers to idea_coder.o(i.idea_coder_init) for idea_coder_init
    idea_app.o(i.idea_app_init) refers to idea_pwd.o(i.idea_pwd_init) for idea_pwd_init
    idea_app.o(i.idea_app_init) refers to idea_player.o(i.idea_player_init) for idea_player_init
    idea_app.o(i.idea_app_init) refers to idea_cmd.o(i.idea_cmd_init) for idea_cmd_init
    idea_cmd.o(i.SenvReadCallback) refers to qs_json.o(i.qs_json_GetObjectItem) for qs_json_GetObjectItem
    idea_cmd.o(i.SenvReadCallback) refers to qs_json.o(i.qs_json_GetArraySize) for qs_json_GetArraySize
    idea_cmd.o(i.SenvReadCallback) refers to rt_memclr_w.o(.text) for __aeabi_memclr4
    idea_cmd.o(i.SenvReadCallback) refers to idea_player.o(i.player_statistics) for player_statistics
    idea_cmd.o(i.SenvReadCallback) refers to qs_json.o(i.qs_json_DeleteItemFromObject) for qs_json_DeleteItemFromObject
    idea_cmd.o(i.SenvReadCallback) refers to qs_json.o(i.qs_json_CreateIntArray) for qs_json_CreateIntArray
    idea_cmd.o(i.SenvReadCallback) refers to qs_json.o(i.qs_json_AddItemToObject) for qs_json_AddItemToObject
    idea_cmd.o(i.SenvReadCallback) refers to dflt_clz.o(x$fpl$dflt) for __aeabi_i2d
    idea_cmd.o(i.SenvReadCallback) refers to dfix.o(x$fpl$dfix) for __aeabi_d2iz
    idea_cmd.o(i.SenvReadCallback) refers to qs_senv_manager.o(i.qs_senv_manager_write) for qs_senv_manager_write
    idea_cmd.o(i.SenvReadCallback) refers to idea_comm.o(i.comm_data_get) for comm_data_get
    idea_cmd.o(i.SenvReadCallback) refers to idea_pwd.o(i.pwd_type) for pwd_type
    idea_cmd.o(i.SenvReadCallback) refers to qs_json.o(i.qs_json_GetArrayItem) for qs_json_GetArrayItem
    idea_cmd.o(i.SenvReadCallback) refers to idea_cmd.o(.data) for .data
    idea_cmd.o(i.SenvReadCallback) refers to idea_comm.o(i.comm_data_set) for comm_data_set
    idea_cmd.o(i.SenvReadCallback) refers to idea_pwd.o(i.pwd_check) for pwd_check
    idea_cmd.o(i.SenvReadCallback) refers to idea_pwd.o(i.pwd_set) for pwd_set
    idea_cmd.o(i.SenvReadCallback) refers to idea_player.o(i.player_total_bets_wins) for player_total_bets_wins
    idea_cmd.o(i.SenvReadCallback) refers to idea_coder.o(i.idea_coder_request) for idea_coder_request
    idea_cmd.o(i.SenvReadCallback) refers to idea_coder.o(i.idea_coder_remain_minute) for idea_coder_remain_minute
    idea_cmd.o(i.SenvReadCallback) refers to idea_coder.o(i.idea_coder_decode) for idea_coder_decode
    idea_cmd.o(i.SenvReadCallback) refers to idea_cmd.o(i.idea_decode_proc) for idea_decode_proc
    idea_cmd.o(i.SenvReadCallback) refers to idea_player.o(i.player_coin_info_update) for player_coin_info_update
    idea_cmd.o(i.SenvReadCallback) refers to idea_coder.o(i.idea_coder_state) for idea_coder_state
    idea_cmd.o(i.cmd_exec_0) refers to qs_json.o(i.qs_json_GetObjectItem) for qs_json_GetObjectItem
    idea_cmd.o(i.cmd_exec_0) refers to idea_coder.o(i.idea_coder_state) for idea_coder_state
    idea_cmd.o(i.cmd_exec_0) refers to idea_comm.o(i.comm_machine_id_lock) for comm_machine_id_lock
    idea_cmd.o(i.cmd_exec_0) refers to idea_coder.o(i.idea_coder_remain_minute) for idea_coder_remain_minute
    idea_cmd.o(i.cmd_exec_0) refers to idea_comm.o(i.comm_win_lock_Balance) for comm_win_lock_Balance
    idea_cmd.o(i.cmd_exec_0) refers to qs_json.o(i.qs_json_GetArrayItem) for qs_json_GetArrayItem
    idea_cmd.o(i.cmd_exec_0) refers to dflt_clz.o(x$fpl$dflt) for __aeabi_i2d
    idea_cmd.o(i.cmd_exec_0) refers to dfix.o(x$fpl$dfix) for __aeabi_d2iz
    idea_cmd.o(i.cmd_exec_0) refers to qs_senv_manager.o(i.qs_senv_manager_write) for qs_senv_manager_write
    idea_cmd.o(i.cmd_exec_0) refers to idea_cmd.o(.data) for .data
    idea_cmd.o(i.idea_cmd_exec) refers to qs_senv.o(i.qs_senv_connected) for qs_senv_connected
    idea_cmd.o(i.idea_cmd_exec) refers to qs_led.o(i.qs_led_green_blink) for qs_led_green_blink
[...]
    qs_base64_decode                         0x1000c9e5   Thumb Code   314  qs_base64.o(i.qs_base64_decode)
    qs_base64_encode                         0x1000cb25   Thumb Code   242  qs_base64.o(i.qs_base64_encode)
    qs_board_exec                            0x1000cc1d   Thumb Code    18  qs_board.o(i.qs_board_exec)
    qs_board_init                            0x1000cc2f   Thumb Code    12  qs_board.o(i.qs_board_init)
    qs_const_data                            0x1000cc3d   Thumb Code     6  qs.o(i.qs_const_data)
    qs_crc16                                 0x1000cc49   Thumb Code    34  qs_crc16.o(i.qs_crc16)
    qs_crc16_byte                            0x1000cc6d   Thumb Code    20  qs_crc16.o(i.qs_crc16_byte)
    qs_database_connect                      0x1000cc85   Thumb Code   104  qs_database.o(i.qs_database_connect)
    qs_database_exec                         0x1000ccf1   Thumb Code   182  qs_database.o(i.qs_database_exec)
    qs_database_init                         0x1000cdad   Thumb Code    34  qs_database.o(i.qs_database_init)
    qs_delay                                 0x1000cde1   Thumb Code    58  qs.o(i.qs_delay)
    qs_des_cbc_decrypt                       0x1000ce1b   Thumb Code   130  qs_des_cbc.o(i.qs_des_cbc_decrypt)
    qs_des_cbc_encrypt                       0x1000ce9d   Thumb Code   114  qs_des_cbc.o(i.qs_des_cbc_encrypt)
    qs_des_ecb_decrypt                       0x1000cf0f   Thumb Code    50  qs_des_ecb.o(i.qs_des_ecb_decrypt)
    qs_des_ecb_encrypt                       0x1000cf41   Thumb Code    50  qs_des_ecb.o(i.qs_des_ecb_encrypt)
    qs_driver_close                          0x1000cf73   Thumb Code    18  qs_driver.o(i.qs_driver_close)
    qs_driver_exec                           0x1000cf85   Thumb Code    18  qs_driver.o(i.qs_driver_exec)
    qs_driver_init                           0x1000cf97   Thumb Code    12  qs_driver.o(i.qs_driver_init)
    qs_driver_install                        0x1000cfa5   Thumb Code    42  qs_driver.o(i.qs_driver_install)
    qs_driver_ioctl                          0x1000cfd5   Thumb Code    30  qs_driver.o(i.qs_driver_ioctl)
    qs_driver_open                           0x1000cff5   Thumb Code    66  qs_driver.o(i.qs_driver_open)
    qs_driver_read                           0x1000d03d   Thumb Code    30  qs_driver.o(i.qs_driver_read)
    qs_driver_write                          0x1000d05b   Thumb Code    30  qs_driver.o(i.qs_driver_write)
    qs_exec                                  0x1000d079   Thumb Code    68  qs.o(i.qs_exec)
    qs_fifo_alloc8                           0x1000d0c1   Thumb Code    60  qs_fifo.o(i.qs_fifo_alloc8)
    qs_fifo_free                             0x1000d0fd   Thumb Code    38  qs_fifo.o(i.qs_fifo_free)
    qs_fifo_full                             0x1000d123   Thumb Code    56  qs_fifo.o(i.qs_fifo_full)
    qs_fifo_get8                             0x1000d15b   Thumb Code    58  qs_fifo.o(i.qs_fifo_get8)
    qs_fifo_put8                             0x1000d195   Thumb Code    76  qs_fifo.o(i.qs_fifo_put8)
    qs_get_value_by_tag                      0x1000d1e1   Thumb Code    74  qs_utility.o(i.qs_get_value_by_tag)
    qs_hex_string_to_hex                     0x1000d22b   Thumb Code   188  qs_utility.o(i.qs_hex_string_to_hex)
    qs_init                                  0x1000d2e9   Thumb Code    26  qs.o(i.qs_init)
    qs_json_AddItemToArray                   0x1000d30d   Thumb Code    42  qs_json.o(i.qs_json_AddItemToArray)
    qs_json_AddItemToObject                  0x1000d339   Thumb Code    44  qs_json.o(i.qs_json_AddItemToObject)
    qs_json_CreateArray                      0x1000d369   Thumb Code    18  qs_json.o(i.qs_json_CreateArray)
    qs_json_CreateIntArray                   0x1000d37b   Thumb Code    68  qs_json.o(i.qs_json_CreateIntArray)
    qs_json_CreateNumber                     0x1000d3bf   Thumb Code    36  qs_json.o(i.qs_json_CreateNumber)
    qs_json_CreateObject                     0x1000d3e3   Thumb Code    18  qs_json.o(i.qs_json_CreateObject)
    qs_json_Delete                           0x1000d3f5   Thumb Code    82  qs_json.o(i.qs_json_Delete)
    qs_json_DeleteItemFromObject             0x1000d44d   Thumb Code    22  qs_json.o(i.qs_json_DeleteItemFromObject)
    qs_json_DetachItemFromArray              0x1000d463   Thumb Code    66  qs_json.o(i.qs_json_DetachItemFromArray)
    qs_json_DetachItemFromObject             0x1000d4a5   Thumb Code    50  qs_json.o(i.qs_json_DetachItemFromObject)
    qs_json_GetArrayItem                     0x1000d4d7   Thumb Code    18  qs_json.o(i.qs_json_GetArrayItem)
    qs_json_GetArraySize                     0x1000d4e9   Thumb Code    18  qs_json.o(i.qs_json_GetArraySize)
    qs_json_GetObjectItem                    0x1000d4fb   Thumb Code    30  qs_json.o(i.qs_json_GetObjectItem)
    qs_json_Minify                           0x1000d519   Thumb Code   186  qs_json.o(i.qs_json_Minify)
    qs_json_Parse                            0x1000d5f5   Thumb Code    16  qs_json.o(i.qs_json_Parse)
    qs_json_ParseWithOpts                    0x1000d605   Thumb Code    96  qs_json.o(i.qs_json_ParseWithOpts)
    qs_json_Print                            0x1000d669   Thumb Code    18  qs_json.o(i.qs_json_Print)
    qs_led_blue_off                          0x1000d765   Thumb Code    14  qs_led.o(i.qs_led_blue_off)
    qs_led_exec                              0x1000d779   Thumb Code   250  qs_led.o(i.qs_led_exec)
    qs_led_green_blink                       0x1000d87d   Thumb Code    22  qs_led.o(i.qs_led_green_blink)
    qs_led_green_off                         0x1000d899   Thumb Code    14  qs_led.o(i.qs_led_green_off)
    qs_led_init                              0x1000d8ad   Thumb Code    80  qs_led.o(i.qs_led_init)
    qs_led_red_off                           0x1000d975   Thumb Code    14  qs_led.o(i.qs_led_red_off)
    qs_list_alloc                            0x1000d989   Thumb Code    28  qs_list.o(i.qs_list_alloc)
    qs_list_append_to_front                  0x1000d9a5   Thumb Code    76  qs_list.o(i.qs_list_append_to_front)
    qs_list_append_to_rear                   0x1000d9f1   Thumb Code    76  qs_list.o(i.qs_list_append_to_rear)
    qs_list_free                             0x1000da3d   Thumb Code    52  qs_list.o(i.qs_list_free)
    qs_list_get                              0x1000da71   Thumb Code    50  qs_list.o(i.qs_list_get)
    qs_list_remove_by_object                 0x1000daa3   Thumb Code   130  qs_list.o(i.qs_list_remove_by_object)
    qs_list_remove_from_front                0x1000db25   Thumb Code    62  qs_list.o(i.qs_list_remove_from_front)
    qs_list_size                             0x1000db63   Thumb Code    26  qs_list.o(i.qs_list_size)
    qs_log                                   0x1000db7d   Thumb Code     4  qs_log.o(i.qs_log)
    qs_mem_alloc                             0x1000db81   Thumb Code    30  qs_mem.o(i.qs_mem_alloc)
    qs_mem_free                              0x1000db9f   Thumb Code    14  qs_mem.o(i.qs_mem_free)
    qs_mm_close                              0x1000dbad   Thumb Code    52  qs_mm.o(i.qs_mm_close)
    qs_mm_exec                               0x1000dbe1   Thumb Code    18  qs_mm.o(i.qs_mm_exec)
    qs_mm_init                               0x1000dbfd   Thumb Code    20  qs_mm.o(i.qs_mm_init)
    qs_mm_open                               0x1000dc19   Thumb Code   238  qs_mm.o(i.qs_mm_open)
    qs_mm_read                               0x1000dd69   Thumb Code   144  qs_mm.o(i.qs_mm_read)
    qs_mm_write                              0x1000ddf9   Thumb Code   164  qs_mm.o(i.qs_mm_write)
    qs_modules_exec                          0x1000de9d   Thumb Code    30  qs_modules.o(i.qs_modules_exec)
    qs_modules_init                          0x1000debb   Thumb Code    24  qs_modules.o(i.qs_modules_init)
    qs_platform_exec                         0x1000ded3   Thumb Code    30  qs_platform.o(i.qs_platform_exec)
    qs_platform_init                         0x1000def1   Thumb Code    84  qs_platform.o(i.qs_platform_init)
    qs_platform_interrupt_disable            0x1000df4d   Thumb Code     4  qs_platform.o(i.qs_platform_interrupt_disable)
    qs_platform_interrupt_enable             0x1000df51   Thumb Code     4  qs_platform.o(i.qs_platform_interrupt_enable)
    qs_platform_millisecond                  0x1000df55   Thumb Code     6  qs_platform.o(i.qs_platform_millisecond)
    qs_platform_run_code                     0x1000df61   Thumb Code    14  qs_platform.o(i.qs_platform_run_code)
    qs_platform_sn                           0x1000df71   Thumb Code   192  qs_platform.o(i.qs_platform_sn)
    qs_platform_system_reboot                0x1000e035   Thumb Code     8  qs_platform.o(i.qs_platform_system_reboot)
    qs_rand32                                0x1000e03d   Thumb Code    16  qs_rand.o(i.qs_rand32)
    qs_rand8                                 0x1000e04d   Thumb Code    16  qs_rand.o(i.qs_rand8)
    qs_rand_init                             0x1000e05d   Thumb Code     8  qs_rand.o(i.qs_rand_init)
    qs_reboot                                0x1000e065   Thumb Code     8  qs.o(i.qs_reboot)
    qs_rsa_private_decrypt                   0x1000e06d   Thumb Code   164  qs_rsa.o(i.qs_rsa_private_decrypt)
    qs_rsa_public_encrypt                    0x1000e111   Thumb Code   148  qs_rsa.o(i.qs_rsa_public_encrypt)
    qs_senv_alloc                            0x1000e1a5   Thumb Code    96  qs_senv.o(i.qs_senv_alloc)
    qs_senv_connected                        0x1000e227   Thumb Code    28  qs_senv.o(i.qs_senv_connected)
    qs_senv_exec                             0x1000e243   Thumb Code     2  qs_senv.o(i.qs_senv_exec)
    qs_senv_free                             0x1000e445   Thumb Code   128  qs_senv.o(i.qs_senv_free)
    qs_senv_init                             0x1000e4c5   Thumb Code    60  qs_senv.o(i.qs_senv_init)
    qs_senv_manager_exec                     0x1000ea0d   Thumb Code    64  qs_senv_manager.o(i.qs_senv_manager_exec)
    qs_senv_manager_get                      0x1000ea51   Thumb Code    62  qs_senv_manager.o(i.qs_senv_manager_get)
    qs_senv_manager_init                     0x1000ea95   Thumb Code    24  qs_senv_manager.o(i.qs_senv_manager_init)
    qs_senv_manager_read                     0x1000eab5   Thumb Code    12  qs_senv_manager.o(i.qs_senv_manager_read)
    qs_senv_manager_register                 0x1000eac5   Thumb Code    50  qs_senv_manager.o(i.qs_senv_manager_register)
    qs_senv_manager_unregister               0x1000eb01   Thumb Code    22  qs_senv_manager.o(i.qs_senv_manager_unregister)
    qs_senv_manager_write                    0x1000eb1d   Thumb Code   252  qs_senv_manager.o(i.qs_senv_manager_write)
    qs_sha1                                  0x1000ec29   Thumb Code    38  qs_sha1.o(i.qs_sha1)
    qs_sn                                    0x10010395   Thumb Code    16  qs.o(i.qs_sn)
    qs_start                                 0x100103a5   Thumb Code    12  qs.o(i.qs_start)
    qs_system_exec                           0x100103b5   Thumb Code    18  qs_system.o(i.qs_system_exec)
    qs_system_init                           0x100103c7   Thumb Code    12  qs_system.o(i.qs_system_init)
    qs_system_senv_exec                      0x10010ad9   Thumb Code    70  qs_system_senv.o(i.qs_system_senv_exec)
    qs_system_senv_init                      0x10010b2d   Thumb Code    96  qs_system_senv.o(i.qs_system_senv_init)
    qs_system_senv_setup                     0x10010be9   Thumb Code    12  qs_system_senv.o(i.qs_system_senv_setup)
    qs_task_connect                          0x10010d35   Thumb Code    62  qs_task.o(i.qs_task_connect)
    qs_task_exec                             0x10010d79   Thumb Code    36  qs_task.o(i.qs_task_exec)
    qs_task_init                             0x10010da1   Thumb Code    12  qs_task.o(i.qs_task_init)
    qs_utility_init                          0x10010db1   Thumb Code     2  qs_utility.o(i.qs_utility_init)
    spi_init                                 0x100112b5   Thumb Code    54  spi.o(i.spi_init)
    spi_transmit                             0x100112f5   Thumb Code    22  spi.o(i.spi_transmit)
    sqrt                                     0x1001130b   Thumb Code    76  sqrt.o(i.sqrt)
    usb_bulk_configure                       0x10011615   Thumb Code   108  driver_usb.o(i.usb_bulk_configure)
    usb_bulk_deconfigure                     0x1001169d   Thumb Code    20  driver_usb.o(i.usb_bulk_deconfigure)
    _get_lc_ctype                            0x10011989   Thumb Code    44  lc_ctype_c.o(locale$$code)
    __aeabi_dadd                             0x100119b5   Thumb Code     0  daddsub_clz.o(x$fpl$dadd)
    _dadd                                    0x100119b5   Thumb Code   332  daddsub_clz.o(x$fpl$dadd)
    __fpl_dcheck_NaN1                        0x10011b05   Thumb Code    10  dcheck1.o(x$fpl$dcheck1)
    __fpl_dcmp_Inf                           0x10011b15   Thumb Code    24  dcmpi.o(x$fpl$dcmpinf)
    __aeabi_ddiv                             0x10011b2d   Thumb Code     0  ddiv.o(x$fpl$ddiv)
    _ddiv                                    0x10011b2d   Thumb Code   552  ddiv.o(x$fpl$ddiv)
    __aeabi_cdcmpeq                          0x10011ddd   Thumb Code     0  deqf.o(x$fpl$deqf)
    _dcmpeq                                  0x10011ddd   Thumb Code   120  deqf.o(x$fpl$deqf)
    __aeabi_d2iz                             0x10011e55   Thumb Code     0  dfix.o(x$fpl$dfix)
    _dfix                                    0x10011e55   Thumb Code    94  dfix.o(x$fpl$dfix)
    __aeabi_i2d                              0x10011eb3   Thumb Code     0  dflt_clz.o(x$fpl$dflt)
    _dflt                                    0x10011eb3   Thumb Code    46  dflt_clz.o(x$fpl$dflt)
    __aeabi_ui2d                             0x10011ee1   Thumb Code     0  dflt_clz.o(x$fpl$dfltu)
    _dfltu                                   0x10011ee1   Thumb Code    38  dflt_clz.o(x$fpl$dfltu)
    __aeabi_cdcmple                          0x10011f09   Thumb Code     0  dleqf.o(x$fpl$dleqf)
    _dcmple                                  0x10011f09   Thumb Code   120  dleqf.o(x$fpl$dleqf)
    __fpl_dcmple_InfNaN                      0x10011f6b   Thumb Code     0  dleqf.o(x$fpl$dleqf)
    __aeabi_dmul                             0x10011f81   Thumb Code     0  dmul.o(x$fpl$dmul)
    _dmul                                    0x10011f81   Thumb Code   332  dmul.o(x$fpl$dmul)
    __fpl_dnaninf                            0x100120d5   Thumb Code   156  dnaninf.o(x$fpl$dnaninf)
    __fpl_dretinf                            0x10012171   Thumb Code    12  dretinf.o(x$fpl$dretinf)
    __aeabi_cdrcmple                         0x1001217d   Thumb Code     0  drleqf.o(x$fpl$drleqf)
    _drcmple                                 0x1001217d   Thumb Code   108  drleqf.o(x$fpl$drleqf)
    __aeabi_drsub                            0x100121e9   Thumb Code     0  daddsub_clz.o(x$fpl$drsb)
    _drsb                                    0x100121e9   Thumb Code    22  daddsub_clz.o(x$fpl$drsb)
    _dsqrt                                   0x10012201   Thumb Code   456  dsqrt_noumaal.o(x$fpl$dsqrt)
    __aeabi_dsub                             0x100123cd   Thumb Code     0  daddsub_clz.o(x$fpl$dsub)
    _dsub                                    0x100123cd   Thumb Code   464  daddsub_clz.o(x$fpl$dsub)
    __fpl_return_NaN                         0x100125a1   Thumb Code   100  retnan.o(x$fpl$retnan)
    __ARM_scalbn                             0x10012605   Thumb Code    92  scalbn.o(x$fpl$scalbn)
    __fpl_cmpreturn                          0x10012661   Thumb Code    48  trapv.o(x$fpl$trapveneer)
    Part_Number                              0x10012690   Data           4  startup_max3255x.o(.constdata)
    __I$use$fp                               0x10012690   Number         0  usenofp.o(x$fpl$usenofp)
    Clock_Speed                              0x10012694   Data           4  startup_max3255x.o(.constdata)
    __mathlib_zero                           0x10013870   Data           8  qnan.o(.constdata)
    Region$$Table$$Base                      0x100138fc   Number         0  anon$$obj.o(Region$$Table)
    Region$$Table$$Limit                     0x1001391c   Number         0  anon$$obj.o(Region$$Table)
    __ctype                                  0x10013929   Data           0  lc_ctype_c.o(locale$$data)
    tmr_context                              0x20000000   Data          68  mml_tmr.o(.bss)
    uart_context                             0x20000044   Data          76  mml_uart.o(.bss)
    gpio_context                             0x20000090   Data          28  mml_gpio.o(.bss)
    spi_context                              0x200000ac   Data          28  mml_spi.o(.bss)
    __Vectors                                0x20000100   Data           4  startup_max3255x.o(.data)
    device_descriptor                        0x200003e8   Data          18  driver_usb.o(.data)
    config_descriptor                        0x200003fc   Data          32  driver_usb.o(.data)
    lang_id_desc                             0x2000041c   Data           4  driver_usb.o(.data)
    mfg_id_desc                              0x20000420   Data          20  driver_usb.o(.data)
    prod_id_desc                             0x20000434   Data          10  driver_usb.o(.data)
    serial_id_desc                           0x20000440   Data          24  driver_usb.o(.data)
    mml_sflc_buffer                          0x20002238   Data         512  mml_sflc.o(.bss)
    ep_buffer_descriptor                     0x20002600   Data         272  usb.o(.bss)
    enum_desc_table                          0x200027a8   Data          32  enumerate.o(.bss)
    __libspace_start                         0x200027c8   Data          96  libspace.o(.bss)
    __temporary_stack_top$libspace           0x20002828   Data           0  libspace.o(.bss)



==============================================================================

Memory Map of the image

  Image Entry point : 0x10000029

  Load Region LR_IROM1 (Base: 0x10000020, Size: 0x00013f6c, Max: 0x0007ffe0, ABSOLUTE, COMPRESSED[0x00013b90])

    Execution Region ER_IROM1 (Exec base: 0x10000020, Load base: 0x10000020, Size: 0x00013a0c, Max: 0x0007ffe0, ABSOLUTE)

    Exec Addr    Load Addr    Size         Type   Attr      Idx    E Section Name        Object

    0x10000020   0x10000020   0x00000008   Code   RO          324    RESET               startup_max3255x.o
    0x10000028   0x10000028   0x00000008   Code   RO         5218  * !!!main             c_wu.l(__main.o)
    0x10000030   0x10000030   0x00000034   Code   RO         5747    !!!scatter          c_wu.l(__scatter.o)
    0x10000064   0x10000064   0x0000005a   Code   RO         5745    !!dczerorl2         c_wu.l(__dczerorl2.o)
    0x100000be   0x100000be   0x00000002   PAD
    0x100000c0   0x100000c0   0x0000001c   Code   RO         5749    !!handler_zi        c_wu.l(__scatter_zi.o)
    0x100000dc   0x100000dc   0x00000000   Code   RO         5181    .ARM.Collect$$_printf_percent$$00000000  c_wu.l(_printf_percent.o)
    0x100000dc   0x100000dc   0x00000006   Code   RO         5179    .ARM.Collect$$_printf_percent$$00000009  c_wu.l(_printf_d.o)
    0x100000e2   0x100000e2   0x00000006   Code   RO         5178    .ARM.Collect$$_printf_percent$$0000000C  c_wu.l(_printf_x.o)
    0x100000e8   0x100000e8   0x00000004   Code   RO         5360    .ARM.Collect$$_printf_percent$$00000017  c_wu.l(_printf_percent_end.o)
    0x100000ec   0x100000ec   0x00000002   Code   RO         5644    .ARM.Collect$$libinit$$00000000  c_wu.l(libinit.o)
    0x100000ee   0x100000ee   0x00000000   Code   RO         5397    .ARM.Collect$$libinit$$00000002  c_wu.l(libinit2.o)
    0x100000ee   0x100000ee   0x00000000   Code   RO         5399    .ARM.Collect$$libinit$$00000004  c_wu.l(libinit2.o)
    0x100000ee   0x100000ee   0x00000008   Code   RO         5400    .ARM.Collect$$libinit$$00000005  c_wu.l(libinit2.o)
    0x100000f6   0x100000f6   0x00000000   Code   RO         5402    .ARM.Collect$$libinit$$0000000A  c_wu.l(libinit2.o)
    0x100000f6   0x100000f6   0x00000000   Code   RO         5404    .ARM.Collect$$libinit$$0000000C  c_wu.l(libinit2.o)
    0x100000f6   0x100000f6   0x00000000   Code   RO         5406    .ARM.Collect$$libinit$$0000000E  c_wu.l(libinit2.o)
    0x100000f6   0x100000f6   0x00000006   Code   RO         5407    .ARM.Collect$$libinit$$0000000F  c_wu.l(libinit2.o)
    0x100000fc   0x100000fc   0x00000000   Code   RO         5409    .ARM.Collect$$libinit$$00000011  c_wu.l(libinit2.o)
    0x100000fc   0x100000fc   0x0000000c   Code   RO         5410    .ARM.Collect$$libinit$$00000012  c_wu.l(libinit2.o)
    0x10000108   0x10000108   0x00000000   Code   RO         5411    .ARM.Collect$$libinit$$00000013  c_wu.l(libinit2.o)
    0x10000108   0x10000108   0x00000000   Code   RO         5413    .ARM.Collect$$libinit$$00000015  c_wu.l(libinit2.o)
    0x10000108   0x10000108   0x00000000   Code   RO         5415    .ARM.Collect$$libinit$$00000017  c_wu.l(libinit2.o)
    0x10000108   0x10000108   0x00000000   Code   RO         5417    .ARM.Collect$$libinit$$00000019  c_wu.l(libinit2.o)
    0x10000108   0x10000108   0x00000000   Code   RO         5419    .ARM.Collect$$libinit$$0000001B  c_wu.l(libinit2.o)
    0x10000108   0x10000108   0x00000000   Code   RO         5421    .ARM.Collect$$libinit$$0000001D  c_wu.l(libinit2.o)
    0x10000108   0x10000108   0x00000000   Code   RO         5423    .ARM.Collect$$libinit$$0000001F  c_wu.l(libinit2.o)
    0x10000108   0x10000108   0x00000000   Code   RO         5425    .ARM.Collect$$libinit$$00000021  c_wu.l(libinit2.o)
    0x10000108   0x10000108   0x00000000   Code   RO         5427    .ARM.Collect$$libinit$$00000023  c_wu.l(libinit2.o)
    0x10000108   0x10000108   0x00000000   Code   RO         5429    .ARM.Collect$$libinit$$00000025  c_wu.l(libinit2.o)
    0x10000108   0x10000108   0x00000000   Code   RO         5433    .ARM.Collect$$libinit$$0000002C  c_wu.l(libinit2.o)
    0x10000108   0x10000108   0x00000000   Code   RO         5435    .ARM.Collect$$libinit$$0000002E  c_wu.l(libinit2.o)
    0x10000108   0x10000108   0x00000000   Code   RO         5437    .ARM.Collect$$libinit$$00000030  c_wu.l(libinit2.o)
    0x10000108   0x10000108   0x00000000   Code   RO         5439    .ARM.Collect$$libinit$$00000032  c_wu.l(libinit2.o)
    0x10000108   0x10000108   0x00000002   Code   RO         5440    .ARM.Collect$$libinit$$00000033  c_wu.l(libinit2.o)
    0x1000010a   0x1000010a   0x00000002   Code   RO         5742    .ARM.Collect$$libshutdown$$00000000  c_wu.l(libshutdown.o)
    0x1000010c   0x1000010c   0x00000000   Code   RO         5682    .ARM.Collect$$libshutdown$$00000002  c_wu.l(libshutdown2.o)
    0x1000010c   0x1000010c   0x00000000   Code   RO         5684    .ARM.Collect$$libshutdown$$00000004  c_wu.l(libshutdown2.o)
    0x1000010c   0x1000010c   0x00000000   Code   RO         5686    .ARM.Collect$$libshutdown$$00000006  c_wu.l(libshutdown2.o)
    0x1000010c   0x1000010c   0x00000000   Code   RO         5689    .ARM.Collect$$libshutdown$$00000009  c_wu.l(libshutdown2.o)
    0x1000010c   0x1000010c   0x00000000   Code   RO         5692    .ARM.Collect$$libshutdown$$0000000C  c_wu.l(libshutdown2.o)
    0x1000010c   0x1000010c   0x00000000   Code   RO         5694    .ARM.Collect$$libshutdown$$0000000E  c_wu.l(libshutdown2.o)
    0x1000010c   0x1000010c   0x00000000   Code   RO         5697    .ARM.Collect$$libshutdown$$00000011  c_wu.l(libshutdown2.o)
    0x1000010c   0x1000010c   0x00000002   Code   RO         5698    .ARM.Collect$$libshutdown$$00000012  c_wu.l(libshutdown2.o)
    0x1000010e   0x1000010e   0x00000000   Code   RO         5294    .ARM.Collect$$rtentry$$00000000  c_wu.l(__rtentry.o)
    0x1000010e   0x1000010e   0x00000000   Code   RO         5501    .ARM.Collect$$rtentry$$00000002  c_wu.l(__rtentry2.o)
    0x1000010e   0x1000010e   0x00000006   Code   RO         5513    .ARM.Collect$$rtentry$$00000004  c_wu.l(__rtentry4.o)
    0x10000114   0x10000114   0x00000000   Code   RO         5503    .ARM.Collect$$rtentry$$00000009  c_wu.l(__rtentry2.o)
    0x10000114   0x10000114   0x00000004   Code   RO         5504    .ARM.Collect$$rtentry$$0000000A  c_wu.l(__rtentry2.o)
    0x10000118   0x10000118   0x00000000   Code   RO         5506    .ARM.Collect$$rtentry$$0000000C  c_wu.l(__rtentry2.o)
    0x10000118   0x10000118   0x00000008   Code   RO         5507    .ARM.Collect$$rtentry$$0000000D  c_wu.l(__rtentry2.o)
    0x10000120   0x10000120   0x00000002   Code   RO         5665    .ARM.Collect$$rtexit$$00000000  c_wu.l(rtexit.o)
    0x10000122   0x10000122   0x00000000   Code   RO         5706    .ARM.Collect$$rtexit$$00000002  c_wu.l(rtexit2.o)
    0x10000122   0x10000122   0x00000004   Code   RO         5707    .ARM.Collect$$rtexit$$00000003  c_wu.l(rtexit2.o)
    0x10000126   0x10000126   0x00000006   Code   RO         5708    .ARM.Collect$$rtexit$$00000004  c_wu.l(rtexit2.o)
    0x1000012c   0x1000012c   0x00000000   Code   RO         5529    .emb_text           c_wu.l(maybetermalloc1.o)
    0x1000012c   0x1000012c   0x00000014   PAD
    0x10000140   0x10000140   0x00001058   Code   RO          327    .text               startup_max3255x.o
    0x10001198   0x10001198   0x0000014c   Code   RO         4625    .text               ideabase.lib(mml_gcr.o)
    0x100012e4   0x100012e4   0x000005ac   Code   RO         4659    .text               ideabase.lib(mml_sflc.o)
    0x10001890   0x10001890   0x000000d4   Code   RO         4812    .text               ideabase.lib(mml_intc.o)
    0x10001964   0x10001964   0x0000075c   Code   RO         4837    .text               ideabase.lib(mml_tmr.o)
    0x100020c0   0x100020c0   0x000006ac   Code   RO         4871    .text               ideabase.lib(mml_uart.o)
    0x1000276c   0x1000276c   0x0000014c   Code   RO         4895    .text               ideabase.lib(usb_event.o)
    0x100028b8   0x100028b8   0x00000834   Code   RO         4925    .text               ideabase.lib(usb.o)
    0x100030ec   0x100030ec   0x000005b8   Code   RO         4949    .text               ideabase.lib(enumerate.o)
    0x100036a4   0x100036a4   0x00000648   Code   RO         5003    .text               ideabase.lib(mml_gpio.o)
    0x10003cec   0x10003cec   0x00000a50   Code   RO         5024    .text               ideabase.lib(mml_spi.o)
    0x1000473c   0x1000473c   0x0000005e   Code   RO         5056    .text               c_wu.l(h1_alloc.o)
    0x1000479a   0x1000479a   0x0000004e   Code   RO         5058    .text               c_wu.l(h1_free.o)
    0x100047e8   0x100047e8   0x0000001a   Code   RO         5120    .text               c_wu.l(tolower.o)
    0x10004802   0x10004802   0x00000002   PAD
    0x10004804   0x10004804   0x0000002c   Code   RO         5124    .text               c_wu.l(__2sprintf.o)
    0x10004830   0x10004830   0x0000004e   Code   RO         5130    .text               c_wu.l(_printf_pad.o)
    0x1000487e   0x1000487e   0x00000002   PAD
    0x10004880   0x10004880   0x00000078   Code   RO         5134    .text               c_wu.l(_printf_dec.o)
    0x100048f8   0x100048f8   0x00000094   Code   RO         5154    .text               c_wu.l(_printf_hex_int_ll_ptr.o)
    0x1000498c   0x1000498c   0x00000188   Code   RO         5174    .text               c_wu.l(__printf_flags_ss_wp.o)
    0x10004b14   0x10004b14   0x00000014   Code   RO         5188    .text               c_wu.l(strchr.o)
    0x10004b28   0x10004b28   0x00000048   Code   RO         5190    .text               c_wu.l(strcpy.o)
    0x10004b70   0x10004b70   0x0000003e   Code   RO         5194    .text               c_wu.l(strlen.o)
    0x10004bae   0x10004bae   0x00000096   Code   RO         5196    .text               c_wu.l(strncmp.o)
    0x10004c44   0x10004c44   0x0000008a   Code   RO         5200    .text               c_wu.l(rt_memcpy_v6.o)
    0x10004cce   0x10004cce   0x00000064   Code   RO         5204    .text               c_wu.l(rt_memcpy_w.o)
    0x10004d32   0x10004d32   0x00000010   Code   RO         5208    .text               c_wu.l(aeabi_memset.o)
    0x10004d42   0x10004d42   0x00000044   Code   RO         5210    .text               c_wu.l(rt_memclr.o)
    0x10004d86   0x10004d86   0x0000004e   Code   RO         5212    .text               c_wu.l(rt_memclr_w.o)
    0x10004dd4   0x10004dd4   0x00000080   Code   RO         5214    .text               c_wu.l(strcmpv7m.o)
    0x10004e54   0x10004e54   0x00000006   Code   RO         5216    .text               c_wu.l(heapauxi.o)
    0x10004e5a   0x10004e5a   0x00000002   PAD
    0x10004e5c   0x10004e5c   0x00000010   Code   RO         5295    .text               c_wu.l(rt_ctype_table.o)
    0x10004e6c   0x10004e6c   0x00000008   Code   RO         5304    .text               c_wu.l(rt_heap_descriptor_intlibspace.o)
    0x10004e74   0x10004e74   0x00000004   Code   RO         5306    .text               c_wu.l(hguard.o)
    0x10004e78   0x10004e78   0x0000008a   Code   RO         5308    .text               c_wu.l(init_alloc.o)
    0x10004f02   0x10004f02   0x0000000e   Code   RO         5312    .text               c_wu.l(h1_init.o)
    0x10004f10   0x10004f10   0x00000016   Code   RO         5326    .text               c_wu.l(_rserrno.o)
    0x10004f26   0x10004f26   0x000000b2   Code   RO         5330    .text               c_wu.l(_printf_intcommon.o)
    0x10004fd8   0x10004fd8   0x00000030   Code   RO         5334    .text               c_wu.l(_printf_char_common.o)
    0x10005008   0x10005008   0x0000000a   Code   RO         5336    .text               c_wu.l(_sputc.o)
    0x10005012   0x10005012   0x0000000e   Code   RO         5491    .text               c_wu.l(sys_wrch.o)
    0x10005020   0x10005020   0x0000000c   Code   RO         5495    .text               c_wu.l(sys_exit.o)
    0x1000502c   0x1000502c   0x00000008   Code   RO         5497    .text               c_wu.l(libspace.o)
    0x10005034   0x10005034   0x00000008   Code   RO         5520    .text               c_wu.l(rt_locale_intlibspace.o)
    0x1000503c   0x1000503c   0x00000008   Code   RO         5525    .text               c_wu.l(rt_errno_addr_intlibspace.o)
    0x10005044   0x10005044   0x00000034   Code   RO         5531    .text               c_wu.l(h1_extend.o)
    0x10005078   0x10005078   0x0000000e   Code   RO         5572    .text               c_wu.l(defsig_rtmem_outer.o)
    0x10005086   0x10005086   0x00000002   Code   RO         5587    .text               c_wu.l(use_no_semi.o)
    0x10005088   0x10005088   0x00000000   Code   RO         5589    .text               c_wu.l(indicate_semi.o)
    0x10005088   0x10005088   0x0000004a   Code   RO         5590    .text               c_wu.l(sys_stackheap_outer.o)
    0x100050d2   0x100050d2   0x00000012   Code   RO         5623    .text               c_wu.l(exit.o)
    0x100050e4   0x100050e4   0x0000000a   Code   RO         5625    .text               c_wu.l(defsig_exit.o)
    0x100050ee   0x100050ee   0x00000002   PAD
    0x100050f0   0x100050f0   0x00000050   Code   RO         5633    .text               c_wu.l(defsig_rtmem_inner.o)
    0x10005140   0x10005140   0x00000032   Code   RO         5677    .text               c_wu.l(defsig_general.o)
    0x10005172   0x10005172   0x00000036   Code   RO         4458    i.NN_Add            ideabase.lib(qs_nn.o)
    0x100051a8   0x100051a8   0x00000010   Code   RO         4459    i.NN_Assign         ideabase.lib(qs_nn.o)
    0x100051b8   0x100051b8   0x00000010   Code   RO         4461    i.NN_AssignZero     ideabase.lib(qs_nn.o)
    0x100051c8   0x100051c8   0x00000034   Code   RO         4463    i.NN_Cmp            ideabase.lib(qs_nn.o)
    0x100051fc   0x100051fc   0x0000004c   Code   RO         4464    i.NN_Decode         ideabase.lib(qs_nn.o)
    0x10005248   0x10005248   0x00000016   Code   RO         4465    i.NN_DigitBits      ideabase.lib(qs_nn.o)
    0x1000525e   0x1000525e   0x00000022   Code   RO         4466    i.NN_Digits         ideabase.lib(qs_nn.o)
    0x10005280   0x10005280   0x00000272   Code   RO         4467    i.NN_Div            ideabase.lib(qs_nn.o)
    0x100054f2   0x100054f2   0x00000046   Code   RO         4468    i.NN_Encode         ideabase.lib(qs_nn.o)
    0x10005538   0x10005538   0x00000030   Code   RO         4470    i.NN_LShift         ideabase.lib(qs_nn.o)
    0x10005568   0x10005568   0x00000028   Code   RO         4471    i.NN_Mod            ideabase.lib(qs_nn.o)
    0x10005590   0x10005590   0x000000d6   Code   RO         4472    i.NN_ModExp         ideabase.lib(qs_nn.o)
    0x10005666   0x10005666   0x00000030   Code   RO         4474    i.NN_ModMult        ideabase.lib(qs_nn.o)
    0x10005696   0x10005696   0x000000ba   Code   RO         4475    i.NN_Mult           ideabase.lib(qs_nn.o)
    0x10005750   0x10005750   0x00000036   Code   RO         4476    i.NN_RShift         ideabase.lib(qs_nn.o)
    0x10005786   0x10005786   0x00000040   Code   RO         4477    i.NN_Sub            ideabase.lib(qs_nn.o)
    0x100057c6   0x100057c6   0x0000000a   Code   RO         4689    i.SPI_FRAM_ReceiveByte  ideabase.lib(driver_fram.o)
    0x100057d0   0x100057d0   0x00000ca8   Code   RO          214    i.SenvReadCallback  idea_cmd.o
    0x10006478   0x10006478   0x00000010   Code   RO         3019    i.SysTick_Handler   ideabase.lib(qs_platform.o)
    0x10006488   0x10006488   0x00000008   Code   RO         4095    i.USB_IRQHandler    ideabase.lib(driver_usb.o)
    0x10006490   0x10006490   0x00000028   Code   RO         5478    i.__ARM_fpclassify  m_ws.l(fpclassify.o)
    0x100064b8   0x100064b8   0x000000aa   Code   RO         5480    i.__kernel_poly     m_ws.l(poly.o)
    0x10006562   0x10006562   0x00000002   PAD
    0x10006564   0x10006564   0x00000010   Code   RO         5464    i.__mathlib_dbl_divzero  m_ws.l(dunder.o)
    0x10006574   0x10006574   0x00000004   Code   RO         5466    i.__mathlib_dbl_infnan2  m_ws.l(dunder.o)
    0x10006578   0x10006578   0x0000000c   Code   RO         5467    i.__mathlib_dbl_invalid  m_ws.l(dunder.o)
    0x10006584   0x10006584   0x0000000e   Code   RO         5468    i.__mathlib_dbl_overflow  m_ws.l(dunder.o)
    0x10006592   0x10006592   0x00000002   PAD
    0x10006594   0x10006594   0x00000010   Code   RO         5470    i.__mathlib_dbl_underflow  m_ws.l(dunder.o)
    0x100065a4   0x100065a4   0x0000000e   Code   RO         5167    i._is_digit         c_wu.l(__printf_wp.o)
    0x100065b2   0x100065b2   0x00000002   PAD
    0x100065b4   0x100065b4   0x00000038   Code   RO            1    i.app_init          app.o
    0x100065ec   0x100065ec   0x0000000e   Code   RO         3935    i.close             ideabase.lib(driver_iflash.o)
    0x100065fa   0x100065fa   0x0000002c   Code   RO         4013    i.close             ideabase.lib(driver_serial.o)
    0x10006626   0x10006626   0x00000002   PAD
    0x10006628   0x10006628   0x00000038   Code   RO         4096    i.close             ideabase.lib(driver_usb.o)
    0x10006660   0x10006660   0x00000020   Code   RO         4234    i.close             ideabase.lib(driver_timer.o)
    0x10006680   0x10006680   0x0000000e   Code   RO         4690    i.close             ideabase.lib(driver_fram.o)
    0x1000668e   0x1000668e   0x00000002   Code   RO         4766    i.close             ideabase.lib(driver_led.o)
    0x10006690   0x10006690   0x000000b0   Code   RO          215    i.cmd_exec_0        idea_cmd.o
    0x10006740   0x10006740   0x0000002c   Code   RO         2507    i.coder_data_setup  ideabase.lib(idea_coder.o)
    0x1000676c   0x1000676c   0x000000c8   Code   RO         2508    i.coder_get_token0  ideabase.lib(idea_coder.o)
    0x10006834   0x10006834   0x000000ec   Code   RO         2509    i.coder_get_token1  ideabase.lib(idea_coder.o)
    0x10006920   0x10006920   0x0000000c   Code   RO         2673    i.comm_coin_value   ideabase.lib(idea_comm.o)
    0x1000692c   0x1000692c   0x0000001c   Code   RO         2674    i.comm_data_get     ideabase.lib(idea_comm.o)
    0x10006948   0x10006948   0x000001ac   Code   RO         2675    i.comm_data_set     ideabase.lib(idea_comm.o)
    0x10006af4   0x10006af4   0x00000200   Code   RO         2676    i.comm_data_set_coder  ideabase.lib(idea_comm.o)
    0x10006cf4   0x10006cf4   0x000001c0   Code   RO         2677    i.comm_data_setup   ideabase.lib(idea_comm.o)
    0x10006eb4   0x10006eb4   0x0000000c   Code   RO         2679    i.comm_machine_id_lock  ideabase.lib(idea_comm.o)
    0x10006ec0   0x10006ec0   0x0000000c   Code   RO         2683    i.comm_pulse_value  ideabase.lib(idea_comm.o)
    0x10006ecc   0x10006ecc   0x0000000c   Code   RO         2684    i.comm_score_ticket  ideabase.lib(idea_comm.o)
    0x10006ed8   0x10006ed8   0x0000000c   Code   RO         2686    i.comm_ticket_value  ideabase.lib(idea_comm.o)
    0x10006ee4   0x10006ee4   0x00000014   Code   RO         2687    i.comm_value_length  ideabase.lib(idea_comm.o)
    0x10006ef8   0x10006ef8   0x00000028   Code   RO         2688    i.comm_win_lock_Balance  ideabase.lib(idea_comm.o)
    0x10006f20   0x10006f20   0x00000020   Code   RO         2510    i.crc8              ideabase.lib(idea_coder.o)
    0x10006f40   0x10006f40   0x000000b0   Code   RO         1678    i.database_data_init  ideabase.lib(qs_database.o)
    0x10006ff0   0x10006ff0   0x00001718   Code   RO         4346    i.des3_crypt        ideabase.lib(qs_des.o)
    0x10008708   0x10008708   0x00000042   Code   RO         4347    i.des_1key          ideabase.lib(qs_des.o)
    0x1000874a   0x1000874a   0x000000b4   Code   RO         4348    i.des_2key          ideabase.lib(qs_des.o)
    0x100087fe   0x100087fe   0x000000ac   Code   RO         4349    i.des_3key          ideabase.lib(qs_des.o)
    0x100088aa   0x100088aa   0x00000002   PAD
    0x100088ac   0x100088ac   0x00000850   Code   RO         4350    i.des_crypt         ideabase.lib(qs_des.o)
    0x100090fc   0x100090fc   0x0000004c   Code   RO         4351    i.des_decrypt       ideabase.lib(qs_des.o)
    0x10009148   0x10009148   0x00000048   Code   RO         4352    i.des_encrypt       ideabase.lib(qs_des.o)
    0x10009190   0x10009190   0x00000042   Code   RO         4353    i.des_key_set       ideabase.lib(qs_des.o)
    0x100091d2   0x100091d2   0x00000002   PAD
    0x100091d4   0x100091d4   0x0000031c   Code   RO         4354    i.des_main_ks       ideabase.lib(qs_des.o)
    0x100094f0   0x100094f0   0x00000086   Code   RO         4479    i.dmult             ideabase.lib(qs_nn.o)
    0x10009576   0x10009576   0x00000002   Code   RO         4691    i.driver_fram_exec  ideabase.lib(driver_fram.o)
    0x10009578   0x10009578   0x00000018   Code   RO         4692    i.driver_fram_install  ideabase.lib(driver_fram.o)
    0x10009590   0x10009590   0x00000002   Code   RO         3936    i.driver_iflash_exec  ideabase.lib(driver_iflash.o)
    0x10009592   0x10009592   0x00000002   PAD
    0x10009594   0x10009594   0x00000010   Code   RO         3937    i.driver_iflash_install  ideabase.lib(driver_iflash.o)
    0x100095a4   0x100095a4   0x00000002   Code   RO         4767    i.driver_led_exec   ideabase.lib(driver_led.o)
    0x100095a6   0x100095a6   0x00000002   PAD
    0x100095a8   0x100095a8   0x00000010   Code   RO         4768    i.driver_led_install  ideabase.lib(driver_led.o)
    0x100095b8   0x100095b8   0x00000002   Code   RO         4014    i.driver_serial_exec  ideabase.lib(driver_serial.o)
    0x100095ba   0x100095ba   0x00000002   PAD
    0x100095bc   0x100095bc   0x00000024   Code   RO         4015    i.driver_serial_install  ideabase.lib(driver_serial.o)
    0x100095e0   0x100095e0   0x00000002   Code   RO         4235    i.driver_timer_exec  ideabase.lib(driver_timer.o)
    0x100095e2   0x100095e2   0x00000002   PAD
    0x100095e4   0x100095e4   0x00000010   Code   RO         4236    i.driver_timer_install  ideabase.lib(driver_timer.o)
    0x100095f4   0x100095f4   0x00000002   Code   RO         4097    i.driver_usb_exec   ideabase.lib(driver_usb.o)
    0x100095f6   0x100095f6   0x00000002   PAD
    0x100095f8   0x100095f8   0x00000010   Code   RO         4098    i.driver_usb_install  ideabase.lib(driver_usb.o)
    0x10009608   0x10009608   0x00000070   Code   RO         1853    i.ensure            ideabase.lib(qs_json.o)
    0x10009678   0x10009678   0x0000002c   Code   RO         4100    i.ep_in_cb          ideabase.lib(driver_usb.o)
    0x100096a4   0x100096a4   0x00000048   Code   RO         4101    i.ep_out_cb         ideabase.lib(driver_usb.o)
    0x100096ec   0x100096ec   0x0000003a   Code   RO         4102    i.event_callback    ideabase.lib(driver_usb.o)
    0x10009726   0x10009726   0x00000002   Code   RO          337    i.ga_reset          ga.o
    0x10009728   0x10009728   0x00000136   Code   RO         2327    i.header_decode     ideabase.lib(qs_senv.o)
    0x1000985e   0x1000985e   0x000000b2   Code   RO         2328    i.header_encode     ideabase.lib(qs_senv.o)
    0x10009910   0x10009910   0x00000020   Code   RO         2329    i.header_init       ideabase.lib(qs_senv.o)
    0x10009930   0x10009930   0x00000014   Code   RO         2330    i.header_set_crc_in_buf  ideabase.lib(qs_senv.o)
    0x10009944   0x10009944   0x00000026   Code   RO          192    i.idea_app_exec     idea_app.o
    0x1000996a   0x1000996a   0x0000001a   Code   RO          193    i.idea_app_init     idea_app.o
    0x10009984   0x10009984   0x00000054   Code   RO          216    i.idea_cmd_exec     idea_cmd.o
    0x100099d8   0x100099d8   0x000000b4   Code   RO          217    i.idea_cmd_init     idea_cmd.o
    0x10009a8c   0x10009a8c   0x00000084   Code   RO         2512    i.idea_coder_decode  ideabase.lib(idea_coder.o)
    0x10009b10   0x10009b10   0x00000040   Code   RO         2513    i.idea_coder_exec   ideabase.lib(idea_coder.o)
    0x10009b50   0x10009b50   0x00000020   Code   RO         2514    i.idea_coder_init   ideabase.lib(idea_coder.o)
    0x10009b70   0x10009b70   0x0000000c   Code   RO         2515    i.idea_coder_remain_minute  ideabase.lib(idea_coder.o)
    0x10009b7c   0x10009b7c   0x00000044   Code   RO         2516    i.idea_coder_request  ideabase.lib(idea_coder.o)
    0x10009bc0   0x10009bc0   0x0000000c   Code   RO         2517    i.idea_coder_set_minute  ideabase.lib(idea_coder.o)
    0x10009bcc   0x10009bcc   0x000000f0   Code   RO         2518    i.idea_coder_state  ideabase.lib(idea_coder.o)
    0x10009cbc   0x10009cbc   0x00000010   Code   RO         2519    i.idea_coder_update  ideabase.lib(idea_coder.o)
    0x10009ccc   0x10009ccc   0x000000e8   Code   RO         2690    i.idea_comm_exec    ideabase.lib(idea_comm.o)
    0x10009db4   0x10009db4   0x00000020   Code   RO         2691    i.idea_comm_init    ideabase.lib(idea_comm.o)
    0x10009dd4   0x10009dd4   0x0000001a   Code   RO          218    i.idea_decode_proc  idea_cmd.o
    0x10009dee   0x10009dee   0x00000002   Code   RO         2824    i.idea_player_exec  ideabase.lib(idea_player.o)
    0x10009df0   0x10009df0   0x00000020   Code   RO         2825    i.idea_player_init  ideabase.lib(idea_player.o)
    0x10009e10   0x10009e10   0x0000004c   Code   RO         2965    i.idea_pwd_exec     ideabase.lib(idea_pwd.o)
    0x10009e5c   0x10009e5c   0x00000034   Code   RO         2966    i.idea_pwd_init     ideabase.lib(idea_pwd.o)
    0x10009e90   0x10009e90   0x00000004   Code   RO          257    i.idea_task_connect  idea_qs.o
    0x10009e94   0x10009e94   0x000000e0   Code   RO         3939    i.ioctl             ideabase.lib(driver_iflash.o)
    0x10009f74   0x10009f74   0x00000090   Code   RO         4017    i.ioctl             ideabase.lib(driver_serial.o)
    0x1000a004   0x1000a004   0x0000003c   Code   RO         4103    i.ioctl             ideabase.lib(driver_usb.o)
    0x1000a040   0x1000a040   0x00000048   Code   RO         4238    i.ioctl             ideabase.lib(driver_timer.o)
    0x1000a088   0x1000a088   0x00000066   Code   RO         4694    i.ioctl             ideabase.lib(driver_fram.o)
    0x1000a0ee   0x1000a0ee   0x00000050   Code   RO         4770    i.ioctl             ideabase.lib(driver_led.o)
    0x1000a13e   0x1000a13e   0x00000002   PAD
    0x1000a140   0x1000a140   0x000000f4   Code   RO         3940    i.m55_flash_erase   ideabase.lib(driver_iflash.o)
    0x1000a234   0x1000a234   0x00000020   Code   RO         3941    i.m55_flash_read    ideabase.lib(driver_iflash.o)
    0x1000a254   0x1000a254   0x000000e0   Code   RO         3942    i.m55_flash_write   ideabase.lib(driver_iflash.o)
    0x1000a334   0x1000a334   0x00000012   Code   RO          306    i.main              main.o
    0x1000a346   0x1000a346   0x0000008a   Code   RO         2331    i.message_fifo_add  ideabase.lib(qs_senv.o)
    0x1000a3d0   0x1000a3d0   0x00000032   Code   RO         2332    i.message_fifo_get  ideabase.lib(qs_senv.o)
    0x1000a402   0x1000a402   0x0000006e   Code   RO         3271    i.mm_block_read     ideabase.lib(qs_mm.o)
    0x1000a470   0x1000a470   0x00000084   Code   RO         3272    i.mm_block_write    ideabase.lib(qs_mm.o)
    0x1000a4f4   0x1000a4f4   0x0000001e   Code   RO         1679    i.mm_read           ideabase.lib(qs_database.o)
    0x1000a512   0x1000a512   0x0000001e   Code   RO         1680    i.mm_write          ideabase.lib(qs_database.o)
    0x1000a530   0x1000a530   0x0000001a   Code   RO         3943    i.open              ideabase.lib(driver_iflash.o)
    0x1000a54a   0x1000a54a   0x000000d6   Code   RO         4018    i.open              ideabase.lib(driver_serial.o)
    0x1000a620   0x1000a620   0x000000ec   Code   RO         4104    i.open              ideabase.lib(driver_usb.o)
    0x1000a70c   0x1000a70c   0x000000a8   Code   RO         4239    i.open              ideabase.lib(driver_timer.o)
    0x1000a7b4   0x1000a7b4   0x00000088   Code   RO         4695    i.open              ideabase.lib(driver_fram.o)
    0x1000a83c   0x1000a83c   0x00000048   Code   RO         4771    i.open              ideabase.lib(driver_led.o)
    0x1000a884   0x1000a884   0x000000ac   Code   RO         1854    i.parse_array       ideabase.lib(qs_json.o)
    0x1000a930   0x1000a930   0x00000114   Code   RO         1855    i.parse_hex4        ideabase.lib(qs_json.o)
    0x1000aa44   0x1000aa44   0x000001bc   Code   RO         1856    i.parse_number      ideabase.lib(qs_json.o)
    0x1000ac00   0x1000ac00   0x00000114   Code   RO         1857    i.parse_object      ideabase.lib(qs_json.o)
    0x1000ad14   0x1000ad14   0x000001cc   Code   RO         1858    i.parse_string      ideabase.lib(qs_json.o)
    0x1000aee0   0x1000aee0   0x000000bc   Code   RO         1859    i.parse_value       ideabase.lib(qs_json.o)
    0x1000af9c   0x1000af9c   0x00000050   Code   RO         2827    i.player_coin_in    ideabase.lib(idea_player.o)
    0x1000afec   0x1000afec   0x00000060   Code   RO         2828    i.player_coin_info_update  ideabase.lib(idea_player.o)
    0x1000b04c   0x1000b04c   0x00000014   Code   RO         2829    i.player_data_null  ideabase.lib(idea_player.o)
    0x1000b060   0x1000b060   0x00000038   Code   RO         2830    i.player_data_setup  ideabase.lib(idea_player.o)
    0x1000b098   0x1000b098   0x0000001c   Code   RO         2831    i.player_reset      ideabase.lib(idea_player.o)
    0x1000b0b4   0x1000b0b4   0x0000004c   Code   RO         2832    i.player_score_down  ideabase.lib(idea_player.o)
    0x1000b100   0x1000b100   0x00000038   Code   RO         2833    i.player_score_up   ideabase.lib(idea_player.o)
    0x1000b138   0x1000b138   0x00000020   Code   RO         2834    i.player_statistics  ideabase.lib(idea_player.o)
    0x1000b158   0x1000b158   0x000000bc   Code   RO         2835    i.player_ticket_out  ideabase.lib(idea_player.o)
    0x1000b214   0x1000b214   0x00000028   Code   RO         2836    i.player_ticket_update  ideabase.lib(idea_player.o)
    0x1000b23c   0x1000b23c   0x00000058   Code   RO         2838    i.player_total_bets_wins  ideabase.lib(idea_player.o)
    0x1000b294   0x1000b294   0x0000001c   Code   RO         2839    i.player_total_get_current_wins  ideabase.lib(idea_player.o)
    0x1000b2b0   0x1000b2b0   0x0000001c   Code   RO         2840    i.player_total_get_custom_wins  ideabase.lib(idea_player.o)
    0x1000b2cc   0x1000b2cc   0x00000014   Code   RO         2841    i.player_total_reset_current_wins  ideabase.lib(idea_player.o)
    0x1000b2e0   0x1000b2e0   0x00000014   Code   RO         2842    i.player_total_reset_custom_wins  ideabase.lib(idea_player.o)
    0x1000b2f4   0x1000b2f4   0x000009d8   Code   RO         5279    i.pow               m_ws.l(pow.o)
    0x1000bccc   0x1000bccc   0x0000001c   Code   RO         1860    i.pow2gt            ideabase.lib(qs_json.o)
    0x1000bce8   0x1000bce8   0x00000250   Code   RO         1861    i.print_array       ideabase.lib(qs_json.o)
    0x1000bf38   0x1000bf38   0x000000d8   Code   RO         1862    i.print_number      ideabase.lib(qs_json.o)
    0x1000c010   0x1000c010   0x00000418   Code   RO         1863    i.print_object      ideabase.lib(qs_json.o)
    0x1000c428   0x1000c428   0x00000010   Code   RO         1864    i.print_string      ideabase.lib(qs_json.o)
    0x1000c438   0x1000c438   0x000001d0   Code   RO         1865    i.print_string_ptr  ideabase.lib(qs_json.o)
    0x1000c608   0x1000c608   0x00000130   Code   RO         1866    i.print_value       ideabase.lib(qs_json.o)
    0x1000c738   0x1000c738   0x000000a8   Code   RO         2967    i.pwd_check         ideabase.lib(idea_pwd.o)
    0x1000c7e0   0x1000c7e0   0x00000080   Code   RO         2968    i.pwd_data_setup    ideabase.lib(idea_pwd.o)
    0x1000c860   0x1000c860   0x0000000c   Code   RO         2969    i.pwd_locked        ideabase.lib(idea_pwd.o)
    0x1000c86c   0x1000c86c   0x00000064   Code   RO         2970    i.pwd_set           ideabase.lib(idea_pwd.o)
    0x1000c8d0   0x1000c8d0   0x0000000c   Code   RO         2971    i.pwd_type          ideabase.lib(idea_pwd.o)
    0x1000c8dc   0x1000c8dc   0x000000b8   Code   RO         3132    i.qs_ae_rand        ideabase.lib(qs_ae_rand.o)
    0x1000c994   0x1000c994   0x00000018   Code   RO         3133    i.qs_ae_rand_init   ideabase.lib(qs_ae_rand.o)
    0x1000c9ac   0x1000c9ac   0x00000002   Code   RO         4324    i.qs_algo_exec      ideabase.lib(qs_algo.o)
    0x1000c9ae   0x1000c9ae   0x00000008   Code   RO         4325    i.qs_algo_init      ideabase.lib(qs_algo.o)
    0x1000c9b6   0x1000c9b6   0x00000002   PAD
    0x1000c9b8   0x1000c9b8   0x0000002c   Code   RO         3565    i.qs_base64_check   ideabase.lib(qs_base64.o)
    0x1000c9e4   0x1000c9e4   0x00000140   Code   RO         3566    i.qs_base64_decode  ideabase.lib(qs_base64.o)
    0x1000cb24   0x1000cb24   0x000000f8   Code   RO         3567    i.qs_base64_encode  ideabase.lib(qs_base64.o)
    0x1000cc1c   0x1000cc1c   0x00000012   Code   RO         4296    i.qs_board_exec     ideabase.lib(qs_board.o)
    0x1000cc2e   0x1000cc2e   0x0000000c   Code   RO         4297    i.qs_board_init     ideabase.lib(qs_board.o)
    0x1000cc3a   0x1000cc3a   0x00000002   PAD
    0x1000cc3c   0x1000cc3c   0x0000000c   Code   RO         1449    i.qs_const_data     ideabase.lib(qs.o)
    0x1000cc48   0x1000cc48   0x00000022   Code   RO         3329    i.qs_crc16          ideabase.lib(qs_crc16.o)
    0x1000cc6a   0x1000cc6a   0x00000002   PAD
    0x1000cc6c   0x1000cc6c   0x00000018   Code   RO         3330    i.qs_crc16_byte     ideabase.lib(qs_crc16.o)
    0x1000cc84   0x1000cc84   0x0000006c   Code   RO         1681    i.qs_database_connect  ideabase.lib(qs_database.o)
    0x1000ccf0   0x1000ccf0   0x000000bc   Code   RO         1682    i.qs_database_exec  ideabase.lib(qs_database.o)
    0x1000cdac   0x1000cdac   0x00000034   Code   RO         1683    i.qs_database_init  ideabase.lib(qs_database.o)
    0x1000cde0   0x1000cde0   0x0000003a   Code   RO         1450    i.qs_delay          ideabase.lib(qs.o)
    0x1000ce1a   0x1000ce1a   0x00000082   Code   RO         3354    i.qs_des_cbc_decrypt  ideabase.lib(qs_des_cbc.o)
    0x1000ce9c   0x1000ce9c   0x00000072   Code   RO         3355    i.qs_des_cbc_encrypt  ideabase.lib(qs_des_cbc.o)
    0x1000cf0e   0x1000cf0e   0x00000032   Code   RO         4419    i.qs_des_ecb_decrypt  ideabase.lib(qs_des_ecb.o)
    0x1000cf40   0x1000cf40   0x00000032   Code   RO         4420    i.qs_des_ecb_encrypt  ideabase.lib(qs_des_ecb.o)
    0x1000cf72   0x1000cf72   0x00000012   Code   RO         3177    i.qs_driver_close   ideabase.lib(qs_driver.o)
    0x1000cf84   0x1000cf84   0x00000012   Code   RO         3178    i.qs_driver_exec    ideabase.lib(qs_driver.o)
    0x1000cf96   0x1000cf96   0x0000000c   Code   RO         3179    i.qs_driver_init    ideabase.lib(qs_driver.o)
    0x1000cfa2   0x1000cfa2   0x00000002   PAD
    0x1000cfa4   0x1000cfa4   0x00000030   Code   RO         3180    i.qs_driver_install  ideabase.lib(qs_driver.o)
    0x1000cfd4   0x1000cfd4   0x0000001e   Code   RO         3181    i.qs_driver_ioctl   ideabase.lib(qs_driver.o)
    0x1000cff2   0x1000cff2   0x00000002   PAD
    0x1000cff4   0x1000cff4   0x00000048   Code   RO         3182    i.qs_driver_open    ideabase.lib(qs_driver.o)
    0x1000d03c   0x1000d03c   0x0000001e   Code   RO         3183    i.qs_driver_read    ideabase.lib(qs_driver.o)
    0x1000d05a   0x1000d05a   0x0000001e   Code   RO         3186    i.qs_driver_write   ideabase.lib(qs_driver.o)
    0x1000d078   0x1000d078   0x00000048   Code   RO         1451    i.qs_exec           ideabase.lib(qs.o)
    0x1000d0c0   0x1000d0c0   0x0000003c   Code   RO         3600    i.qs_fifo_alloc8    ideabase.lib(qs_fifo.o)
    0x1000d0fc   0x1000d0fc   0x00000026   Code   RO         3603    i.qs_fifo_free      ideabase.lib(qs_fifo.o)
    0x1000d122   0x1000d122   0x00000038   Code   RO         3604    i.qs_fifo_full      ideabase.lib(qs_fifo.o)
    0x1000d15a   0x1000d15a   0x0000003a   Code   RO         3608    i.qs_fifo_get8      ideabase.lib(qs_fifo.o)
    0x1000d194   0x1000d194   0x0000004c   Code   RO         3621    i.qs_fifo_put8      ideabase.lib(qs_fifo.o)
    0x1000d1e0   0x1000d1e0   0x0000004a   Code   RO         3875    i.qs_get_value_by_tag  ideabase.lib(qs_utility.o)
    0x1000d22a   0x1000d22a   0x000000bc   Code   RO         3876    i.qs_hex_string_to_hex  ideabase.lib(qs_utility.o)
    0x1000d2e6   0x1000d2e6   0x00000002   PAD
    0x1000d2e8   0x1000d2e8   0x00000024   Code   RO         1452    i.qs_init           ideabase.lib(qs.o)
    0x1000d30c   0x1000d30c   0x0000002a   Code   RO         1869    i.qs_json_AddItemToArray  ideabase.lib(qs_json.o)
    0x1000d336   0x1000d336   0x00000002   PAD
    0x1000d338   0x1000d338   0x00000030   Code   RO         1870    i.qs_json_AddItemToObject  ideabase.lib(qs_json.o)
    0x1000d368   0x1000d368   0x00000012   Code   RO         1872    i.qs_json_CreateArray  ideabase.lib(qs_json.o)
    0x1000d37a   0x1000d37a   0x00000044   Code   RO         1877    i.qs_json_CreateIntArray  ideabase.lib(qs_json.o)
    0x1000d3be   0x1000d3be   0x00000024   Code   RO         1879    i.qs_json_CreateNumber  ideabase.lib(qs_json.o)
    0x1000d3e2   0x1000d3e2   0x00000012   Code   RO         1880    i.qs_json_CreateObject  ideabase.lib(qs_json.o)
    0x1000d3f4   0x1000d3f4   0x00000058   Code   RO         1884    i.qs_json_Delete    ideabase.lib(qs_json.o)
    0x1000d44c   0x1000d44c   0x00000016   Code   RO         1886    i.qs_json_DeleteItemFromObject  ideabase.lib(qs_json.o)
    0x1000d462   0x1000d462   0x00000042   Code   RO         1887    i.qs_json_DetachItemFromArray  ideabase.lib(qs_json.o)
    0x1000d4a4   0x1000d4a4   0x00000032   Code   RO         1888    i.qs_json_DetachItemFromObject  ideabase.lib(qs_json.o)
    0x1000d4d6   0x1000d4d6   0x00000012   Code   RO         1890    i.qs_json_GetArrayItem  ideabase.lib(qs_json.o)
    0x1000d4e8   0x1000d4e8   0x00000012   Code   RO         1891    i.qs_json_GetArraySize  ideabase.lib(qs_json.o)
    0x1000d4fa   0x1000d4fa   0x0000001e   Code   RO         1893    i.qs_json_GetObjectItem  ideabase.lib(qs_json.o)
    0x1000d518   0x1000d518   0x000000ba   Code   RO         1896    i.qs_json_Minify    ideabase.lib(qs_json.o)
    0x1000d5d2   0x1000d5d2   0x00000002   PAD
    0x1000d5d4   0x1000d5d4   0x00000020   Code   RO         1897    i.qs_json_New_Item  ideabase.lib(qs_json.o)
    0x1000d5f4   0x1000d5f4   0x00000010   Code   RO         1898    i.qs_json_Parse     ideabase.lib(qs_json.o)
    0x1000d604   0x1000d604   0x00000064   Code   RO         1899    i.qs_json_ParseWithOpts  ideabase.lib(qs_json.o)
    0x1000d668   0x1000d668   0x00000012   Code   RO         1900    i.qs_json_Print     ideabase.lib(qs_json.o)
    0x1000d67a   0x1000d67a   0x0000004c   Code   RO         1905    i.qs_json_strcasecmp  ideabase.lib(qs_json.o)
    0x1000d6c6   0x1000d6c6   0x00000002   PAD
    0x1000d6c8   0x1000d6c8   0x00000030   Code   RO         1906    i.qs_json_strdup    ideabase.lib(qs_json.o)
    0x1000d6f8   0x1000d6f8   0x0000006c   Code   RO         1724    i.qs_led_blink      ideabase.lib(qs_led.o)
    0x1000d764   0x1000d764   0x00000014   Code   RO         1726    i.qs_led_blue_off   ideabase.lib(qs_led.o)
    0x1000d778   0x1000d778   0x00000104   Code   RO         1728    i.qs_led_exec       ideabase.lib(qs_led.o)
    0x1000d87c   0x1000d87c   0x0000001c   Code   RO         1729    i.qs_led_green_blink  ideabase.lib(qs_led.o)
    0x1000d898   0x1000d898   0x00000014   Code   RO         1730    i.qs_led_green_off  ideabase.lib(qs_led.o)
    0x1000d8ac   0x1000d8ac   0x00000068   Code   RO         1732    i.qs_led_init       ideabase.lib(qs_led.o)
    0x1000d914   0x1000d914   0x00000060   Code   RO         1733    i.qs_led_off        ideabase.lib(qs_led.o)
    0x1000d974   0x1000d974   0x00000014   Code   RO         1736    i.qs_led_red_off    ideabase.lib(qs_led.o)
    0x1000d988   0x1000d988   0x0000001c   Code   RO         3763    i.qs_list_alloc     ideabase.lib(qs_list.o)
    0x1000d9a4   0x1000d9a4   0x0000004c   Code   RO         3764    i.qs_list_append_to_front  ideabase.lib(qs_list.o)
    0x1000d9f0   0x1000d9f0   0x0000004c   Code   RO         3765    i.qs_list_append_to_rear  ideabase.lib(qs_list.o)
    0x1000da3c   0x1000da3c   0x00000034   Code   RO         3766    i.qs_list_free      ideabase.lib(qs_list.o)
    0x1000da70   0x1000da70   0x00000032   Code   RO         3767    i.qs_list_get       ideabase.lib(qs_list.o)
    0x1000daa2   0x1000daa2   0x00000082   Code   RO         3769    i.qs_list_remove_by_object  ideabase.lib(qs_list.o)
    0x1000db24   0x1000db24   0x0000003e   Code   RO         3770    i.qs_list_remove_from_front  ideabase.lib(qs_list.o)
    0x1000db62   0x1000db62   0x0000001a   Code   RO         3772    i.qs_list_size      ideabase.lib(qs_list.o)
    0x1000db7c   0x1000db7c   0x00000004   Code   RO         2213    i.qs_log            ideabase.lib(qs_log.o)
    0x1000db80   0x1000db80   0x0000001e   Code   RO         3833    i.qs_mem_alloc      ideabase.lib(qs_mem.o)
    0x1000db9e   0x1000db9e   0x0000000e   Code   RO         3834    i.qs_mem_free       ideabase.lib(qs_mem.o)
    0x1000dbac   0x1000dbac   0x00000034   Code   RO         3273    i.qs_mm_close       ideabase.lib(qs_mm.o)
    0x1000dbe0   0x1000dbe0   0x0000001c   Code   RO         3274    i.qs_mm_exec        ideabase.lib(qs_mm.o)
    0x1000dbfc   0x1000dbfc   0x0000001c   Code   RO         3275    i.qs_mm_init        ideabase.lib(qs_mm.o)
    0x1000dc18   0x1000dc18   0x00000150   Code   RO         3276    i.qs_mm_open        ideabase.lib(qs_mm.o)
    0x1000dd68   0x1000dd68   0x00000090   Code   RO         3277    i.qs_mm_read        ideabase.lib(qs_mm.o)
    0x1000ddf8   0x1000ddf8   0x000000a4   Code   RO         3278    i.qs_mm_write       ideabase.lib(qs_mm.o)
    0x1000de9c   0x1000de9c   0x0000001e   Code   RO         3249    i.qs_modules_exec   ideabase.lib(qs_modules.o)
    0x1000deba   0x1000deba   0x00000018   Code   RO         3250    i.qs_modules_init   ideabase.lib(qs_modules.o)
    0x1000ded2   0x1000ded2   0x0000001e   Code   RO         3020    i.qs_platform_exec  ideabase.lib(qs_platform.o)
    0x1000def0   0x1000def0   0x0000005c   Code   RO         3021    i.qs_platform_init  ideabase.lib(qs_platform.o)
    0x1000df4c   0x1000df4c   0x00000004   Code   RO         3022    i.qs_platform_interrupt_disable  ideabase.lib(qs_platform.o)
    0x1000df50   0x1000df50   0x00000004   Code   RO         3023    i.qs_platform_interrupt_enable  ideabase.lib(qs_platform.o)
    0x1000df54   0x1000df54   0x0000000c   Code   RO         3024    i.qs_platform_millisecond  ideabase.lib(qs_platform.o)
    0x1000df60   0x1000df60   0x0000000e   Code   RO         3025    i.qs_platform_run_code  ideabase.lib(qs_platform.o)
    0x1000df6e   0x1000df6e   0x00000002   PAD
    0x1000df70   0x1000df70   0x000000c4   Code   RO         3026    i.qs_platform_sn    ideabase.lib(qs_platform.o)
    0x1000e034   0x1000e034   0x00000008   Code   RO         3027    i.qs_platform_system_reboot  ideabase.lib(qs_platform.o)
    0x1000e03c   0x1000e03c   0x00000010   Code   RO         1819    i.qs_rand32         ideabase.lib(qs_rand.o)
    0x1000e04c   0x1000e04c   0x00000010   Code   RO         1820    i.qs_rand8          ideabase.lib(qs_rand.o)
    0x1000e05c   0x1000e05c   0x00000008   Code   RO         1821    i.qs_rand_init      ideabase.lib(qs_rand.o)
    0x1000e064   0x1000e064   0x00000008   Code   RO         1453    i.qs_reboot         ideabase.lib(qs.o)
    0x1000e06c   0x1000e06c   0x000000a4   Code   RO         3458    i.qs_rsa_private_decrypt  ideabase.lib(qs_rsa.o)
    0x1000e110   0x1000e110   0x00000094   Code   RO         3461    i.qs_rsa_public_encrypt  ideabase.lib(qs_rsa.o)
    0x1000e1a4   0x1000e1a4   0x0000006c   Code   RO         2333    i.qs_senv_alloc     ideabase.lib(qs_senv.o)
    0x1000e210   0x1000e210   0x00000016   Code   RO         2334    i.qs_senv_app_data_input  ideabase.lib(qs_senv.o)
    0x1000e226   0x1000e226   0x0000001c   Code   RO         2335    i.qs_senv_connected  ideabase.lib(qs_senv.o)
    0x1000e242   0x1000e242   0x00000002   Code   RO         2336    i.qs_senv_exec      ideabase.lib(qs_senv.o)
    0x1000e244   0x1000e244   0x00000200   Code   RO         2337    i.qs_senv_exec_1    ideabase.lib(qs_senv.o)
    0x1000e444   0x1000e444   0x00000080   Code   RO         2338    i.qs_senv_free      ideabase.lib(qs_senv.o)
    0x1000e4c4   0x1000e4c4   0x00000044   Code   RO         2339    i.qs_senv_init      ideabase.lib(qs_senv.o)
    0x1000e508   0x1000e508   0x00000238   Code   RO         2340    i.qs_senv_iostream_input  ideabase.lib(qs_senv.o)
    0x1000e740   0x1000e740   0x0000016c   Code   RO         2341    i.qs_senv_iostream_send  ideabase.lib(qs_senv.o)
    0x1000e8ac   0x1000e8ac   0x00000160   Code   RO         2435    i.qs_senv_manager_app_data_out  ideabase.lib(qs_senv_manager.o)
    0x1000ea0c   0x1000ea0c   0x00000044   Code   RO         2437    i.qs_senv_manager_exec  ideabase.lib(qs_senv_manager.o)
    0x1000ea50   0x1000ea50   0x00000044   Code   RO         2438    i.qs_senv_manager_get  ideabase.lib(qs_senv_manager.o)
    0x1000ea94   0x1000ea94   0x00000020   Code   RO         2439    i.qs_senv_manager_init  ideabase.lib(qs_senv_manager.o)
    0x1000eab4   0x1000eab4   0x00000010   Code   RO         2440    i.qs_senv_manager_read  ideabase.lib(qs_senv_manager.o)
    0x1000eac4   0x1000eac4   0x0000003c   Code   RO         2441    i.qs_senv_manager_register  ideabase.lib(qs_senv_manager.o)
    0x1000eb00   0x1000eb00   0x0000001c   Code   RO         2442    i.qs_senv_manager_unregister  ideabase.lib(qs_senv_manager.o)
    0x1000eb1c   0x1000eb1c   0x0000010c   Code   RO         2443    i.qs_senv_manager_write  ideabase.lib(qs_senv_manager.o)
    0x1000ec28   0x1000ec28   0x00000026   Code   RO         3511    i.qs_sha1           ideabase.lib(qs_sha1.o)
    0x1000ec4e   0x1000ec4e   0x00000086   Code   RO         3512    i.qs_sha160_core    ideabase.lib(qs_sha1.o)
    0x1000ecd4   0x1000ecd4   0x000000ac   Code   RO         3513    i.qs_sha160_finish  ideabase.lib(qs_sha1.o)
    0x1000ed80   0x1000ed80   0x00000030   Code   RO         3514    i.qs_sha160_init    ideabase.lib(qs_sha1.o)
    0x1000edb0   0x1000edb0   0x000015e4   Code   RO         3515    i.qs_sha160_transform  ideabase.lib(qs_sha1.o)
    0x10010394   0x10010394   0x00000010   Code   RO         1454    i.qs_sn             ideabase.lib(qs.o)
    0x100103a4   0x100103a4   0x00000010   Code   RO         1455    i.qs_start          ideabase.lib(qs.o)
    0x100103b4   0x100103b4   0x00000012   Code   RO         3913    i.qs_system_exec    ideabase.lib(qs_system.o)
    0x100103c6   0x100103c6   0x0000000c   Code   RO         3914    i.qs_system_init    ideabase.lib(qs_system.o)
    0x100103d2   0x100103d2   0x00000002   PAD
    0x100103d4   0x100103d4   0x0000001c   Code   RO         2277    i.qs_system_iostream_output  ideabase.lib(qs_system_senv.o)
    0x100103f0   0x100103f0   0x000006e8   Code   RO         2278    i.qs_system_senv_callback  ideabase.lib(qs_system_senv.o)
    0x10010ad8   0x10010ad8   0x00000054   Code   RO         2279    i.qs_system_senv_exec  ideabase.lib(qs_system_senv.o)
    0x10010b2c   0x10010b2c   0x00000088   Code   RO         2280    i.qs_system_senv_init  ideabase.lib(qs_system_senv.o)
    0x10010bb4   0x10010bb4   0x00000032   Code   RO         2281    i.qs_system_senv_receive_callback  ideabase.lib(qs_system_senv.o)
    0x10010be6   0x10010be6   0x00000002   PAD
    0x10010be8   0x10010be8   0x00000014   Code   RO         2282    i.qs_system_senv_setup  ideabase.lib(qs_system_senv.o)
    0x10010bfc   0x10010bfc   0x00000138   Code   RO         2283    i.qs_system_senv_test  ideabase.lib(qs_system_senv.o)
    0x10010d34   0x10010d34   0x00000044   Code   RO         1642    i.qs_task_connect   ideabase.lib(qs_task.o)
    0x10010d78   0x10010d78   0x00000028   Code   RO         1644    i.qs_task_exec      ideabase.lib(qs_task.o)
    0x10010da0   0x10010da0   0x00000010   Code   RO         1645    i.qs_task_init      ideabase.lib(qs_task.o)
    0x10010db0   0x10010db0   0x00000002   Code   RO         3877    i.qs_utility_init   ideabase.lib(qs_utility.o)
    0x10010db2   0x10010db2   0x00000028   Code   RO         3944    i.read              ideabase.lib(driver_iflash.o)
    0x10010dda   0x10010dda   0x0000003e   Code   RO         4019    i.read              ideabase.lib(driver_serial.o)
    0x10010e18   0x10010e18   0x00000006   Code   RO         4105    i.read              ideabase.lib(driver_usb.o)
    0x10010e1e   0x10010e1e   0x00000106   Code   RO         4696    i.read              ideabase.lib(driver_fram.o)
    0x10010f24   0x10010f24   0x000001da   Code   RO         3462    i.rsaprivatefunc    ideabase.lib(qs_rsa.o)
    0x100110fe   0x100110fe   0x0000009a   Code   RO         3463    i.rsapublicfunc     ideabase.lib(qs_rsa.o)
    0x10011198   0x10011198   0x00000010   Code   RO         4020    i.serial0_hander    ideabase.lib(driver_serial.o)
    0x100111a8   0x100111a8   0x00000010   Code   RO         4021    i.serial1_hander    ideabase.lib(driver_serial.o)
    0x100111b8   0x100111b8   0x00000010   Code   RO         4022    i.serial2_hander    ideabase.lib(driver_serial.o)
    0x100111c8   0x100111c8   0x0000009c   Code   RO         4023    i.serial_hander     ideabase.lib(driver_serial.o)
    0x10011264   0x10011264   0x0000003c   Code   RO         4106    i.setconfig_callback  ideabase.lib(driver_usb.o)
    0x100112a0   0x100112a0   0x00000012   Code   RO         1907    i.skip              ideabase.lib(qs_json.o)
    0x100112b2   0x100112b2   0x00000002   PAD
    0x100112b4   0x100112b4   0x00000040   Code   RO         4969    i.spi_init          ideabase.lib(spi.o)
    0x100112f4   0x100112f4   0x00000016   Code   RO         4970    i.spi_transmit      ideabase.lib(spi.o)
    0x1001130a   0x1001130a   0x0000004c   Code   RO         5484    i.sqrt              m_ws.l(sqrt.o)
    0x10011356   0x10011356   0x00000066   Code   RO         4480    i.subdigitmult      ideabase.lib(qs_nn.o)
    0x100113bc   0x100113bc   0x00000006   Code   RO         1908    i.suffix_object     ideabase.lib(qs_json.o)
    0x100113c2   0x100113c2   0x00000002   PAD
    0x100113c4   0x100113c4   0x00000194   Code   RO         2342    i.system_callback   ideabase.lib(qs_senv.o)
    0x10011558   0x10011558   0x00000046   Code   RO         2343    i.system_exec       ideabase.lib(qs_senv.o)
    0x1001159e   0x1001159e   0x0000002c   Code   RO         2344    i.system_handshake_req  ideabase.lib(qs_senv.o)
    0x100115ca   0x100115ca   0x00000004   Code   RO            2    i.task_0            app.o
    0x100115ce   0x100115ce   0x00000002   PAD
    0x100115d0   0x100115d0   0x00000010   Code   RO         4240    i.timer0_hander     ideabase.lib(driver_timer.o)
    0x100115e0   0x100115e0   0x00000014   Code   RO         4241    i.timer_hander      ideabase.lib(driver_timer.o)
    0x100115f4   0x100115f4   0x00000020   Code   RO         1909    i.update            ideabase.lib(qs_json.o)
    0x10011614   0x10011614   0x00000088   Code   RO         4107    i.usb_bulk_configure  ideabase.lib(driver_usb.o)
    0x1001169c   0x1001169c   0x00000020   Code   RO         4108    i.usb_bulk_deconfigure  ideabase.lib(driver_usb.o)
    0x100116bc   0x100116bc   0x0000002c   Code   RO         3945    i.write             ideabase.lib(driver_iflash.o)
    0x100116e8   0x100116e8   0x000000de   Code   RO         4024    i.write             ideabase.lib(driver_serial.o)
    0x100117c6   0x100117c6   0x00000002   PAD
    0x100117c8   0x100117c8   0x00000074   Code   RO         4109    i.write             ideabase.lib(driver_usb.o)
    0x1001183c   0x1001183c   0x0000014c   Code   RO         4698    i.write             ideabase.lib(driver_fram.o)
    0x10011988   0x10011988   0x0000002c   Code   RO         5563    locale$$code        c_wu.l(lc_ctype_c.o)
    0x100119b4   0x100119b4   0x00000150   Code   RO         5220    x$fpl$dadd          fz_ws.l(daddsub_clz.o)
    0x10011b04   0x10011b04   0x00000010   Code   RO         5441    x$fpl$dcheck1       fz_ws.l(dcheck1.o)
    0x10011b14   0x10011b14   0x00000018   Code   RO         5443    x$fpl$dcmpinf       fz_ws.l(dcmpi.o)
    0x10011b2c   0x10011b2c   0x000002b0   Code   RO         5227    x$fpl$ddiv          fz_ws.l(ddiv.o)
    0x10011ddc   0x10011ddc   0x00000078   Code   RO         5230    x$fpl$deqf          fz_ws.l(deqf.o)
    0x10011e54   0x10011e54   0x0000005e   Code   RO         5232    x$fpl$dfix          fz_ws.l(dfix.o)
    0x10011eb2   0x10011eb2   0x0000002e   Code   RO         5241    x$fpl$dflt          fz_ws.l(dflt_clz.o)
    0x10011ee0   0x10011ee0   0x00000026   Code   RO         5240    x$fpl$dfltu         fz_ws.l(dflt_clz.o)
    0x10011f06   0x10011f06   0x00000002   PAD
    0x10011f08   0x10011f08   0x00000078   Code   RO         5250    x$fpl$dleqf         fz_ws.l(dleqf.o)
    0x10011f80   0x10011f80   0x00000154   Code   RO         5252    x$fpl$dmul          fz_ws.l(dmul.o)
    0x100120d4   0x100120d4   0x0000009c   Code   RO         5445    x$fpl$dnaninf       fz_ws.l(dnaninf.o)
    0x10012170   0x10012170   0x0000000c   Code   RO         5447    x$fpl$dretinf       fz_ws.l(dretinf.o)
    0x1001217c   0x1001217c   0x0000006c   Code   RO         5254    x$fpl$drleqf        fz_ws.l(drleqf.o)
    0x100121e8   0x100121e8   0x00000016   Code   RO         5221    x$fpl$drsb          fz_ws.l(daddsub_clz.o)
    0x100121fe   0x100121fe   0x00000002   PAD
    0x10012200   0x10012200   0x000001cc   Code   RO         5581    x$fpl$dsqrt         fz_ws.l(dsqrt_noumaal.o)
    0x100123cc   0x100123cc   0x000001d4   Code   RO         5222    x$fpl$dsub          fz_ws.l(daddsub_clz.o)
    0x100125a0   0x100125a0   0x00000064   Code   RO         5585    x$fpl$retnan        fz_ws.l(retnan.o)
    0x10012604   0x10012604   0x0000005c   Code   RO         5272    x$fpl$scalbn        fz_ws.l(scalbn.o)
    0x10012660   0x10012660   0x00000030   Code   RO         5657    x$fpl$trapveneer    fz_ws.l(trapv.o)
    0x10012690   0x10012690   0x00000000   Code   RO         5463    x$fpl$usenofp       fz_ws.l(usenofp.o)
    0x10012690   0x10012690   0x00000008   Data   RO          326    .constdata          startup_max3255x.o
    0x10012698   0x10012698   0x00000007   Data   RO         1910    .constdata          ideabase.lib(qs_json.o)
    0x1001269f   0x1001269f   0x00000400   Data   RO         2345    .constdata          ideabase.lib(qs_senv.o)
    0x10012a9f   0x10012a9f   0x00000120   Data   RO         2524    .constdata          ideabase.lib(idea_coder.o)
    0x10012bbf   0x10012bbf   0x00000001   PAD
    0x10012bc0   0x10012bc0   0x000000b4   Data   RO         2693    .constdata          ideabase.lib(idea_comm.o)
    0x10012c74   0x10012c74   0x00000200   Data   RO         3331    .constdata          ideabase.lib(qs_crc16.o)
    0x10012e74   0x10012e74   0x00000080   Data   RO         3568    .constdata          ideabase.lib(qs_base64.o)
    0x10012ef4   0x10012ef4   0x00000880   Data   RO         4357    .constdata          ideabase.lib(qs_des.o)
    0x10013774   0x10013774   0x00000020   Data   RO         4951    .constdata          ideabase.lib(enumerate.o)
    0x10013794   0x10013794   0x00000018   Data   RO         4971    .constdata          ideabase.lib(spi.o)
    0x100137ac   0x100137ac   0x00000028   Data   RO         5155    .constdata          c_wu.l(_printf_hex_int_ll_ptr.o)
    0x100137d4   0x100137d4   0x00000011   Data   RO         5175    .constdata          c_wu.l(__printf_flags_ss_wp.o)
    0x100137e5   0x100137e5   0x00000003   PAD
    0x100137e8   0x100137e8   0x00000088   Data   RO         5280    .constdata          m_ws.l(pow.o)
    0x10013870   0x10013870   0x00000008   Data   RO         5482    .constdata          m_ws.l(qnan.o)
    0x10013878   0x10013878   0x00000041   Data   RO         3569    .conststring        ideabase.lib(qs_base64.o)
    0x100138b9   0x100138b9   0x00000003   PAD
    0x100138bc   0x100138bc   0x00000007   Data   RO         3946    .conststring        ideabase.lib(driver_iflash.o)
    0x100138c3   0x100138c3   0x00000001   PAD
    0x100138c4   0x100138c4   0x00000018   Data   RO         4025    .conststring        ideabase.lib(driver_serial.o)
    0x100138dc   0x100138dc   0x00000004   Data   RO         4111    .conststring        ideabase.lib(driver_usb.o)
    0x100138e0   0x100138e0   0x00000007   Data   RO         4242    .conststring        ideabase.lib(driver_timer.o)
    0x100138e7   0x100138e7   0x00000001   PAD
    0x100138e8   0x100138e8   0x0000000f   Data   RO         4699    .conststring        ideabase.lib(driver_fram.o)
    0x100138f7   0x100138f7   0x00000001   PAD
    0x100138f8   0x100138f8   0x00000004   Data   RO         4772    .conststring        ideabase.lib(driver_led.o)
    0x100138fc   0x100138fc   0x00000020   Data   RO         5743    Region$$Table       anon$$obj.o
    0x1001391c   0x1001391c   0x00000110   Data   RO         5562    locale$$data        c_wu.l(lc_ctype_c.o)


    Execution Region RW_IRAM1 (Exec base: 0x20000000, Load base: 0x10013a2c, Size: 0x0000c828, Max: 0x00018000, ABSOLUTE, COMPRESSED[0x00000184])

    Exec Addr    Load Addr    Size         Type   Attr      Idx    E Section Name        Object

    0x20000000   COMPRESSED   0x00000044   Data   RW         4838    .bss                ideabase.lib(mml_tmr.o)
    0x20000044   COMPRESSED   0x0000004c   Data   RW         4872    .bss                ideabase.lib(mml_uart.o)
    0x20000090   COMPRESSED   0x0000001c   Data   RW         5004    .bss                ideabase.lib(mml_gpio.o)
    0x200000ac   COMPRESSED   0x0000001c   Data   RW         5025    .bss                ideabase.lib(mml_spi.o)
    0x200000c8   COMPRESSED   0x0000000c   Data   RW          220    .data               idea_cmd.o
    0x200000d4   COMPRESSED   0x0000002c   PAD
    0x20000100   COMPRESSED   0x00000100   Data   RW          325    .data               startup_max3255x.o
    0x20000200   COMPRESSED   0x00000008   Data   RW         1456    .data               ideabase.lib(qs.o)
    0x20000208   COMPRESSED   0x00000004   Data   RW         1685    .data               ideabase.lib(qs_database.o)
    0x2000020c   COMPRESSED   0x00000008   Data   RW         1739    .data               ideabase.lib(qs_led.o)
    0x20000214   COMPRESSED   0x0000000c   Data   RW         1911    .data               ideabase.lib(qs_json.o)
    0x20000220   COMPRESSED   0x00000020   Data   RW         2284    .data               ideabase.lib(qs_system_senv.o)
    0x20000240   COMPRESSED   0x00000008   Data   RW         2346    .data               ideabase.lib(qs_senv.o)
    0x20000248   COMPRESSED   0x00000008   Data   RW         2445    .data               ideabase.lib(qs_senv_manager.o)
    0x20000250   COMPRESSED   0x0000000c   Data   RW         2525    .data               ideabase.lib(idea_coder.o)
    0x2000025c   COMPRESSED   0x00000010   Data   RW         2694    .data               ideabase.lib(idea_comm.o)
    0x2000026c   COMPRESSED   0x00000008   Data   RW         2847    .data               ideabase.lib(idea_player.o)
    0x20000274   COMPRESSED   0x0000000c   Data   RW         2973    .data               ideabase.lib(idea_pwd.o)
    0x20000280   COMPRESSED   0x00000004   Data   RW         3029    .data               ideabase.lib(qs_platform.o)
    0x20000284   COMPRESSED   0x00000004   Data   RW         3135    .data               ideabase.lib(qs_ae_rand.o)
    0x20000288   COMPRESSED   0x00000004   Data   RW         3187    .data               ideabase.lib(qs_driver.o)
    0x2000028c   COMPRESSED   0x00000004   Data   RW         3570    .data               ideabase.lib(qs_base64.o)
    0x20000290   COMPRESSED   0x00000038   Data   RW         3947    .data               ideabase.lib(driver_iflash.o)
    0x200002c8   COMPRESSED   0x00000120   Data   RW         4026    .data               ideabase.lib(driver_serial.o)
    0x200003e8   COMPRESSED   0x000000a8   Data   RW         4112    .data               ideabase.lib(driver_usb.o)
    0x20000490   COMPRESSED   0x00000030   Data   RW         4243    .data               ideabase.lib(driver_timer.o)
    0x200004c0   COMPRESSED   0x0000006c   Data   RW         4700    .data               ideabase.lib(driver_fram.o)
    0x2000052c   COMPRESSED   0x00000020   Data   RW         4773    .data               ideabase.lib(driver_led.o)
    0x2000054c   COMPRESSED   0x00000004   Data   RW         4897    .data               ideabase.lib(usb_event.o)
    0x20000550   COMPRESSED   0x0000000a   Data   RW         4952    .data               ideabase.lib(enumerate.o)
    0x2000055a   COMPRESSED   0x00000002   PAD
    0x2000055c   COMPRESSED   0x00000004   Data   RW         4972    .data               ideabase.lib(spi.o)
    0x20000560        -       0x00000010   Zero   RW          219    .bss                idea_cmd.o
    0x20000570        -       0x00000028   Zero   RW         1646    .bss                ideabase.lib(qs_task.o)
    0x20000598        -       0x0000000c   Zero   RW         1684    .bss                ideabase.lib(qs_database.o)
    0x200005a4        -       0x00000060   Zero   RW         1738    .bss                ideabase.lib(qs_led.o)
    0x20000604        -       0x00000018   Zero   RW         2523    .bss                ideabase.lib(idea_coder.o)
    0x2000061c        -       0x000000a0   Zero   RW         2692    .bss                ideabase.lib(idea_comm.o)
    0x200006bc   COMPRESSED   0x00000004   PAD
    0x200006c0        -       0x000001d0   Zero   RW         2846    .bss                ideabase.lib(idea_player.o)
    0x20000890        -       0x00000018   Zero   RW         2972    .bss                ideabase.lib(idea_pwd.o)
    0x200008a8        -       0x00000010   Zero   RW         3134    .bss                ideabase.lib(qs_ae_rand.o)
    0x200008b8        -       0x00000040   Zero   RW         3279    .bss                ideabase.lib(qs_mm.o)
    0x200008f8        -       0x00001940   Zero   RW         4110    .bss                ideabase.lib(driver_usb.o)
    0x20002238        -       0x00000200   Zero   RW         4660    .bss                ideabase.lib(mml_sflc.o)
    0x20002438        -       0x00000048   Zero   RW         4896    .bss                ideabase.lib(usb_event.o)
    0x20002480   COMPRESSED   0x00000180   PAD
    0x20002600        -       0x00000160   Zero   RW         4926    .bss                ideabase.lib(usb.o)
    0x20002760        -       0x00000068   Zero   RW         4950    .bss                ideabase.lib(enumerate.o)
    0x200027c8        -       0x00000060   Zero   RW         5498    .bss                c_wu.l(libspace.o)
    0x20002828        -       0x00008000   Zero   RW          323    HEAP                startup_max3255x.o
    0x2000a828        -       0x00002000   Zero   RW          322    STACK               startup_max3255x.o


==============================================================================

Image component sizes


      Code (inc. data)   RO Data    RW Data    ZI Data      Debug   Object Name

        60         34          0          0          0       9419   app.o
         2          0          0          0          0        479   ga.o
        64          0          0          0          0       1040   idea_app.o
      3706        106          0         12         16       8108   idea_cmd.o
         4          0          0          0          0        484   idea_qs.o
        18          0          0          0          0        539   main.o
      4192       4138          8        256      40960       1184   startup_max3255x.o

    ----------------------------------------------------------------------
      8048       4278         40        312      40976      21253   Object Totals
         0          0         32          0          0          0   (incl. Generated)
         2          0          0         44          0          0   (incl. Padding)

    ----------------------------------------------------------------------

      Code (inc. data)   RO Data    RW Data    ZI Data      Debug   Library Member Name

        44          6          0          0          0         84   __2sprintf.o
        90          0          0          0          0          0   __dczerorl2.o
         8          0          0          0          0         68   __main.o
       392          4         17          0          0         92   __printf_flags_ss_wp.o
        14          0          0          0          0         68   __printf_wp.o
         0          0          0          0          0          0   __rtentry.o
        12          0          0          0          0          0   __rtentry2.o
         6          0          0          0          0          0   __rtentry4.o
        52          8          0          0          0          0   __scatter.o
        28          0          0          0          0          0   __scatter_zi.o
        48          6          0          0          0         96   _printf_char_common.o
         6          0          0          0          0          0   _printf_d.o
       120         16          0          0          0         92   _printf_dec.o
       148          4         40          0          0        160   _printf_hex_int_ll_ptr.o
       178          0          0          0          0         88   _printf_intcommon.o
        78          0          0          0          0        108   _printf_pad.o
         0          0          0          0          0          0   _printf_percent.o
         4          0          0          0          0          0   _printf_percent_end.o
         6          0          0          0          0          0   _printf_x.o
        22          0          0          0          0        100   _rserrno.o
        10          0          0          0          0         68   _sputc.o
        16          0          0          0          0         68   aeabi_memset.o
        10          0          0          0          0         68   defsig_exit.o
        50          0          0          0          0         88   defsig_general.o
        80         58          0          0          0         76   defsig_rtmem_inner.o
        14          0          0          0          0         80   defsig_rtmem_outer.o
        18          0          0          0          0         80   exit.o
        94          0          0          0          0         80   h1_alloc.o
        52          0          0          0          0         68   h1_extend.o
        78          0          0          0          0         80   h1_free.o
        14          0          0          0          0         84   h1_init.o
         6          0          0          0          0        152   heapauxi.o
         4          0          0          0          0        136   hguard.o
         0          0          0          0          0          0   indicate_semi.o
       138          0          0          0          0        168   init_alloc.o
        44         10        272          0          0         76   lc_ctype_c.o
         2          0          0          0          0          0   libinit.o
        28          0          0          0          0          0   libinit2.o
         2          0          0          0          0          0   libshutdown.o
         2          0          0          0          0          0   libshutdown2.o
         8          4          0          0         96         68   libspace.o
         0          0          0          0          0          0   maybetermalloc1.o
        16          4          0          0          0         76   rt_ctype_table.o
         8          4          0          0          0         68   rt_errno_addr_intlibspace.o
         8          4          0          0          0         68   rt_heap_descriptor_intlibspace.o
         8          4          0          0          0         68   rt_locale_intlibspace.o
        68          0          0          0          0         68   rt_memclr.o
        78          0          0          0          0         80   rt_memclr_w.o
       138          0          0          0          0         68   rt_memcpy_v6.o
       100          0          0          0          0         80   rt_memcpy_w.o
         2          0          0          0          0          0   rtexit.o
        10          0          0          0          0          0   rtexit2.o
        20          0          0          0          0         68   strchr.o
       128          0          0          0          0         68   strcmpv7m.o
        72          0          0          0          0         80   strcpy.o
        62          0          0          0          0         76   strlen.o
       150          0          0          0          0         80   strncmp.o
        12          4          0          0          0         68   sys_exit.o
        74          0          0          0          0         80   sys_stackheap_outer.o
        14          0          0          0          0         76   sys_wrch.o
        26          0          0          0          0         76   tolower.o
         2          0          0          0          0         68   use_no_semi.o
       826         16          0          0          0        348   daddsub_clz.o
        16          4          0          0          0         68   dcheck1.o
        24          0          0          0          0         68   dcmpi.o
       688        140          0          0          0        208   ddiv.o
       120          4          0          0          0         92   deqf.o
        94          4          0          0          0         92   dfix.o
        84          0          0          0          0        136   dflt_clz.o
       120          4          0          0          0         92   dleqf.o
       340         12          0          0          0        104   dmul.o
       156          4          0          0          0         92   dnaninf.o
        12          0          0          0          0         68   dretinf.o
       108          0          0          0          0         80   drleqf.o
       460         56          0          0          0        120   dsqrt_noumaal.o
       100          0          0          0          0         68   retnan.o
        92          0          0          0          0         68   scalbn.o
        48          0          0          0          0         68   trapv.o
         0          0          0          0          0          0   usenofp.o
       882         12         15        108          0      11880   driver_fram.o
       866         46          7         56          0      10885   driver_iflash.o
       172          6          4         32          0       2503   driver_led.o
       928         32         24        288          0      22385   driver_serial.o
       326         20          7         48          0      10543   driver_timer.o
       902        160          4        168       6464      17511   driver_usb.o
      1464         70         32         10        104       6886   enumerate.o
      1088         98        288         12         24      14175   idea_coder.o
      1800        142        180         16        160      11308   idea_comm.o
       890         96          0          8        464      10313   idea_player.o
       548         78          0         12         24       4250   idea_pwd.o
       332         18          0          0          0      22446   mml_gcr.o
      1608         44          0         28          0      16934   mml_gpio.o
       212         10          0          0          0       6153   mml_intc.o
      1452         76          0          0        512      11434   mml_sflc.o
      2640         76          0         28          0      21147   mml_spi.o
      1884        118          0         68          0      29740   mml_tmr.o
      1708         62          0         76          0      24644   mml_uart.o
       218         24          0          8          0      13549   qs.o
       208         20          0          4         16       3815   qs_ae_rand.o
        10          0          0          0          0        862   qs_algo.o
       612         16        193          4          0       3280   qs_base64.o
        30          0          0          0          0        872   qs_board.o
        58          4        512          0          0       1711   qs_crc16.o
       584         32          0          4         12       5064   qs_database.o
      9468        266       2176          0          0       9326   qs_des.o
       244          0          0          0          0       4350   qs_des_cbc.o
       100          0          0          0          0       1974   qs_des_ecb.o
       258         12          0          4          0       4898   qs_driver.o
       288          0          0          0          0       3473   qs_fifo.o
      5650        216          7         12          0      27768   qs_json.o
       656         78          0          8         96       5511   qs_led.o
       500          0          0          0          0       5806   qs_list.o
         4          0          0          0          0        445   qs_log.o
        44          0          0          0          0       1497   qs_mem.o
       994        116          0          0         64       5852   qs_mm.o
        54          0          0          0          0        940   qs_modules.o
      1856          0          0          0          0      13816   qs_nn.o
       376         22          0          4          0       5741   qs_platform.o
        40          0          0          0          0       1942   qs_rand.o
       940          0          0          0          0       4825   qs_rsa.o
      3046         70       1024          8          0      13929   qs_senv.o
       892         68          0          8          0       5943   qs_senv_manager.o
      5996         58          0          0          0       5302   qs_sha1.o
        30          0          0          0          0        894   qs_system.o
      2398        202          0         32          0       6423   qs_system_senv.o
       124         14          0          0         40       2092   qs_task.o
       264          0          0          0          0       2523   qs_utility.o
        86         10         24          4          0      14254   spi.o
      2100         52          0          0        352      17798   usb.o
       332          8          0          4         72       9151   usb_event.o
        62         10          0          0          0        340   dunder.o
        40          0          0          0          0         68   fpclassify.o
       170          0          0          0          0         96   poly.o
      2520        190        136          0          0        324   pow.o
         0          0          8          0          0          0   qnan.o
        76          0          0          0          0         84   sqrt.o

    ----------------------------------------------------------------------
     67328       3032       4980       1064       8888     467159   Library Totals
        88          0         10          2        388          0   (incl. Padding)

    ----------------------------------------------------------------------

      Code (inc. data)   RO Data    RW Data    ZI Data      Debug   Library Name

      2922        136        329          0         96       3712   c_wu.l
      3288        244          0          0          0       1772   fz_ws.l
     58162       2452       4497       1062       8404     460763   ideabase.lib
      2868        200        144          0          0        912   m_ws.l

    ----------------------------------------------------------------------
     67328       3032       4980       1064       8888     467159   Library Totals

    ----------------------------------------------------------------------

==============================================================================


      Code (inc. data)   RO Data    RW Data    ZI Data      Debug   

     75376       7310       5020       1376      49864     467660   Grand Totals
     75376       7310       5020        388      49864     467660   ELF Image Totals (compressed)
     75376       7310       5020        388          0          0   ROM Totals

==============================================================================

    Total RO  Size (Code + RO Data)                80396 (  78.51kB)
    Total RW  Size (RW Data + ZI Data)             51240 (  50.04kB)
    Total ROM Size (Code + RO Data + RW Data)      80784 (  78.89kB)

==============================================================================

