<!doctype html public "-//w3c//dtd html 4.0 transitional//en">
<html><head>
<title>Static Call Graph - [.\Objects\idea-app.axf]</title></head>
<body><HR>
<H1>Static Call Graph for image .\Objects\idea-app.axf</H1><HR>
<BR><P>#&#060CALLGRAPH&#062# ARM Linker, 5060960: Last Updated: Thu May 07 00:28:05 2026
<BR><P>
<H3>Maximum Stack Usage =       4744 bytes + Unknown(Functions without stacksize, Cycles, Untraceable Function Pointers)</H3><H3>
Call chain for Maximum Stack Depth:</H3>
SenvReadCallback &rArr; DLL_GetGameResultById &rArr; GetNormalResult &rArr; FreeGamePersist_Save &rArr; qs_log &rArr; qs_pprintf &rArr; __ltoa__ &rArr; __aeabi_uldivmod
<P>
<H3>
Functions with no stack information
</H3><UL>
 <LI><a href="#[11a]">__user_initial_stackheap</a>
</UL>
</UL>
<P>
<H3>
Mutually Recursive functions
</H3> <LI><a href="#[c]">NMI_Handler</a>&nbsp;&nbsp;&nbsp;&rArr;&nbsp;&nbsp;&nbsp;<a href="#[c]">NMI_Handler</a><BR>
 <LI><a href="#[d]">HardFault_Handler</a>&nbsp;&nbsp;&nbsp;&rArr;&nbsp;&nbsp;&nbsp;<a href="#[d]">HardFault_Handler</a><BR>
 <LI><a href="#[e]">MemManage_Handler</a>&nbsp;&nbsp;&nbsp;&rArr;&nbsp;&nbsp;&nbsp;<a href="#[e]">MemManage_Handler</a><BR>
 <LI><a href="#[f]">BusFault_Handler</a>&nbsp;&nbsp;&nbsp;&rArr;&nbsp;&nbsp;&nbsp;<a href="#[f]">BusFault_Handler</a><BR>
 <LI><a href="#[10]">UsageFault_Handler</a>&nbsp;&nbsp;&nbsp;&rArr;&nbsp;&nbsp;&nbsp;<a href="#[10]">UsageFault_Handler</a><BR>
 <LI><a href="#[11]">SVC_Handler</a>&nbsp;&nbsp;&nbsp;&rArr;&nbsp;&nbsp;&nbsp;<a href="#[11]">SVC_Handler</a><BR>
 <LI><a href="#[12]">DebugMon_Handler</a>&nbsp;&nbsp;&nbsp;&rArr;&nbsp;&nbsp;&nbsp;<a href="#[12]">DebugMon_Handler</a><BR>
 <LI><a href="#[13]">PendSV_Handler</a>&nbsp;&nbsp;&nbsp;&rArr;&nbsp;&nbsp;&nbsp;<a href="#[13]">PendSV_Handler</a><BR>
 <LI><a href="#[15]">handler_default_undefined_</a>&nbsp;&nbsp;&nbsp;&rArr;&nbsp;&nbsp;&nbsp;<a href="#[15]">handler_default_undefined_</a><BR>
 <LI><a href="#[268]">print_object</a>&nbsp;&nbsp;&nbsp;&rArr;&nbsp;&nbsp;&nbsp;<a href="#[263]">print_value</a><BR>
 <LI><a href="#[261]">print_array</a>&nbsp;&nbsp;&nbsp;&rArr;&nbsp;&nbsp;&nbsp;<a href="#[263]">print_value</a><BR>
 <LI><a href="#[287]">qs_json_Delete</a>&nbsp;&nbsp;&nbsp;&rArr;&nbsp;&nbsp;&nbsp;<a href="#[287]">qs_json_Delete</a><BR>
 <LI><a href="#[250]">parse_object</a>&nbsp;&nbsp;&nbsp;&rArr;&nbsp;&nbsp;&nbsp;<a href="#[24c]">parse_value</a><BR>
 <LI><a href="#[249]">parse_array</a>&nbsp;&nbsp;&nbsp;&rArr;&nbsp;&nbsp;&nbsp;<a href="#[24c]">parse_value</a><BR>
</UL>
<P>
<H3>
Function Pointers
</H3><UL>
 <LI><a href="#[f]">BusFault_Handler</a> from startup_max3255x.o(.text) referenced 2 times from startup_max3255x.o(.data)
 <LI><a href="#[12]">DebugMon_Handler</a> from startup_max3255x.o(.text) referenced 2 times from startup_max3255x.o(.data)
 <LI><a href="#[6b]">GameResult_3993_GenBonus</a> from gameresult_3993.o(i.GameResult_3993_GenBonus) referenced from gameresultregistry.o(i.GameResultRegistry_InitDefaults)
 <LI><a href="#[6a]">GameResult_3993_GenFree</a> from gameresult_3993.o(i.GameResult_3993_GenFree) referenced from gameresultregistry.o(i.GameResultRegistry_InitDefaults)
 <LI><a href="#[6c]">GameResult_3993_GenJackpot</a> from gameresult_3993.o(i.GameResult_3993_GenJackpot) referenced from gameresultregistry.o(i.GameResultRegistry_InitDefaults)
 <LI><a href="#[6d]">GameResult_3993_GenLose</a> from gameresult_3993.o(i.GameResult_3993_GenLose) referenced from gameresultregistry.o(i.GameResultRegistry_InitDefaults)
 <LI><a href="#[69]">GameResult_3993_GenNormal</a> from gameresult_3993.o(i.GameResult_3993_GenNormal) referenced from gameresultregistry.o(i.GameResultRegistry_InitDefaults)
 <LI><a href="#[6e]">GameResult_3993_OutResToJsonn</a> from gameresult_3993.o(i.GameResult_3993_OutResToJsonn) referenced from gameresultregistry.o(i.GameResultRegistry_InitDefaults)
 <LI><a href="#[6f]">GameResult_3993_OutResToSenv</a> from gameresult_3993.o(i.GameResult_3993_OutResToSenv) referenced from gameresultregistry.o(i.GameResultRegistry_InitDefaults)
 <LI><a href="#[66]">GameResult_3995_ApplyMatrixToOutResByRound</a> from gameresult_3995.o(i.GameResult_3995_ApplyMatrixToOutResByRound) referenced from gameresultregistry.o(i.GameResultRegistry_InitDefaults)
 <LI><a href="#[63]">GameResult_3995_GenBonus</a> from gameresult_3995.o(i.GameResult_3995_GenBonus) referenced from gameresultregistry.o(i.GameResultRegistry_InitDefaults)
 <LI><a href="#[62]">GameResult_3995_GenFree</a> from gameresult_3995.o(i.GameResult_3995_GenFree) referenced from gameresultregistry.o(i.GameResultRegistry_InitDefaults)
 <LI><a href="#[64]">GameResult_3995_GenJackpot</a> from gameresult_3995.o(i.GameResult_3995_GenJackpot) referenced from gameresultregistry.o(i.GameResultRegistry_InitDefaults)
 <LI><a href="#[65]">GameResult_3995_GenLose</a> from gameresult_3995.o(i.GameResult_3995_GenLose) referenced from gameresultregistry.o(i.GameResultRegistry_InitDefaults)
 <LI><a href="#[61]">GameResult_3995_GenNormal</a> from gameresult_3995.o(i.GameResult_3995_GenNormal) referenced from gameresultregistry.o(i.GameResultRegistry_InitDefaults)
 <LI><a href="#[67]">GameResult_3995_OutResToJsonn</a> from gameresult_3995.o(i.GameResult_3995_OutResToJsonn) referenced from gameresultregistry.o(i.GameResultRegistry_InitDefaults)
 <LI><a href="#[68]">GameResult_3995_OutResToSenv</a> from gameresult_3995.o(i.GameResult_3995_OutResToSenv) referenced from gameresultregistry.o(i.GameResultRegistry_InitDefaults)
 <LI><a href="#[5d]">GameResult_3996_ApplyMatrixToOutResByRound</a> from gameresult_3996.o(i.GameResult_3996_ApplyMatrixToOutResByRound) referenced from gameresultregistry.o(i.GameResultRegistry_InitDefaults)
 <LI><a href="#[5e]">GameResult_3996_ApplyMatrixToOutResForFree</a> from gameresult_3996.o(i.GameResult_3996_ApplyMatrixToOutResForFree) referenced from gameresultregistry.o(i.GameResultRegistry_InitDefaults)
 <LI><a href="#[5a]">GameResult_3996_GenBonus</a> from gameresult_3996.o(i.GameResult_3996_GenBonus) referenced from gameresultregistry.o(i.GameResultRegistry_InitDefaults)
 <LI><a href="#[59]">GameResult_3996_GenFree</a> from gameresult_3996.o(i.GameResult_3996_GenFree) referenced from gameresultregistry.o(i.GameResultRegistry_InitDefaults)
 <LI><a href="#[5b]">GameResult_3996_GenJackpot</a> from gameresult_3996.o(i.GameResult_3996_GenJackpot) referenced from gameresultregistry.o(i.GameResultRegistry_InitDefaults)
 <LI><a href="#[5c]">GameResult_3996_GenLose</a> from gameresult_3996.o(i.GameResult_3996_GenLose) referenced from gameresultregistry.o(i.GameResultRegistry_InitDefaults)
 <LI><a href="#[58]">GameResult_3996_GenNormal</a> from gameresult_3996.o(i.GameResult_3996_GenNormal) referenced from gameresultregistry.o(i.GameResultRegistry_InitDefaults)
 <LI><a href="#[5f]">GameResult_3996_OutResToJsonn</a> from gameresult_3996.o(i.GameResult_3996_OutResToJsonn) referenced from gameresultregistry.o(i.GameResultRegistry_InitDefaults)
 <LI><a href="#[60]">GameResult_3996_OutResToSenv</a> from gameresult_3996.o(i.GameResult_3996_OutResToSenv) referenced from gameresultregistry.o(i.GameResultRegistry_InitDefaults)
 <LI><a href="#[54]">GameResult_3997_ApplyMatrixToOutResByRound</a> from gameresult_3997.o(i.GameResult_3997_ApplyMatrixToOutResByRound) referenced from gameresultregistry.o(i.GameResultRegistry_InitDefaults)
 <LI><a href="#[55]">GameResult_3997_ApplyMatrixToOutResForFree</a> from gameresult_3997.o(i.GameResult_3997_ApplyMatrixToOutResForFree) referenced from gameresultregistry.o(i.GameResultRegistry_InitDefaults)
 <LI><a href="#[51]">GameResult_3997_GenBonus</a> from gameresult_3997.o(i.GameResult_3997_GenBonus) referenced from gameresultregistry.o(i.GameResultRegistry_InitDefaults)
 <LI><a href="#[50]">GameResult_3997_GenFree</a> from gameresult_3997.o(i.GameResult_3997_GenFree) referenced from gameresultregistry.o(i.GameResultRegistry_InitDefaults)
 <LI><a href="#[52]">GameResult_3997_GenJackpot</a> from gameresult_3997.o(i.GameResult_3997_GenJackpot) referenced from gameresultregistry.o(i.GameResultRegistry_InitDefaults)
 <LI><a href="#[53]">GameResult_3997_GenLose</a> from gameresult_3997.o(i.GameResult_3997_GenLose) referenced from gameresultregistry.o(i.GameResultRegistry_InitDefaults)
 <LI><a href="#[4f]">GameResult_3997_GenNormal</a> from gameresult_3997.o(i.GameResult_3997_GenNormal) referenced from gameresultregistry.o(i.GameResultRegistry_InitDefaults)
 <LI><a href="#[56]">GameResult_3997_OutResToJsonn</a> from gameresult_3997.o(i.GameResult_3997_OutResToJsonn) referenced from gameresultregistry.o(i.GameResultRegistry_InitDefaults)
 <LI><a href="#[57]">GameResult_3997_OutResToSenv</a> from gameresult_3997.o(i.GameResult_3997_OutResToSenv) referenced from gameresultregistry.o(i.GameResultRegistry_InitDefaults)
 <LI><a href="#[4c]">GameResult_3998_ApplyMatrixToOutResByRound</a> from gameresult_3998.o(i.GameResult_3998_ApplyMatrixToOutResByRound) referenced from gameresultregistry.o(i.GameResultRegistry_InitDefaults)
 <LI><a href="#[49]">GameResult_3998_GenBonus</a> from gameresult_3998.o(i.GameResult_3998_GenBonus) referenced from gameresultregistry.o(i.GameResultRegistry_InitDefaults)
 <LI><a href="#[48]">GameResult_3998_GenFree</a> from gameresult_3998.o(i.GameResult_3998_GenFree) referenced from gameresultregistry.o(i.GameResultRegistry_InitDefaults)
 <LI><a href="#[4a]">GameResult_3998_GenJackpot</a> from gameresult_3998.o(i.GameResult_3998_GenJackpot) referenced from gameresultregistry.o(i.GameResultRegistry_InitDefaults)
 <LI><a href="#[4b]">GameResult_3998_GenLose</a> from gameresult_3998.o(i.GameResult_3998_GenLose) referenced from gameresultregistry.o(i.GameResultRegistry_InitDefaults)
 <LI><a href="#[47]">GameResult_3998_GenNormal</a> from gameresult_3998.o(i.GameResult_3998_GenNormal) referenced from gameresultregistry.o(i.GameResultRegistry_InitDefaults)
 <LI><a href="#[4d]">GameResult_3998_OutResToJsonn</a> from gameresult_3998.o(i.GameResult_3998_OutResToJsonn) referenced from gameresultregistry.o(i.GameResultRegistry_InitDefaults)
 <LI><a href="#[4e]">GameResult_3998_OutResToSenv</a> from gameresult_3998.o(i.GameResult_3998_OutResToSenv) referenced from gameresultregistry.o(i.GameResultRegistry_InitDefaults)
 <LI><a href="#[40]">GameResult_3999_GenBonus</a> from gameresult_3999.o(i.GameResult_3999_GenBonus) referenced from gameresultregistry.o(i.GameResultRegistry_InitDefaults)
 <LI><a href="#[3f]">GameResult_3999_GenFree</a> from gameresult_3999.o(i.GameResult_3999_GenFree) referenced from gameresultregistry.o(i.GameResultRegistry_InitDefaults)
 <LI><a href="#[41]">GameResult_3999_GenJackpot</a> from gameresult_3999.o(i.GameResult_3999_GenJackpot) referenced from gameresultregistry.o(i.GameResultRegistry_InitDefaults)
 <LI><a href="#[42]">GameResult_3999_GenLose</a> from gameresult_3999.o(i.GameResult_3999_GenLose) referenced from gameresultregistry.o(i.GameResultRegistry_InitDefaults)
 <LI><a href="#[3c]">GameResult_3999_GenNormal</a> from gameresult_3999.o(i.GameResult_3999_GenNormal) referenced from gameresultregistry.o(i.GameResultRegistry_InitDefaults)
 <LI><a href="#[45]">GameResult_3999_OutResToJsonn</a> from gameresult_3999.o(i.GameResult_3999_OutResToJsonn) referenced from gameresultregistry.o(i.GameResultRegistry_InitDefaults)
 <LI><a href="#[46]">GameResult_3999_OutResToSenv</a> from gameresult_3999.o(i.GameResult_3999_OutResToSenv) referenced from gameresultregistry.o(i.GameResultRegistry_InitDefaults)
 <LI><a href="#[43]">GameResult_Generic_ApplyMatrixToOutResByRound</a> from gameresultregistry.o(i.GameResult_Generic_ApplyMatrixToOutResByRound) referenced from gameresultregistry.o(i.GameResultRegistry_InitDefaults)
 <LI><a href="#[44]">GameResult_Generic_ApplyMatrixToOutResForFree</a> from gameresultregistry.o(i.GameResult_Generic_ApplyMatrixToOutResForFree) referenced from gameresultregistry.o(i.GameResultRegistry_InitDefaults)
 <LI><a href="#[3e]">GameResult_Generic_NormalLose</a> from gameresultregistry.o(i.GameResult_Generic_NormalLose) referenced from gameresultregistry.o(i.GameResultRegistry_InitDefaults)
 <LI><a href="#[3d]">GameResult_Generic_NormalWin</a> from gameresultregistry.o(i.GameResult_Generic_NormalWin) referenced from gameresultregistry.o(i.GameResultRegistry_InitDefaults)
 <LI><a href="#[d]">HardFault_Handler</a> from startup_max3255x.o(.text) referenced 2 times from startup_max3255x.o(.data)
 <LI><a href="#[76]">MatrixApplyTriggers_3993</a> from matrixapplytriggers_3993.o(i.MatrixApplyTriggers_3993) referenced from matrix_u_triggersbyid.o(i.MatrixTriggerOps_t_InitDefaults)
 <LI><a href="#[75]">MatrixApplyTriggers_3996</a> from matrixapplytriggers_3996.o(i.MatrixApplyTriggers_3996) referenced from matrix_u_triggersbyid.o(i.MatrixTriggerOps_t_InitDefaults)
 <LI><a href="#[74]">MatrixApplyTriggers_3997</a> from matrixapplytriggers_3997.o(i.MatrixApplyTriggers_3997) referenced from matrix_u_triggersbyid.o(i.MatrixTriggerOps_t_InitDefaults)
 <LI><a href="#[73]">MatrixApplyTriggers_3998</a> from matrixapplytriggers_3998.o(i.MatrixApplyTriggers_3998) referenced from matrix_u_triggersbyid.o(i.MatrixTriggerOps_t_InitDefaults)
 <LI><a href="#[70]">MatrixApplyTriggers_Default</a> from matrix_u_triggersbyid.o(i.MatrixApplyTriggers_Default) referenced from matrix_u_triggersbyid.o(i.MatrixTriggerOps_t_InitDefaults)
 <LI><a href="#[e]">MemManage_Handler</a> from startup_max3255x.o(.text) referenced 2 times from startup_max3255x.o(.data)
 <LI><a href="#[c]">NMI_Handler</a> from startup_max3255x.o(.text) referenced 2 times from startup_max3255x.o(.data)
 <LI><a href="#[13]">PendSV_Handler</a> from startup_max3255x.o(.text) referenced 2 times from startup_max3255x.o(.data)
 <LI><a href="#[36]">Reset_Handler</a> from startup_max3255x.o(.text) referenced from startup_max3255x.o(.text)
 <LI><a href="#[11]">SVC_Handler</a> from startup_max3255x.o(.text) referenced 2 times from startup_max3255x.o(.data)
 <LI><a href="#[78]">SenvReadCallback</a> from idea_cmd.o(i.SenvReadCallback) referenced from idea_cmd.o(i.idea_cmd_init)
 <LI><a href="#[14]">SysTick_Handler</a> from qs_platform.o(i.SysTick_Handler) referenced 2 times from startup_max3255x.o(.data)
 <LI><a href="#[b]">System_Reset</a> from startup_max3255x.o(.text) referenced 2 times from startup_max3255x.o(.data)
 <LI><a href="#[b]">System_Reset</a> from startup_max3255x.o(.text) referenced from startup_max3255x.o(RESET)
 <LI><a href="#[7b]">USB_IRQHandler</a> from driver_usb.o(i.USB_IRQHandler) referenced from driver_usb.o(i.open)
 <LI><a href="#[10]">UsageFault_Handler</a> from startup_max3255x.o(.text) referenced 2 times from startup_max3255x.o(.data)
 <LI><a href="#[85]">__main</a> from __main.o(!!!main) referenced from startup_max3255x.o(.text)
 <LI><a href="#[3a]">_get_lc_ctype</a> from lc_ctype_c.o(locale$$code) referenced from rt_ctype_table.o(.text)
 <LI><a href="#[3b]">_printf_input_char</a> from _printf_char_common.o(.text) referenced from _printf_char_common.o(.text)
 <LI><a href="#[39]">_sputc</a> from _sputc.o(.text) referenced from __2sprintf.o(.text)
 <LI><a href="#[84]">acksetup_callback</a> from enumerate.o(.text) referenced from enumerate.o(.constdata)
 <LI><a href="#[71]">checkOnLine_Defaults</a> from matrix_u_triggersbyid.o(i.checkOnLine_Defaults) referenced from matrix_u_triggersbyid.o(i.MatrixTriggerOps_t_InitDefaults)
 <LI><a href="#[19]">close</a> from driver_iflash.o(i.close) referenced 18 times from driver_iflash.o(.data)
 <LI><a href="#[72]">computeLineWins_Defaults</a> from matrix_u_triggersbyid.o(i.computeLineWins_Defaults) referenced from matrix_u_triggersbyid.o(i.MatrixTriggerOps_t_InitDefaults)
 <LI><a href="#[82]">ep_in_cb</a> from driver_usb.o(i.ep_in_cb) referenced from driver_usb.o(i.usb_bulk_configure)
 <LI><a href="#[83]">ep_out_cb</a> from driver_usb.o(i.ep_out_cb) referenced from driver_usb.o(i.usb_bulk_configure)
 <LI><a href="#[7a]">event_callback</a> from driver_usb.o(i.event_callback) referenced from driver_usb.o(i.open)
 <LI><a href="#[15]">handler_default_undefined_</a> from startup_max3255x.o(.text) referenced 96 times from startup_max3255x.o(.data)
 <LI><a href="#[15]">handler_default_undefined_</a> from startup_max3255x.o(.text) referenced from mml_intc.o(.text)
 <LI><a href="#[1c]">ioctl</a> from driver_iflash.o(i.ioctl) referenced 18 times from driver_iflash.o(.data)
 <LI><a href="#[18]">open</a> from driver_iflash.o(i.open) referenced 18 times from driver_iflash.o(.data)
 <LI><a href="#[16]">qs_mem_alloc</a> from qs_mem.o(i.qs_mem_alloc) referenced 2 times from qs_json.o(.data)
 <LI><a href="#[17]">qs_mem_free</a> from qs_mem.o(i.qs_mem_free) referenced 2 times from qs_json.o(.data)
 <LI><a href="#[7e]">qs_senv_app_data_input</a> from qs_senv.o(i.qs_senv_app_data_input) referenced from qs_senv.o(i.qs_senv_alloc)
 <LI><a href="#[7c]">qs_senv_exec_1</a> from qs_senv.o(i.qs_senv_exec_1) referenced from qs_senv.o(i.qs_senv_alloc)
 <LI><a href="#[7d]">qs_senv_iostream_input</a> from qs_senv.o(i.qs_senv_iostream_input) referenced from qs_senv.o(i.qs_senv_alloc)
 <LI><a href="#[7f]">qs_senv_manager_app_data_out</a> from qs_senv_manager.o(i.qs_senv_manager_app_data_out) referenced from qs_senv_manager.o(i.qs_senv_manager_register)
 <LI><a href="#[80]">qs_system_iostream_output</a> from qs_system_senv.o(i.qs_system_iostream_output) referenced from qs_system_senv.o(i.qs_system_senv_init)
 <LI><a href="#[81]">qs_system_senv_receive_callback</a> from qs_system_senv.o(i.qs_system_senv_receive_callback) referenced from qs_system_senv.o(i.qs_system_senv_init)
 <LI><a href="#[1a]">read</a> from driver_iflash.o(i.read) referenced 14 times from driver_iflash.o(.data)
 <LI><a href="#[1d]">serial0_hander</a> from driver_serial.o(i.serial0_hander) referenced 2 times from driver_serial.o(.data)
 <LI><a href="#[1e]">serial1_hander</a> from driver_serial.o(i.serial1_hander) referenced 2 times from driver_serial.o(.data)
 <LI><a href="#[1f]">serial2_hander</a> from driver_serial.o(i.serial2_hander) referenced 2 times from driver_serial.o(.data)
 <LI><a href="#[79]">setconfig_callback</a> from driver_usb.o(i.setconfig_callback) referenced from driver_usb.o(i.open)
 <LI><a href="#[38]">setup</a> from enumerate.o(.text) referenced from enumerate.o(.text)
 <LI><a href="#[77]">task_0</a> from app.o(i.task_0) referenced from app.o(i.app_init)
 <LI><a href="#[2a]">timer0_hander</a> from driver_timer.o(i.timer0_hander) referenced 2 times from driver_timer.o(.data)
 <LI><a href="#[1b]">write</a> from driver_iflash.o(i.write) referenced 14 times from driver_iflash.o(.data)
</UL>
<P>
<H3>
Global Symbols
</H3>
<P><STRONG><a name="[85]"></a>__main</STRONG> (Thumb, 8 bytes, Stack size 0 bytes, __main.o(!!!main))
<BR><BR>[Calls]<UL><LI><a href="#[87]">&gt;&gt;</a>&nbsp;&nbsp;&nbsp;__rt_entry
<LI><a href="#[86]">&gt;&gt;</a>&nbsp;&nbsp;&nbsp;__scatterload
</UL>

<P><STRONG><a name="[86]"></a>__scatterload</STRONG> (Thumb, 0 bytes, Stack size unknown bytes, __scatter.o(!!!scatter))
<BR><BR>[Called By]<UL><LI><a href="#[85]">&gt;&gt;</a>&nbsp;&nbsp;&nbsp;__main
</UL>

<P><STRONG><a name="[88]"></a>__scatterload_rt2</STRONG> (Thumb, 44 bytes, Stack size unknown bytes, __scatter.o(!!!scatter), UNUSED)
<BR><BR>[Calls]<UL><LI><a href="#[87]">&gt;&gt;</a>&nbsp;&nbsp;&nbsp;__rt_entry
</UL>

<P><STRONG><a name="[2fc]"></a>__scatterload_rt2_thumb_only</STRONG> (Thumb, 0 bytes, Stack size unknown bytes, __scatter.o(!!!scatter), UNUSED)

<P><STRONG><a name="[2fd]"></a>__scatterload_null</STRONG> (Thumb, 0 bytes, Stack size unknown bytes, __scatter.o(!!!scatter), UNUSED)

<P><STRONG><a name="[2fe]"></a>__decompress</STRONG> (Thumb, 90 bytes, Stack size unknown bytes, __dczerorl2.o(!!dczerorl2), UNUSED)

<P><STRONG><a name="[2ff]"></a>__decompress1</STRONG> (Thumb, 0 bytes, Stack size unknown bytes, __dczerorl2.o(!!dczerorl2), UNUSED)

<P><STRONG><a name="[300]"></a>__scatterload_zeroinit</STRONG> (Thumb, 28 bytes, Stack size unknown bytes, __scatter_zi.o(!!handler_zi), UNUSED)

<P><STRONG><a name="[89]"></a>_printf_d</STRONG> (Thumb, 0 bytes, Stack size unknown bytes, _printf_d.o(.ARM.Collect$$_printf_percent$$00000009))
<BR><BR>[Stack]<UL><LI>Max Depth = 72 + Unknown Stack Size
<LI>Call Chain = _printf_d &rArr; _printf_int_dec &rArr; _printf_int_common &rArr; _printf_post_padding
</UL>
<BR>[Calls]<UL><LI><a href="#[8a]">&gt;&gt;</a>&nbsp;&nbsp;&nbsp;_printf_int_dec
</UL>

<P><STRONG><a name="[109]"></a>_printf_percent</STRONG> (Thumb, 0 bytes, Stack size unknown bytes, _printf_percent.o(.ARM.Collect$$_printf_percent$$00000000))
<BR><BR>[Called By]<UL><LI><a href="#[107]">&gt;&gt;</a>&nbsp;&nbsp;&nbsp;__printf
</UL>

<P><STRONG><a name="[8b]"></a>_printf_x</STRONG> (Thumb, 0 bytes, Stack size unknown bytes, _printf_x.o(.ARM.Collect$$_printf_percent$$0000000C))
<BR><BR>[Stack]<UL><LI>Max Depth = 80 + Unknown Stack Size
<LI>Call Chain = _printf_x &rArr; _printf_int_hex &rArr; _printf_longlong_hex &rArr; _printf_int_common &rArr; _printf_post_padding
</UL>
<BR>[Calls]<UL><LI><a href="#[8c]">&gt;&gt;</a>&nbsp;&nbsp;&nbsp;_printf_int_hex
</UL>

<P><STRONG><a name="[301]"></a>_printf_percent_end</STRONG> (Thumb, 0 bytes, Stack size unknown bytes, _printf_percent_end.o(.ARM.Collect$$_printf_percent$$00000017))

<P><STRONG><a name="[95]"></a>__rt_lib_init</STRONG> (Thumb, 0 bytes, Stack size unknown bytes, libinit.o(.ARM.Collect$$libinit$$00000000))
<BR><BR>[Called By]<UL><LI><a href="#[94]">&gt;&gt;</a>&nbsp;&nbsp;&nbsp;__rt_entry_li
</UL>

<P><STRONG><a name="[302]"></a>__rt_lib_init_fp_1</STRONG> (Thumb, 0 bytes, Stack size unknown bytes, libinit2.o(.ARM.Collect$$libinit$$00000002))

<P><STRONG><a name="[8d]"></a>__rt_lib_init_heap_2</STRONG> (Thumb, 0 bytes, Stack size unknown bytes, libinit2.o(.ARM.Collect$$libinit$$00000005))
<BR><BR>[Stack]<UL><LI>Max Depth = 64 + Unknown Stack Size
<LI>Call Chain = __rt_lib_init_heap_2 &rArr; _init_alloc &rArr; __rt_SIGRTMEM &rArr; __rt_SIGRTMEM_inner &rArr; __default_signal_display &rArr; _ttywrch
</UL>
<BR>[Calls]<UL><LI><a href="#[8e]">&gt;&gt;</a>&nbsp;&nbsp;&nbsp;_init_alloc
</UL>

<P><STRONG><a name="[303]"></a>__rt_lib_init_preinit_1</STRONG> (Thumb, 0 bytes, Stack size unknown bytes, libinit2.o(.ARM.Collect$$libinit$$00000004))

<P><STRONG><a name="[304]"></a>__rt_lib_init_heap_1</STRONG> (Thumb, 0 bytes, Stack size unknown bytes, libinit2.o(.ARM.Collect$$libinit$$0000000A))

<P><STRONG><a name="[8f]"></a>__rt_lib_init_lc_common</STRONG> (Thumb, 0 bytes, Stack size unknown bytes, libinit2.o(.ARM.Collect$$libinit$$0000000F))
<BR><BR>[Calls]<UL><LI><a href="#[90]">&gt;&gt;</a>&nbsp;&nbsp;&nbsp;__rt_locale
</UL>

<P><STRONG><a name="[305]"></a>__rt_lib_init_rand_1</STRONG> (Thumb, 0 bytes, Stack size unknown bytes, libinit2.o(.ARM.Collect$$libinit$$0000000E))

<P><STRONG><a name="[306]"></a>__rt_lib_init_user_alloc_1</STRONG> (Thumb, 0 bytes, Stack size unknown bytes, libinit2.o(.ARM.Collect$$libinit$$0000000C))

<P><STRONG><a name="[307]"></a>__rt_lib_init_lc_collate_1</STRONG> (Thumb, 0 bytes, Stack size unknown bytes, libinit2.o(.ARM.Collect$$libinit$$00000011))

<P><STRONG><a name="[91]"></a>__rt_lib_init_lc_ctype_2</STRONG> (Thumb, 0 bytes, Stack size unknown bytes, libinit2.o(.ARM.Collect$$libinit$$00000012))
<BR><BR>[Stack]<UL><LI>Max Depth = 8 + Unknown Stack Size
<LI>Call Chain = __rt_lib_init_lc_ctype_2 &rArr; _get_lc_ctype
</UL>
<BR>[Calls]<UL><LI><a href="#[3a]">&gt;&gt;</a>&nbsp;&nbsp;&nbsp;_get_lc_ctype
</UL>

<P><STRONG><a name="[308]"></a>__rt_lib_init_alloca_1</STRONG> (Thumb, 0 bytes, Stack size unknown bytes, libinit2.o(.ARM.Collect$$libinit$$0000002E))

<P><STRONG><a name="[309]"></a>__rt_lib_init_argv_1</STRONG> (Thumb, 0 bytes, Stack size unknown bytes, libinit2.o(.ARM.Collect$$libinit$$0000002C))

<P><STRONG><a name="[30a]"></a>__rt_lib_init_atexit_1</STRONG> (Thumb, 0 bytes, Stack size unknown bytes, libinit2.o(.ARM.Collect$$libinit$$0000001B))

<P><STRONG><a name="[30b]"></a>__rt_lib_init_clock_1</STRONG> (Thumb, 0 bytes, Stack size unknown bytes, libinit2.o(.ARM.Collect$$libinit$$00000021))

<P><STRONG><a name="[30c]"></a>__rt_lib_init_cpp_1</STRONG> (Thumb, 0 bytes, Stack size unknown bytes, libinit2.o(.ARM.Collect$$libinit$$00000032))

<P><STRONG><a name="[30d]"></a>__rt_lib_init_exceptions_1</STRONG> (Thumb, 0 bytes, Stack size unknown bytes, libinit2.o(.ARM.Collect$$libinit$$00000030))

<P><STRONG><a name="[30e]"></a>__rt_lib_init_fp_trap_1</STRONG> (Thumb, 0 bytes, Stack size unknown bytes, libinit2.o(.ARM.Collect$$libinit$$0000001F))

<P><STRONG><a name="[30f]"></a>__rt_lib_init_getenv_1</STRONG> (Thumb, 0 bytes, Stack size unknown bytes, libinit2.o(.ARM.Collect$$libinit$$00000023))

<P><STRONG><a name="[310]"></a>__rt_lib_init_lc_ctype_1</STRONG> (Thumb, 0 bytes, Stack size unknown bytes, libinit2.o(.ARM.Collect$$libinit$$00000013))

<P><STRONG><a name="[311]"></a>__rt_lib_init_lc_monetary_1</STRONG> (Thumb, 0 bytes, Stack size unknown bytes, libinit2.o(.ARM.Collect$$libinit$$00000015))

<P><STRONG><a name="[312]"></a>__rt_lib_init_lc_numeric_1</STRONG> (Thumb, 0 bytes, Stack size unknown bytes, libinit2.o(.ARM.Collect$$libinit$$00000017))

<P><STRONG><a name="[313]"></a>__rt_lib_init_lc_time_1</STRONG> (Thumb, 0 bytes, Stack size unknown bytes, libinit2.o(.ARM.Collect$$libinit$$00000019))

<P><STRONG><a name="[314]"></a>__rt_lib_init_return</STRONG> (Thumb, 0 bytes, Stack size unknown bytes, libinit2.o(.ARM.Collect$$libinit$$00000033))

<P><STRONG><a name="[315]"></a>__rt_lib_init_signal_1</STRONG> (Thumb, 0 bytes, Stack size unknown bytes, libinit2.o(.ARM.Collect$$libinit$$0000001D))

<P><STRONG><a name="[316]"></a>__rt_lib_init_stdio_1</STRONG> (Thumb, 0 bytes, Stack size unknown bytes, libinit2.o(.ARM.Collect$$libinit$$00000025))

<P><STRONG><a name="[9a]"></a>__rt_lib_shutdown</STRONG> (Thumb, 0 bytes, Stack size unknown bytes, libshutdown.o(.ARM.Collect$$libshutdown$$00000000))
<BR><BR>[Called By]<UL><LI><a href="#[99]">&gt;&gt;</a>&nbsp;&nbsp;&nbsp;__rt_exit_ls
</UL>

<P><STRONG><a name="[317]"></a>__rt_lib_shutdown_cpp_1</STRONG> (Thumb, 0 bytes, Stack size unknown bytes, libshutdown2.o(.ARM.Collect$$libshutdown$$00000004))

<P><STRONG><a name="[318]"></a>__rt_lib_shutdown_fini_1</STRONG> (Thumb, 0 bytes, Stack size unknown bytes, libshutdown2.o(.ARM.Collect$$libshutdown$$00000002))

<P><STRONG><a name="[319]"></a>__rt_lib_shutdown_fp_trap_1</STRONG> (Thumb, 0 bytes, Stack size unknown bytes, libshutdown2.o(.ARM.Collect$$libshutdown$$00000009))

<P><STRONG><a name="[31a]"></a>__rt_lib_shutdown_heap_1</STRONG> (Thumb, 0 bytes, Stack size unknown bytes, libshutdown2.o(.ARM.Collect$$libshutdown$$00000011))

<P><STRONG><a name="[31b]"></a>__rt_lib_shutdown_return</STRONG> (Thumb, 0 bytes, Stack size unknown bytes, libshutdown2.o(.ARM.Collect$$libshutdown$$00000012))

<P><STRONG><a name="[31c]"></a>__rt_lib_shutdown_signal_1</STRONG> (Thumb, 0 bytes, Stack size unknown bytes, libshutdown2.o(.ARM.Collect$$libshutdown$$0000000C))

<P><STRONG><a name="[31d]"></a>__rt_lib_shutdown_stdio_1</STRONG> (Thumb, 0 bytes, Stack size unknown bytes, libshutdown2.o(.ARM.Collect$$libshutdown$$00000006))

<P><STRONG><a name="[31e]"></a>__rt_lib_shutdown_user_alloc_1</STRONG> (Thumb, 0 bytes, Stack size unknown bytes, libshutdown2.o(.ARM.Collect$$libshutdown$$0000000E))

<P><STRONG><a name="[87]"></a>__rt_entry</STRONG> (Thumb, 0 bytes, Stack size unknown bytes, __rtentry.o(.ARM.Collect$$rtentry$$00000000))
<BR><BR>[Called By]<UL><LI><a href="#[85]">&gt;&gt;</a>&nbsp;&nbsp;&nbsp;__main
<LI><a href="#[88]">&gt;&gt;</a>&nbsp;&nbsp;&nbsp;__scatterload_rt2
</UL>

<P><STRONG><a name="[31f]"></a>__rt_entry_presh_1</STRONG> (Thumb, 0 bytes, Stack size unknown bytes, __rtentry2.o(.ARM.Collect$$rtentry$$00000002))

<P><STRONG><a name="[92]"></a>__rt_entry_sh</STRONG> (Thumb, 0 bytes, Stack size unknown bytes, __rtentry4.o(.ARM.Collect$$rtentry$$00000004))
<BR><BR>[Stack]<UL><LI>Max Depth = 8 + Unknown Stack Size
<LI>Call Chain = __rt_entry_sh &rArr; __user_setup_stackheap
</UL>
<BR>[Calls]<UL><LI><a href="#[93]">&gt;&gt;</a>&nbsp;&nbsp;&nbsp;__user_setup_stackheap
</UL>

<P><STRONG><a name="[94]"></a>__rt_entry_li</STRONG> (Thumb, 0 bytes, Stack size unknown bytes, __rtentry2.o(.ARM.Collect$$rtentry$$0000000A))
<BR><BR>[Calls]<UL><LI><a href="#[95]">&gt;&gt;</a>&nbsp;&nbsp;&nbsp;__rt_lib_init
</UL>

<P><STRONG><a name="[320]"></a>__rt_entry_postsh_1</STRONG> (Thumb, 0 bytes, Stack size unknown bytes, __rtentry2.o(.ARM.Collect$$rtentry$$00000009))

<P><STRONG><a name="[96]"></a>__rt_entry_main</STRONG> (Thumb, 0 bytes, Stack size unknown bytes, __rtentry2.o(.ARM.Collect$$rtentry$$0000000D))
<BR><BR>[Stack]<UL><LI>Max Depth = 1068 + Unknown Stack Size
<LI>Call Chain = __rt_entry_main &rArr; main &rArr; qs_exec &rArr; qs_system_exec &rArr; qs_system_senv_exec &rArr; qs_system_senv_callback &rArr; qs_mm_write &rArr; mm_block_write &rArr; qs_des_ecb_encrypt &rArr; des_key_set &rArr; des_3key &rArr; des_main_ks
</UL>
<BR>[Calls]<UL><LI><a href="#[97]">&gt;&gt;</a>&nbsp;&nbsp;&nbsp;main
<LI><a href="#[98]">&gt;&gt;</a>&nbsp;&nbsp;&nbsp;exit
</UL>

<P><STRONG><a name="[321]"></a>__rt_entry_postli_1</STRONG> (Thumb, 0 bytes, Stack size unknown bytes, __rtentry2.o(.ARM.Collect$$rtentry$$0000000C))

<P><STRONG><a name="[11b]"></a>__rt_exit</STRONG> (Thumb, 0 bytes, Stack size unknown bytes, rtexit.o(.ARM.Collect$$rtexit$$00000000))
<BR><BR>[Called By]<UL><LI><a href="#[98]">&gt;&gt;</a>&nbsp;&nbsp;&nbsp;exit
</UL>

<P><STRONG><a name="[99]"></a>__rt_exit_ls</STRONG> (Thumb, 0 bytes, Stack size unknown bytes, rtexit2.o(.ARM.Collect$$rtexit$$00000003))
<BR><BR>[Calls]<UL><LI><a href="#[9a]">&gt;&gt;</a>&nbsp;&nbsp;&nbsp;__rt_lib_shutdown
</UL>

<P><STRONG><a name="[322]"></a>__rt_exit_prels_1</STRONG> (Thumb, 0 bytes, Stack size unknown bytes, rtexit2.o(.ARM.Collect$$rtexit$$00000002))

<P><STRONG><a name="[9b]"></a>__rt_exit_exit</STRONG> (Thumb, 0 bytes, Stack size unknown bytes, rtexit2.o(.ARM.Collect$$rtexit$$00000004))
<BR><BR>[Calls]<UL><LI><a href="#[9c]">&gt;&gt;</a>&nbsp;&nbsp;&nbsp;_sys_exit
</UL>

<P><STRONG><a name="[323]"></a>_maybe_terminate_alloc</STRONG> (Thumb, 0 bytes, Stack size unknown bytes, maybetermalloc1.o(.emb_text), UNUSED)

<P><STRONG><a name="[b]"></a>System_Reset</STRONG> (Thumb, 16 bytes, Stack size 0 bytes, startup_max3255x.o(.text))
<BR>[Address Reference Count : 2]<UL><LI> startup_max3255x.o(RESET)
<LI> startup_max3255x.o(.data)
</UL>
<P><STRONG><a name="[36]"></a>Reset_Handler</STRONG> (Thumb, 4 bytes, Stack size 0 bytes, startup_max3255x.o(.text))
<BR>[Address Reference Count : 1]<UL><LI> startup_max3255x.o(.text)
</UL>
<P><STRONG><a name="[c]"></a>NMI_Handler</STRONG> (Thumb, 2 bytes, Stack size 0 bytes, startup_max3255x.o(.text))
<BR><BR>[Calls]<UL><LI><a href="#[c]">&gt;&gt;</a>&nbsp;&nbsp;&nbsp;NMI_Handler
</UL>
<BR>[Called By]<UL><LI><a href="#[c]">&gt;&gt;</a>&nbsp;&nbsp;&nbsp;NMI_Handler
</UL>
<BR>[Address Reference Count : 1]<UL><LI> startup_max3255x.o(.data)
</UL>
<P><STRONG><a name="[d]"></a>HardFault_Handler</STRONG> (Thumb, 2 bytes, Stack size 0 bytes, startup_max3255x.o(.text))
<BR><BR>[Calls]<UL><LI><a href="#[d]">&gt;&gt;</a>&nbsp;&nbsp;&nbsp;HardFault_Handler
</UL>
<BR>[Called By]<UL><LI><a href="#[d]">&gt;&gt;</a>&nbsp;&nbsp;&nbsp;HardFault_Handler
</UL>
<BR>[Address Reference Count : 1]<UL><LI> startup_max3255x.o(.data)
</UL>
<P><STRONG><a name="[e]"></a>MemManage_Handler</STRONG> (Thumb, 2 bytes, Stack size 0 bytes, startup_max3255x.o(.text))
<BR><BR>[Calls]<UL><LI><a href="#[e]">&gt;&gt;</a>&nbsp;&nbsp;&nbsp;MemManage_Handler
</UL>
<BR>[Called By]<UL><LI><a href="#[e]">&gt;&gt;</a>&nbsp;&nbsp;&nbsp;MemManage_Handler
</UL>
<BR>[Address Reference Count : 1]<UL><LI> startup_max3255x.o(.data)
</UL>
<P><STRONG><a name="[f]"></a>BusFault_Handler</STRONG> (Thumb, 2 bytes, Stack size 0 bytes, startup_max3255x.o(.text))
<BR><BR>[Calls]<UL><LI><a href="#[f]">&gt;&gt;</a>&nbsp;&nbsp;&nbsp;BusFault_Handler
</UL>
<BR>[Called By]<UL><LI><a href="#[f]">&gt;&gt;</a>&nbsp;&nbsp;&nbsp;BusFault_Handler
</UL>
<BR>[Address Reference Count : 1]<UL><LI> startup_max3255x.o(.data)
</UL>
<P><STRONG><a name="[10]"></a>UsageFault_Handler</STRONG> (Thumb, 2 bytes, Stack size 0 bytes, startup_max3255x.o(.text))
<BR><BR>[Calls]<UL><LI><a href="#[10]">&gt;&gt;</a>&nbsp;&nbsp;&nbsp;UsageFault_Handler
</UL>
<BR>[Called By]<UL><LI><a href="#[10]">&gt;&gt;</a>&nbsp;&nbsp;&nbsp;UsageFault_Handler
</UL>
<BR>[Address Reference Count : 1]<UL><LI> startup_max3255x.o(.data)
</UL>
<P><STRONG><a name="[11]"></a>SVC_Handler</STRONG> (Thumb, 2 bytes, Stack size 0 bytes, startup_max3255x.o(.text))
<BR><BR>[Calls]<UL><LI><a href="#[11]">&gt;&gt;</a>&nbsp;&nbsp;&nbsp;SVC_Handler
</UL>
<BR>[Called By]<UL><LI><a href="#[11]">&gt;&gt;</a>&nbsp;&nbsp;&nbsp;SVC_Handler
</UL>
<BR>[Address Reference Count : 1]<UL><LI> startup_max3255x.o(.data)
</UL>
<P><STRONG><a name="[12]"></a>DebugMon_Handler</STRONG> (Thumb, 2 bytes, Stack size 0 bytes, startup_max3255x.o(.text))
<BR><BR>[Calls]<UL><LI><a href="#[12]">&gt;&gt;</a>&nbsp;&nbsp;&nbsp;DebugMon_Handler
</UL>
<BR>[Called By]<UL><LI><a href="#[12]">&gt;&gt;</a>&nbsp;&nbsp;&nbsp;DebugMon_Handler
</UL>
<BR>[Address Reference Count : 1]<UL><LI> startup_max3255x.o(.data)
</UL>
<P><STRONG><a name="[13]"></a>PendSV_Handler</STRONG> (Thumb, 2 bytes, Stack size 0 bytes, startup_max3255x.o(.text))
<BR><BR>[Calls]<UL><LI><a href="#[13]">&gt;&gt;</a>&nbsp;&nbsp;&nbsp;PendSV_Handler
</UL>
<BR>[Called By]<UL><LI><a href="#[13]">&gt;&gt;</a>&nbsp;&nbsp;&nbsp;PendSV_Handler
</UL>
<BR>[Address Reference Count : 1]<UL><LI> startup_max3255x.o(.data)
</UL>
<P><STRONG><a name="[15]"></a>handler_default_undefined_</STRONG> (Thumb, 2 bytes, Stack size 0 bytes, startup_max3255x.o(.text))
<BR><BR>[Calls]<UL><LI><a href="#[15]">&gt;&gt;</a>&nbsp;&nbsp;&nbsp;handler_default_undefined_
</UL>
<BR>[Called By]<UL><LI><a href="#[15]">&gt;&gt;</a>&nbsp;&nbsp;&nbsp;handler_default_undefined_
</UL>
<BR>[Address Reference Count : 2]<UL><LI> startup_max3255x.o(.data)
<LI> mml_intc.o(.text)
</UL>
<P><STRONG><a name="[11a]"></a>__user_initial_stackheap</STRONG> (Thumb, 0 bytes, Stack size unknown bytes, startup_max3255x.o(.text))
<BR><BR>[Called By]<UL><LI><a href="#[93]">&gt;&gt;</a>&nbsp;&nbsp;&nbsp;__user_setup_stackheap
</UL>

<P><STRONG><a name="[a1]"></a>mml_gcr_reset</STRONG> (Thumb, 32 bytes, Stack size 8 bytes, mml_gcr.o(.text))
<BR><BR>[Stack]<UL><LI>Max Depth = 8<LI>Call Chain = mml_gcr_reset
</UL>
<BR>[Called By]<UL><LI><a href="#[a0]">&gt;&gt;</a>&nbsp;&nbsp;&nbsp;mml_reset_system
</UL>

<P><STRONG><a name="[324]"></a>mml_gcr_dev_reset</STRONG> (Thumb, 12 bytes, Stack size 0 bytes, mml_gcr.o(.text), UNUSED)

<P><STRONG><a name="[325]"></a>mml_gcr_set_sysfreq</STRONG> (Thumb, 10 bytes, Stack size 0 bytes, mml_gcr.o(.text), UNUSED)

<P><STRONG><a name="[326]"></a>mml_gcr_get_sysfreq</STRONG> (Thumb, 14 bytes, Stack size 0 bytes, mml_gcr.o(.text), UNUSED)

<P><STRONG><a name="[2ad]"></a>mml_set_system_divider</STRONG> (Thumb, 102 bytes, Stack size 12 bytes, mml_gcr.o(.text))
<BR><BR>[Stack]<UL><LI>Max Depth = 12<LI>Call Chain = mml_set_system_divider
</UL>
<BR>[Called By]<UL><LI><a href="#[27b]">&gt;&gt;</a>&nbsp;&nbsp;&nbsp;qs_platform_init
</UL>

<P><STRONG><a name="[9e]"></a>mml_get_system_frequency</STRONG> (Thumb, 52 bytes, Stack size 8 bytes, mml_gcr.o(.text))
<BR><BR>[Stack]<UL><LI>Max Depth = 8<LI>Call Chain = mml_get_system_frequency
</UL>
<BR>[Called By]<UL><LI><a href="#[9d]">&gt;&gt;</a>&nbsp;&nbsp;&nbsp;mml_get_ahb_frequency
</UL>

<P><STRONG><a name="[9d]"></a>mml_get_ahb_frequency</STRONG> (Thumb, 12 bytes, Stack size 8 bytes, mml_gcr.o(.text))
<BR><BR>[Stack]<UL><LI>Max Depth = 16<LI>Call Chain = mml_get_ahb_frequency &rArr; mml_get_system_frequency
</UL>
<BR>[Calls]<UL><LI><a href="#[9e]">&gt;&gt;</a>&nbsp;&nbsp;&nbsp;mml_get_system_frequency
</UL>
<BR>[Called By]<UL><LI><a href="#[9f]">&gt;&gt;</a>&nbsp;&nbsp;&nbsp;mml_get_apb_frequency
<LI><a href="#[2b]">&gt;&gt;</a>&nbsp;&nbsp;&nbsp;open
</UL>

<P><STRONG><a name="[9f]"></a>mml_get_apb_frequency</STRONG> (Thumb, 26 bytes, Stack size 12 bytes, mml_gcr.o(.text))
<BR><BR>[Stack]<UL><LI>Max Depth = 28<LI>Call Chain = mml_get_apb_frequency &rArr; mml_get_ahb_frequency &rArr; mml_get_system_frequency
</UL>
<BR>[Calls]<UL><LI><a href="#[9d]">&gt;&gt;</a>&nbsp;&nbsp;&nbsp;mml_get_ahb_frequency
</UL>
<BR>[Called By]<UL><LI><a href="#[f7]">&gt;&gt;</a>&nbsp;&nbsp;&nbsp;mml_spi_set_config
</UL>

<P><STRONG><a name="[a0]"></a>mml_reset_system</STRONG> (Thumb, 12 bytes, Stack size 4 bytes, mml_gcr.o(.text))
<BR><BR>[Stack]<UL><LI>Max Depth = 12<LI>Call Chain = mml_reset_system &rArr; mml_gcr_reset
</UL>
<BR>[Calls]<UL><LI><a href="#[a1]">&gt;&gt;</a>&nbsp;&nbsp;&nbsp;mml_gcr_reset
</UL>
<BR>[Called By]<UL><LI><a href="#[2b0]">&gt;&gt;</a>&nbsp;&nbsp;&nbsp;qs_platform_system_reboot
</UL>

<P><STRONG><a name="[327]"></a>mml_gcr_flip_iflash</STRONG> (Thumb, 14 bytes, Stack size 0 bytes, mml_gcr.o(.text), UNUSED)

<P><STRONG><a name="[328]"></a>mml_gcr_unflip_iflash</STRONG> (Thumb, 14 bytes, Stack size 0 bytes, mml_gcr.o(.text), UNUSED)

<P><STRONG><a name="[2ac]"></a>mml_gcr_jtag_disable</STRONG> (Thumb, 14 bytes, Stack size 0 bytes, mml_gcr.o(.text))
<BR><BR>[Called By]<UL><LI><a href="#[27b]">&gt;&gt;</a>&nbsp;&nbsp;&nbsp;qs_platform_init
</UL>

<P><STRONG><a name="[a2]"></a>mml_sflc_init</STRONG> (Thumb, 16 bytes, Stack size 8 bytes, mml_sflc.o(.text), UNUSED)
<BR><BR>[Calls]<UL><LI><a href="#[a3]">&gt;&gt;</a>&nbsp;&nbsp;&nbsp;__aeabi_memset
</UL>

<P><STRONG><a name="[a4]"></a>mml_sflc_shutdown</STRONG> (Thumb, 16 bytes, Stack size 8 bytes, mml_sflc.o(.text), UNUSED)
<BR><BR>[Calls]<UL><LI><a href="#[a3]">&gt;&gt;</a>&nbsp;&nbsp;&nbsp;__aeabi_memset
</UL>

<P><STRONG><a name="[ad]"></a>mml_sflc_otp_unlock</STRONG> (Thumb, 40 bytes, Stack size 0 bytes, mml_sflc.o(.text))
<BR><BR>[Called By]<UL><LI><a href="#[af]">&gt;&gt;</a>&nbsp;&nbsp;&nbsp;mml_sflc_otp_read
<LI><a href="#[ac]">&gt;&gt;</a>&nbsp;&nbsp;&nbsp;mml_sflc_otp_write
</UL>

<P><STRONG><a name="[ae]"></a>mml_sflc_otp_lock</STRONG> (Thumb, 30 bytes, Stack size 0 bytes, mml_sflc.o(.text))
<BR><BR>[Called By]<UL><LI><a href="#[af]">&gt;&gt;</a>&nbsp;&nbsp;&nbsp;mml_sflc_otp_read
<LI><a href="#[ac]">&gt;&gt;</a>&nbsp;&nbsp;&nbsp;mml_sflc_otp_write
</UL>

<P><STRONG><a name="[a6]"></a>mml_write_32bits_ctrl</STRONG> (Thumb, 84 bytes, Stack size 12 bytes, mml_sflc.o(.text), UNUSED)
<BR><BR>[Called By]<UL><LI><a href="#[a5]">&gt;&gt;</a>&nbsp;&nbsp;&nbsp;mml_sflc_write_raw
</UL>

<P><STRONG><a name="[329]"></a>mml_read_ctrl</STRONG> (Thumb, 8 bytes, Stack size 0 bytes, mml_sflc.o(.text), UNUSED)

<P><STRONG><a name="[ab]"></a>mml_sflc_page_erase_raw</STRONG> (Thumb, 166 bytes, Stack size 24 bytes, mml_sflc.o(.text), UNUSED)
<BR><BR>[Called By]<UL><LI><a href="#[aa]">&gt;&gt;</a>&nbsp;&nbsp;&nbsp;mml_sflc_erase
</UL>

<P><STRONG><a name="[32a]"></a>mml_sflc_mass_erase</STRONG> (Thumb, 64 bytes, Stack size 0 bytes, mml_sflc.o(.text), UNUSED)

<P><STRONG><a name="[a5]"></a>mml_sflc_write_raw</STRONG> (Thumb, 96 bytes, Stack size 40 bytes, mml_sflc.o(.text), UNUSED)
<BR><BR>[Calls]<UL><LI><a href="#[a6]">&gt;&gt;</a>&nbsp;&nbsp;&nbsp;mml_write_32bits_ctrl
</UL>
<BR>[Called By]<UL><LI><a href="#[ac]">&gt;&gt;</a>&nbsp;&nbsp;&nbsp;mml_sflc_otp_write
<LI><a href="#[aa]">&gt;&gt;</a>&nbsp;&nbsp;&nbsp;mml_sflc_erase
<LI><a href="#[a9]">&gt;&gt;</a>&nbsp;&nbsp;&nbsp;mml_sflc_write
</UL>

<P><STRONG><a name="[a7]"></a>mml_sflc_read</STRONG> (Thumb, 52 bytes, Stack size 24 bytes, mml_sflc.o(.text), UNUSED)
<BR><BR>[Calls]<UL><LI><a href="#[a8]">&gt;&gt;</a>&nbsp;&nbsp;&nbsp;__aeabi_memcpy
</UL>
<BR>[Called By]<UL><LI><a href="#[aa]">&gt;&gt;</a>&nbsp;&nbsp;&nbsp;mml_sflc_erase
<LI><a href="#[a9]">&gt;&gt;</a>&nbsp;&nbsp;&nbsp;mml_sflc_write
</UL>

<P><STRONG><a name="[a9]"></a>mml_sflc_write</STRONG> (Thumb, 180 bytes, Stack size 40 bytes, mml_sflc.o(.text), UNUSED)
<BR><BR>[Calls]<UL><LI><a href="#[a7]">&gt;&gt;</a>&nbsp;&nbsp;&nbsp;mml_sflc_read
<LI><a href="#[a5]">&gt;&gt;</a>&nbsp;&nbsp;&nbsp;mml_sflc_write_raw
<LI><a href="#[a8]">&gt;&gt;</a>&nbsp;&nbsp;&nbsp;__aeabi_memcpy
</UL>

<P><STRONG><a name="[aa]"></a>mml_sflc_erase</STRONG> (Thumb, 360 bytes, Stack size 40 bytes, mml_sflc.o(.text), UNUSED)
<BR><BR>[Calls]<UL><LI><a href="#[a7]">&gt;&gt;</a>&nbsp;&nbsp;&nbsp;mml_sflc_read
<LI><a href="#[a5]">&gt;&gt;</a>&nbsp;&nbsp;&nbsp;mml_sflc_write_raw
<LI><a href="#[ab]">&gt;&gt;</a>&nbsp;&nbsp;&nbsp;mml_sflc_page_erase_raw
<LI><a href="#[a3]">&gt;&gt;</a>&nbsp;&nbsp;&nbsp;__aeabi_memset
</UL>

<P><STRONG><a name="[ac]"></a>mml_sflc_otp_write</STRONG> (Thumb, 144 bytes, Stack size 28 bytes, mml_sflc.o(.text), UNUSED)
<BR><BR>[Calls]<UL><LI><a href="#[a5]">&gt;&gt;</a>&nbsp;&nbsp;&nbsp;mml_sflc_write_raw
<LI><a href="#[ae]">&gt;&gt;</a>&nbsp;&nbsp;&nbsp;mml_sflc_otp_lock
<LI><a href="#[ad]">&gt;&gt;</a>&nbsp;&nbsp;&nbsp;mml_sflc_otp_unlock
</UL>

<P><STRONG><a name="[af]"></a>mml_sflc_otp_read</STRONG> (Thumb, 172 bytes, Stack size 32 bytes, mml_sflc.o(.text))
<BR><BR>[Stack]<UL><LI>Max Depth = 32<LI>Call Chain = mml_sflc_otp_read
</UL>
<BR>[Calls]<UL><LI><a href="#[ae]">&gt;&gt;</a>&nbsp;&nbsp;&nbsp;mml_sflc_otp_lock
<LI><a href="#[ad]">&gt;&gt;</a>&nbsp;&nbsp;&nbsp;mml_sflc_otp_unlock
<LI><a href="#[a8]">&gt;&gt;</a>&nbsp;&nbsp;&nbsp;__aeabi_memcpy
</UL>
<BR>[Called By]<UL><LI><a href="#[2af]">&gt;&gt;</a>&nbsp;&nbsp;&nbsp;qs_platform_sn
</UL>

<P><STRONG><a name="[b1]"></a>mml_intc_attach_irq</STRONG> (Thumb, 38 bytes, Stack size 16 bytes, mml_intc.o(.text))
<BR><BR>[Stack]<UL><LI>Max Depth = 16<LI>Call Chain = mml_intc_attach_irq
</UL>
<BR>[Called By]<UL><LI><a href="#[c3]">&gt;&gt;</a>&nbsp;&nbsp;&nbsp;mml_uart_callback_handler_register
<LI><a href="#[b8]">&gt;&gt;</a>&nbsp;&nbsp;&nbsp;mml_tmr_callback_handler_register
<LI><a href="#[b0]">&gt;&gt;</a>&nbsp;&nbsp;&nbsp;mml_intc_setup_irq
</UL>

<P><STRONG><a name="[ba]"></a>mml_intc_detach_irq</STRONG> (Thumb, 32 bytes, Stack size 8 bytes, mml_intc.o(.text), UNUSED)
<BR><BR>[Called By]<UL><LI><a href="#[c4]">&gt;&gt;</a>&nbsp;&nbsp;&nbsp;mml_uart_callback_handler_unregister
<LI><a href="#[b9]">&gt;&gt;</a>&nbsp;&nbsp;&nbsp;mml_tmr_callback_handler_unregister
</UL>

<P><STRONG><a name="[b2]"></a>mml_intc_enable_irq</STRONG> (Thumb, 30 bytes, Stack size 8 bytes, mml_intc.o(.text))
<BR><BR>[Stack]<UL><LI>Max Depth = 8<LI>Call Chain = mml_intc_enable_irq
</UL>
<BR>[Called By]<UL><LI><a href="#[c5]">&gt;&gt;</a>&nbsp;&nbsp;&nbsp;mml_uart_interrupt_activate
<LI><a href="#[bb]">&gt;&gt;</a>&nbsp;&nbsp;&nbsp;mml_tmr_interrupt_enable
<LI><a href="#[b0]">&gt;&gt;</a>&nbsp;&nbsp;&nbsp;mml_intc_setup_irq
<LI><a href="#[25]">&gt;&gt;</a>&nbsp;&nbsp;&nbsp;open
</UL>

<P><STRONG><a name="[bd]"></a>mml_intc_disable_irq</STRONG> (Thumb, 30 bytes, Stack size 8 bytes, mml_intc.o(.text))
<BR><BR>[Stack]<UL><LI>Max Depth = 8<LI>Call Chain = mml_intc_disable_irq
</UL>
<BR>[Called By]<UL><LI><a href="#[c5]">&gt;&gt;</a>&nbsp;&nbsp;&nbsp;mml_uart_interrupt_activate
<LI><a href="#[bc]">&gt;&gt;</a>&nbsp;&nbsp;&nbsp;mml_tmr_interrupt_disable
<LI><a href="#[26]">&gt;&gt;</a>&nbsp;&nbsp;&nbsp;close
</UL>

<P><STRONG><a name="[b6]"></a>mml_intc_ack_irq</STRONG> (Thumb, 30 bytes, Stack size 8 bytes, mml_intc.o(.text))
<BR><BR>[Stack]<UL><LI>Max Depth = 8<LI>Call Chain = mml_intc_ack_irq
</UL>
<BR>[Called By]<UL><LI><a href="#[c6]">&gt;&gt;</a>&nbsp;&nbsp;&nbsp;mml_uart_interrupt_ack
<LI><a href="#[b5]">&gt;&gt;</a>&nbsp;&nbsp;&nbsp;mml_tmr_interrupt_clear
</UL>

<P><STRONG><a name="[b0]"></a>mml_intc_setup_irq</STRONG> (Thumb, 42 bytes, Stack size 20 bytes, mml_intc.o(.text))
<BR><BR>[Stack]<UL><LI>Max Depth = 36<LI>Call Chain = mml_intc_setup_irq &rArr; mml_intc_attach_irq
</UL>
<BR>[Calls]<UL><LI><a href="#[b1]">&gt;&gt;</a>&nbsp;&nbsp;&nbsp;mml_intc_attach_irq
<LI><a href="#[b2]">&gt;&gt;</a>&nbsp;&nbsp;&nbsp;mml_intc_enable_irq
</UL>
<BR>[Called By]<UL><LI><a href="#[be]">&gt;&gt;</a>&nbsp;&nbsp;&nbsp;mml_uart_set_config
<LI><a href="#[b7]">&gt;&gt;</a>&nbsp;&nbsp;&nbsp;mml_tmr_config
<LI><a href="#[b3]">&gt;&gt;</a>&nbsp;&nbsp;&nbsp;mml_tmr_init
<LI><a href="#[25]">&gt;&gt;</a>&nbsp;&nbsp;&nbsp;open
</UL>

<P><STRONG><a name="[b4]"></a>mml_tmr_mode_ctrl</STRONG> (Thumb, 128 bytes, Stack size 28 bytes, mml_tmr.o(.text))
<BR><BR>[Stack]<UL><LI>Max Depth = 28<LI>Call Chain = mml_tmr_mode_ctrl
</UL>
<BR>[Called By]<UL><LI><a href="#[b7]">&gt;&gt;</a>&nbsp;&nbsp;&nbsp;mml_tmr_config
<LI><a href="#[b3]">&gt;&gt;</a>&nbsp;&nbsp;&nbsp;mml_tmr_init
</UL>

<P><STRONG><a name="[b3]"></a>mml_tmr_init</STRONG> (Thumb, 378 bytes, Stack size 64 bytes, mml_tmr.o(.text))
<BR><BR>[Stack]<UL><LI>Max Depth = 100<LI>Call Chain = mml_tmr_init &rArr; mml_intc_setup_irq &rArr; mml_intc_attach_irq
</UL>
<BR>[Calls]<UL><LI><a href="#[b4]">&gt;&gt;</a>&nbsp;&nbsp;&nbsp;mml_tmr_mode_ctrl
<LI><a href="#[b0]">&gt;&gt;</a>&nbsp;&nbsp;&nbsp;mml_intc_setup_irq
</UL>
<BR>[Called By]<UL><LI><a href="#[2b]">&gt;&gt;</a>&nbsp;&nbsp;&nbsp;open
</UL>

<P><STRONG><a name="[1e2]"></a>mml_tmr_close</STRONG> (Thumb, 84 bytes, Stack size 12 bytes, mml_tmr.o(.text))
<BR><BR>[Stack]<UL><LI>Max Depth = 12<LI>Call Chain = mml_tmr_close
</UL>
<BR>[Called By]<UL><LI><a href="#[2c]">&gt;&gt;</a>&nbsp;&nbsp;&nbsp;close
</UL>

<P><STRONG><a name="[32b]"></a>mml_tmr_reset_interface</STRONG> (Thumb, 34 bytes, Stack size 0 bytes, mml_tmr.o(.text), UNUSED)

<P><STRONG><a name="[b5]"></a>mml_tmr_interrupt_clear</STRONG> (Thumb, 76 bytes, Stack size 16 bytes, mml_tmr.o(.text))
<BR><BR>[Stack]<UL><LI>Max Depth = 24<LI>Call Chain = mml_tmr_interrupt_clear &rArr; mml_intc_ack_irq
</UL>
<BR>[Calls]<UL><LI><a href="#[b6]">&gt;&gt;</a>&nbsp;&nbsp;&nbsp;mml_intc_ack_irq
</UL>
<BR>[Called By]<UL><LI><a href="#[b7]">&gt;&gt;</a>&nbsp;&nbsp;&nbsp;mml_tmr_config
<LI><a href="#[2e4]">&gt;&gt;</a>&nbsp;&nbsp;&nbsp;timer_hander
</UL>

<P><STRONG><a name="[b7]"></a>mml_tmr_config</STRONG> (Thumb, 202 bytes, Stack size 48 bytes, mml_tmr.o(.text), UNUSED)
<BR><BR>[Calls]<UL><LI><a href="#[b4]">&gt;&gt;</a>&nbsp;&nbsp;&nbsp;mml_tmr_mode_ctrl
<LI><a href="#[b5]">&gt;&gt;</a>&nbsp;&nbsp;&nbsp;mml_tmr_interrupt_clear
<LI><a href="#[b0]">&gt;&gt;</a>&nbsp;&nbsp;&nbsp;mml_intc_setup_irq
</UL>

<P><STRONG><a name="[247]"></a>mml_tmr_enable</STRONG> (Thumb, 84 bytes, Stack size 8 bytes, mml_tmr.o(.text))
<BR><BR>[Stack]<UL><LI>Max Depth = 8<LI>Call Chain = mml_tmr_enable
</UL>
<BR>[Called By]<UL><LI><a href="#[2b]">&gt;&gt;</a>&nbsp;&nbsp;&nbsp;open
</UL>

<P><STRONG><a name="[1e1]"></a>mml_tmr_disable</STRONG> (Thumb, 118 bytes, Stack size 8 bytes, mml_tmr.o(.text))
<BR><BR>[Stack]<UL><LI>Max Depth = 8<LI>Call Chain = mml_tmr_disable
</UL>
<BR>[Called By]<UL><LI><a href="#[2c]">&gt;&gt;</a>&nbsp;&nbsp;&nbsp;close
</UL>

<P><STRONG><a name="[32c]"></a>mml_tmr_read</STRONG> (Thumb, 50 bytes, Stack size 0 bytes, mml_tmr.o(.text), UNUSED)

<P><STRONG><a name="[32d]"></a>mml_tmr_ioctl</STRONG> (Thumb, 262 bytes, Stack size 24 bytes, mml_tmr.o(.text), UNUSED)

<P><STRONG><a name="[b8]"></a>mml_tmr_callback_handler_register</STRONG> (Thumb, 118 bytes, Stack size 24 bytes, mml_tmr.o(.text), UNUSED)
<BR><BR>[Calls]<UL><LI><a href="#[b1]">&gt;&gt;</a>&nbsp;&nbsp;&nbsp;mml_intc_attach_irq
</UL>

<P><STRONG><a name="[b9]"></a>mml_tmr_callback_handler_unregister</STRONG> (Thumb, 100 bytes, Stack size 16 bytes, mml_tmr.o(.text), UNUSED)
<BR><BR>[Calls]<UL><LI><a href="#[ba]">&gt;&gt;</a>&nbsp;&nbsp;&nbsp;mml_intc_detach_irq
</UL>

<P><STRONG><a name="[bb]"></a>mml_tmr_interrupt_enable</STRONG> (Thumb, 76 bytes, Stack size 16 bytes, mml_tmr.o(.text))
<BR><BR>[Stack]<UL><LI>Max Depth = 24<LI>Call Chain = mml_tmr_interrupt_enable &rArr; mml_intc_enable_irq
</UL>
<BR>[Calls]<UL><LI><a href="#[b2]">&gt;&gt;</a>&nbsp;&nbsp;&nbsp;mml_intc_enable_irq
</UL>
<BR>[Called By]<UL><LI><a href="#[2b]">&gt;&gt;</a>&nbsp;&nbsp;&nbsp;open
</UL>

<P><STRONG><a name="[bc]"></a>mml_tmr_interrupt_disable</STRONG> (Thumb, 76 bytes, Stack size 16 bytes, mml_tmr.o(.text))
<BR><BR>[Stack]<UL><LI>Max Depth = 24<LI>Call Chain = mml_tmr_interrupt_disable &rArr; mml_intc_disable_irq
</UL>
<BR>[Calls]<UL><LI><a href="#[bd]">&gt;&gt;</a>&nbsp;&nbsp;&nbsp;mml_intc_disable_irq
</UL>
<BR>[Called By]<UL><LI><a href="#[2c]">&gt;&gt;</a>&nbsp;&nbsp;&nbsp;close
</UL>

<P><STRONG><a name="[32e]"></a>mml_tmr_setup_reloadmode</STRONG> (Thumb, 78 bytes, Stack size 16 bytes, mml_tmr.o(.text), UNUSED)

<P><STRONG><a name="[32f]"></a>mml_tmr_clr_irq</STRONG> (Thumb, 6 bytes, Stack size 0 bytes, mml_tmr.o(.text), UNUSED)

<P><STRONG><a name="[c0]"></a>mml_uart_flush_raw</STRONG> (Thumb, 36 bytes, Stack size 12 bytes, mml_uart.o(.text))
<BR><BR>[Stack]<UL><LI>Max Depth = 12<LI>Call Chain = mml_uart_flush_raw
</UL>
<BR>[Called By]<UL><LI><a href="#[bf]">&gt;&gt;</a>&nbsp;&nbsp;&nbsp;mml_uart_init
<LI><a href="#[c2]">&gt;&gt;</a>&nbsp;&nbsp;&nbsp;mml_uart_deinit
<LI><a href="#[c1]">&gt;&gt;</a>&nbsp;&nbsp;&nbsp;mml_uart_flush
</UL>

<P><STRONG><a name="[be]"></a>mml_uart_set_config</STRONG> (Thumb, 378 bytes, Stack size 40 bytes, mml_uart.o(.text))
<BR><BR>[Stack]<UL><LI>Max Depth = 76<LI>Call Chain = mml_uart_set_config &rArr; mml_intc_setup_irq &rArr; mml_intc_attach_irq
</UL>
<BR>[Calls]<UL><LI><a href="#[b0]">&gt;&gt;</a>&nbsp;&nbsp;&nbsp;mml_intc_setup_irq
</UL>
<BR>[Called By]<UL><LI><a href="#[bf]">&gt;&gt;</a>&nbsp;&nbsp;&nbsp;mml_uart_init
</UL>

<P><STRONG><a name="[bf]"></a>mml_uart_init</STRONG> (Thumb, 292 bytes, Stack size 48 bytes, mml_uart.o(.text))
<BR><BR>[Stack]<UL><LI>Max Depth = 124<LI>Call Chain = mml_uart_init &rArr; mml_uart_set_config &rArr; mml_intc_setup_irq &rArr; mml_intc_attach_irq
</UL>
<BR>[Calls]<UL><LI><a href="#[be]">&gt;&gt;</a>&nbsp;&nbsp;&nbsp;mml_uart_set_config
<LI><a href="#[c0]">&gt;&gt;</a>&nbsp;&nbsp;&nbsp;mml_uart_flush_raw
</UL>
<BR>[Called By]<UL><LI><a href="#[20]">&gt;&gt;</a>&nbsp;&nbsp;&nbsp;open
</UL>

<P><STRONG><a name="[330]"></a>mml_uart_reset_interface</STRONG> (Thumb, 34 bytes, Stack size 0 bytes, mml_uart.o(.text), UNUSED)

<P><STRONG><a name="[2df]"></a>mml_uart_read_char</STRONG> (Thumb, 104 bytes, Stack size 16 bytes, mml_uart.o(.text))
<BR><BR>[Stack]<UL><LI>Max Depth = 16<LI>Call Chain = mml_uart_read_char
</UL>
<BR>[Called By]<UL><LI><a href="#[2dd]">&gt;&gt;</a>&nbsp;&nbsp;&nbsp;serial_hander
</UL>

<P><STRONG><a name="[331]"></a>mml_uart_write_char</STRONG> (Thumb, 104 bytes, Stack size 16 bytes, mml_uart.o(.text), UNUSED)

<P><STRONG><a name="[c1]"></a>mml_uart_flush</STRONG> (Thumb, 104 bytes, Stack size 20 bytes, mml_uart.o(.text), UNUSED)
<BR><BR>[Calls]<UL><LI><a href="#[c0]">&gt;&gt;</a>&nbsp;&nbsp;&nbsp;mml_uart_flush_raw
</UL>

<P><STRONG><a name="[2de]"></a>mml_uart_port_status</STRONG> (Thumb, 74 bytes, Stack size 12 bytes, mml_uart.o(.text))
<BR><BR>[Stack]<UL><LI>Max Depth = 12<LI>Call Chain = mml_uart_port_status
</UL>
<BR>[Called By]<UL><LI><a href="#[23]">&gt;&gt;</a>&nbsp;&nbsp;&nbsp;write
<LI><a href="#[2dd]">&gt;&gt;</a>&nbsp;&nbsp;&nbsp;serial_hander
</UL>

<P><STRONG><a name="[c2]"></a>mml_uart_deinit</STRONG> (Thumb, 174 bytes, Stack size 28 bytes, mml_uart.o(.text), UNUSED)
<BR><BR>[Calls]<UL><LI><a href="#[c0]">&gt;&gt;</a>&nbsp;&nbsp;&nbsp;mml_uart_flush_raw
</UL>

<P><STRONG><a name="[c3]"></a>mml_uart_callback_handler_register</STRONG> (Thumb, 92 bytes, Stack size 24 bytes, mml_uart.o(.text), UNUSED)
<BR><BR>[Calls]<UL><LI><a href="#[b1]">&gt;&gt;</a>&nbsp;&nbsp;&nbsp;mml_intc_attach_irq
</UL>

<P><STRONG><a name="[c4]"></a>mml_uart_callback_handler_unregister</STRONG> (Thumb, 78 bytes, Stack size 16 bytes, mml_uart.o(.text), UNUSED)
<BR><BR>[Calls]<UL><LI><a href="#[ba]">&gt;&gt;</a>&nbsp;&nbsp;&nbsp;mml_intc_detach_irq
</UL>

<P><STRONG><a name="[c5]"></a>mml_uart_interrupt_activate</STRONG> (Thumb, 84 bytes, Stack size 24 bytes, mml_uart.o(.text))
<BR><BR>[Stack]<UL><LI>Max Depth = 32<LI>Call Chain = mml_uart_interrupt_activate &rArr; mml_intc_enable_irq
</UL>
<BR>[Calls]<UL><LI><a href="#[b2]">&gt;&gt;</a>&nbsp;&nbsp;&nbsp;mml_intc_enable_irq
<LI><a href="#[bd]">&gt;&gt;</a>&nbsp;&nbsp;&nbsp;mml_intc_disable_irq
</UL>
<BR>[Called By]<UL><LI><a href="#[20]">&gt;&gt;</a>&nbsp;&nbsp;&nbsp;open
</UL>

<P><STRONG><a name="[242]"></a>mml_uart_interrupt_clear</STRONG> (Thumb, 26 bytes, Stack size 12 bytes, mml_uart.o(.text))
<BR><BR>[Stack]<UL><LI>Max Depth = 12<LI>Call Chain = mml_uart_interrupt_clear
</UL>
<BR>[Called By]<UL><LI><a href="#[2dd]">&gt;&gt;</a>&nbsp;&nbsp;&nbsp;serial_hander
<LI><a href="#[20]">&gt;&gt;</a>&nbsp;&nbsp;&nbsp;open
</UL>

<P><STRONG><a name="[243]"></a>mml_uart_interrupt_set</STRONG> (Thumb, 32 bytes, Stack size 12 bytes, mml_uart.o(.text))
<BR><BR>[Stack]<UL><LI>Max Depth = 12<LI>Call Chain = mml_uart_interrupt_set
</UL>
<BR>[Called By]<UL><LI><a href="#[20]">&gt;&gt;</a>&nbsp;&nbsp;&nbsp;open
</UL>

<P><STRONG><a name="[c6]"></a>mml_uart_interrupt_ack</STRONG> (Thumb, 22 bytes, Stack size 8 bytes, mml_uart.o(.text), UNUSED)
<BR><BR>[Calls]<UL><LI><a href="#[b6]">&gt;&gt;</a>&nbsp;&nbsp;&nbsp;mml_intc_ack_irq
</UL>

<P><STRONG><a name="[332]"></a>mml_uart_initialise</STRONG> (Thumb, 20 bytes, Stack size 24 bytes, mml_uart.o(.text), UNUSED)

<P><STRONG><a name="[333]"></a>mml_uart_read_byte</STRONG> (Thumb, 20 bytes, Stack size 0 bytes, mml_uart.o(.text), UNUSED)

<P><STRONG><a name="[334]"></a>mml_uart_write_byte</STRONG> (Thumb, 16 bytes, Stack size 0 bytes, mml_uart.o(.text), UNUSED)

<P><STRONG><a name="[c7]"></a>usb_event_enable</STRONG> (Thumb, 42 bytes, Stack size 16 bytes, usb_event.o(.text))
<BR><BR>[Stack]<UL><LI>Max Depth = 16<LI>Call Chain = usb_event_enable
</UL>
<BR>[Calls]<UL><LI><a href="#[c8]">&gt;&gt;</a>&nbsp;&nbsp;&nbsp;usb_irq_enable
</UL>
<BR>[Called By]<UL><LI><a href="#[e2]">&gt;&gt;</a>&nbsp;&nbsp;&nbsp;enum_init
<LI><a href="#[25]">&gt;&gt;</a>&nbsp;&nbsp;&nbsp;open
</UL>

<P><STRONG><a name="[c9]"></a>usb_event_disable</STRONG> (Thumb, 38 bytes, Stack size 8 bytes, usb_event.o(.text), UNUSED)
<BR><BR>[Calls]<UL><LI><a href="#[ca]">&gt;&gt;</a>&nbsp;&nbsp;&nbsp;usb_irq_disable
</UL>

<P><STRONG><a name="[cb]"></a>usb_event_handler</STRONG> (Thumb, 244 bytes, Stack size 8 bytes, usb_event.o(.text))
<BR><BR>[Stack]<UL><LI>Max Depth = 64<LI>Call Chain = usb_event_handler &rArr; usb_irq_handler &rArr; event_out_data
</UL>
<BR>[Calls]<UL><LI><a href="#[cc]">&gt;&gt;</a>&nbsp;&nbsp;&nbsp;usb_irq_handler
</UL>
<BR>[Called By]<UL><LI><a href="#[7b]">&gt;&gt;</a>&nbsp;&nbsp;&nbsp;USB_IRQHandler
</UL>

<P><STRONG><a name="[244]"></a>usb_init</STRONG> (Thumb, 76 bytes, Stack size 0 bytes, usb.o(.text))
<BR><BR>[Called By]<UL><LI><a href="#[25]">&gt;&gt;</a>&nbsp;&nbsp;&nbsp;open
</UL>

<P><STRONG><a name="[1e0]"></a>usb_shutdown</STRONG> (Thumb, 20 bytes, Stack size 0 bytes, usb.o(.text))
<BR><BR>[Called By]<UL><LI><a href="#[26]">&gt;&gt;</a>&nbsp;&nbsp;&nbsp;close
</UL>

<P><STRONG><a name="[20c]"></a>usb_connect</STRONG> (Thumb, 46 bytes, Stack size 0 bytes, usb.o(.text))
<BR><BR>[Called By]<UL><LI><a href="#[25]">&gt;&gt;</a>&nbsp;&nbsp;&nbsp;open
<LI><a href="#[7a]">&gt;&gt;</a>&nbsp;&nbsp;&nbsp;event_callback
</UL>

<P><STRONG><a name="[1df]"></a>usb_disconnect</STRONG> (Thumb, 20 bytes, Stack size 0 bytes, usb.o(.text))
<BR><BR>[Called By]<UL><LI><a href="#[7a]">&gt;&gt;</a>&nbsp;&nbsp;&nbsp;event_callback
<LI><a href="#[26]">&gt;&gt;</a>&nbsp;&nbsp;&nbsp;close
</UL>

<P><STRONG><a name="[2e5]"></a>usb_config_ep</STRONG> (Thumb, 60 bytes, Stack size 12 bytes, usb.o(.text))
<BR><BR>[Stack]<UL><LI>Max Depth = 12<LI>Call Chain = usb_config_ep
</UL>
<BR>[Called By]<UL><LI><a href="#[2e0]">&gt;&gt;</a>&nbsp;&nbsp;&nbsp;usb_bulk_configure
</UL>

<P><STRONG><a name="[d1]"></a>usb_is_configured</STRONG> (Thumb, 24 bytes, Stack size 0 bytes, usb.o(.text))
<BR><BR>[Called By]<UL><LI><a href="#[d0]">&gt;&gt;</a>&nbsp;&nbsp;&nbsp;usb_read_endpoint
</UL>

<P><STRONG><a name="[d4]"></a>usb_stall</STRONG> (Thumb, 80 bytes, Stack size 16 bytes, usb.o(.text))
<BR><BR>[Stack]<UL><LI>Max Depth = 16<LI>Call Chain = usb_stall
</UL>
<BR>[Called By]<UL><LI><a href="#[84]">&gt;&gt;</a>&nbsp;&nbsp;&nbsp;acksetup_callback
<LI><a href="#[38]">&gt;&gt;</a>&nbsp;&nbsp;&nbsp;setup
<LI><a href="#[df]">&gt;&gt;</a>&nbsp;&nbsp;&nbsp;getstatus
<LI><a href="#[dd]">&gt;&gt;</a>&nbsp;&nbsp;&nbsp;clearfeature
<LI><a href="#[dc]">&gt;&gt;</a>&nbsp;&nbsp;&nbsp;setfeature
<LI><a href="#[db]">&gt;&gt;</a>&nbsp;&nbsp;&nbsp;getdescriptor
<LI><a href="#[da]">&gt;&gt;</a>&nbsp;&nbsp;&nbsp;getconfig
<LI><a href="#[d9]">&gt;&gt;</a>&nbsp;&nbsp;&nbsp;setconfig
<LI><a href="#[d6]">&gt;&gt;</a>&nbsp;&nbsp;&nbsp;getinterface
<LI><a href="#[d3]">&gt;&gt;</a>&nbsp;&nbsp;&nbsp;setinterface
</UL>

<P><STRONG><a name="[de]"></a>usb_unstall</STRONG> (Thumb, 42 bytes, Stack size 0 bytes, usb.o(.text))
<BR><BR>[Called By]<UL><LI><a href="#[dd]">&gt;&gt;</a>&nbsp;&nbsp;&nbsp;clearfeature
</UL>

<P><STRONG><a name="[d2]"></a>usb_is_stalled</STRONG> (Thumb, 16 bytes, Stack size 0 bytes, usb.o(.text))
<BR><BR>[Called By]<UL><LI><a href="#[d0]">&gt;&gt;</a>&nbsp;&nbsp;&nbsp;usb_read_endpoint
<LI><a href="#[df]">&gt;&gt;</a>&nbsp;&nbsp;&nbsp;getstatus
</UL>

<P><STRONG><a name="[cd]"></a>usb_reset_ep</STRONG> (Thumb, 86 bytes, Stack size 16 bytes, usb.o(.text))
<BR><BR>[Stack]<UL><LI>Max Depth = 16<LI>Call Chain = usb_reset_ep
</UL>
<BR>[Called By]<UL><LI><a href="#[cc]">&gt;&gt;</a>&nbsp;&nbsp;&nbsp;usb_irq_handler
</UL>

<P><STRONG><a name="[d5]"></a>usb_ackstat</STRONG> (Thumb, 26 bytes, Stack size 0 bytes, usb.o(.text))
<BR><BR>[Called By]<UL><LI><a href="#[84]">&gt;&gt;</a>&nbsp;&nbsp;&nbsp;acksetup_callback
<LI><a href="#[e0]">&gt;&gt;</a>&nbsp;&nbsp;&nbsp;std
<LI><a href="#[dd]">&gt;&gt;</a>&nbsp;&nbsp;&nbsp;clearfeature
<LI><a href="#[dc]">&gt;&gt;</a>&nbsp;&nbsp;&nbsp;setfeature
<LI><a href="#[d9]">&gt;&gt;</a>&nbsp;&nbsp;&nbsp;setconfig
<LI><a href="#[d3]">&gt;&gt;</a>&nbsp;&nbsp;&nbsp;setinterface
</UL>

<P><STRONG><a name="[cc]"></a>usb_irq_handler</STRONG> (Thumb, 786 bytes, Stack size 24 bytes, usb.o(.text))
<BR><BR>[Stack]<UL><LI>Max Depth = 56<LI>Call Chain = usb_irq_handler &rArr; event_out_data
</UL>
<BR>[Calls]<UL><LI><a href="#[cd]">&gt;&gt;</a>&nbsp;&nbsp;&nbsp;usb_reset_ep
<LI><a href="#[cf]">&gt;&gt;</a>&nbsp;&nbsp;&nbsp;event_out_data
<LI><a href="#[ce]">&gt;&gt;</a>&nbsp;&nbsp;&nbsp;event_in_data
</UL>
<BR>[Called By]<UL><LI><a href="#[cb]">&gt;&gt;</a>&nbsp;&nbsp;&nbsp;usb_event_handler
</UL>

<P><STRONG><a name="[c8]"></a>usb_irq_enable</STRONG> (Thumb, 34 bytes, Stack size 0 bytes, usb.o(.text))
<BR><BR>[Called By]<UL><LI><a href="#[c7]">&gt;&gt;</a>&nbsp;&nbsp;&nbsp;usb_event_enable
</UL>

<P><STRONG><a name="[ca]"></a>usb_irq_disable</STRONG> (Thumb, 34 bytes, Stack size 0 bytes, usb.o(.text), UNUSED)
<BR><BR>[Called By]<UL><LI><a href="#[c9]">&gt;&gt;</a>&nbsp;&nbsp;&nbsp;usb_event_disable
</UL>

<P><STRONG><a name="[e1]"></a>usb_get_setup</STRONG> (Thumb, 18 bytes, Stack size 0 bytes, usb.o(.text))
<BR><BR>[Called By]<UL><LI><a href="#[38]">&gt;&gt;</a>&nbsp;&nbsp;&nbsp;setup
</UL>

<P><STRONG><a name="[d8]"></a>usb_write_endpoint</STRONG> (Thumb, 156 bytes, Stack size 20 bytes, usb.o(.text))
<BR><BR>[Stack]<UL><LI>Max Depth = 20<LI>Call Chain = usb_write_endpoint
</UL>
<BR>[Called By]<UL><LI><a href="#[28]">&gt;&gt;</a>&nbsp;&nbsp;&nbsp;write
<LI><a href="#[df]">&gt;&gt;</a>&nbsp;&nbsp;&nbsp;getstatus
<LI><a href="#[db]">&gt;&gt;</a>&nbsp;&nbsp;&nbsp;getdescriptor
<LI><a href="#[da]">&gt;&gt;</a>&nbsp;&nbsp;&nbsp;getconfig
<LI><a href="#[d6]">&gt;&gt;</a>&nbsp;&nbsp;&nbsp;getinterface
</UL>

<P><STRONG><a name="[d0]"></a>usb_read_endpoint</STRONG> (Thumb, 166 bytes, Stack size 12 bytes, usb.o(.text))
<BR><BR>[Stack]<UL><LI>Max Depth = 12<LI>Call Chain = usb_read_endpoint
</UL>
<BR>[Calls]<UL><LI><a href="#[d2]">&gt;&gt;</a>&nbsp;&nbsp;&nbsp;usb_is_stalled
<LI><a href="#[d1]">&gt;&gt;</a>&nbsp;&nbsp;&nbsp;usb_is_configured
</UL>
<BR>[Called By]<UL><LI><a href="#[2e0]">&gt;&gt;</a>&nbsp;&nbsp;&nbsp;usb_bulk_configure
<LI><a href="#[83]">&gt;&gt;</a>&nbsp;&nbsp;&nbsp;ep_out_cb
</UL>

<P><STRONG><a name="[e2]"></a>enum_init</STRONG> (Thumb, 32 bytes, Stack size 8 bytes, enumerate.o(.text))
<BR><BR>[Stack]<UL><LI>Max Depth = 24<LI>Call Chain = enum_init &rArr; usb_event_enable
</UL>
<BR>[Calls]<UL><LI><a href="#[c7]">&gt;&gt;</a>&nbsp;&nbsp;&nbsp;usb_event_enable
<LI><a href="#[e3]">&gt;&gt;</a>&nbsp;&nbsp;&nbsp;__aeabi_memclr4
</UL>
<BR>[Called By]<UL><LI><a href="#[25]">&gt;&gt;</a>&nbsp;&nbsp;&nbsp;open
</UL>

<P><STRONG><a name="[246]"></a>enum_register_callback</STRONG> (Thumb, 28 bytes, Stack size 0 bytes, enumerate.o(.text))
<BR><BR>[Called By]<UL><LI><a href="#[25]">&gt;&gt;</a>&nbsp;&nbsp;&nbsp;open
</UL>

<P><STRONG><a name="[335]"></a>enum_register_getdescriptor</STRONG> (Thumb, 10 bytes, Stack size 0 bytes, enumerate.o(.text), UNUSED)

<P><STRONG><a name="[245]"></a>enum_register_descriptor</STRONG> (Thumb, 36 bytes, Stack size 8 bytes, enumerate.o(.text))
<BR><BR>[Stack]<UL><LI>Max Depth = 8<LI>Call Chain = enum_register_descriptor
</UL>
<BR>[Called By]<UL><LI><a href="#[25]">&gt;&gt;</a>&nbsp;&nbsp;&nbsp;open
</UL>

<P><STRONG><a name="[209]"></a>enum_getconfig</STRONG> (Thumb, 6 bytes, Stack size 0 bytes, enumerate.o(.text))
<BR><BR>[Called By]<UL><LI><a href="#[28]">&gt;&gt;</a>&nbsp;&nbsp;&nbsp;write
<LI><a href="#[82]">&gt;&gt;</a>&nbsp;&nbsp;&nbsp;ep_in_cb
</UL>

<P><STRONG><a name="[20a]"></a>enum_clearconfig</STRONG> (Thumb, 8 bytes, Stack size 0 bytes, enumerate.o(.text))
<BR><BR>[Called By]<UL><LI><a href="#[7a]">&gt;&gt;</a>&nbsp;&nbsp;&nbsp;event_callback
</UL>

<P><STRONG><a name="[e5]"></a>mml_gpio_check</STRONG> (Thumb, 46 bytes, Stack size 8 bytes, mml_gpio.o(.text))
<BR><BR>[Stack]<UL><LI>Max Depth = 8<LI>Call Chain = mml_gpio_check
</UL>
<BR>[Called By]<UL><LI><a href="#[f5]">&gt;&gt;</a>&nbsp;&nbsp;&nbsp;mml_gpio_write_bit_pattern
<LI><a href="#[eb]">&gt;&gt;</a>&nbsp;&nbsp;&nbsp;mml_gpio_init
<LI><a href="#[f6]">&gt;&gt;</a>&nbsp;&nbsp;&nbsp;mml_gpio_read_bit_pattern
<LI><a href="#[f0]">&gt;&gt;</a>&nbsp;&nbsp;&nbsp;mml_gpio_get_interrupt_status
<LI><a href="#[ef]">&gt;&gt;</a>&nbsp;&nbsp;&nbsp;mml_gpio_clear_interrupt
<LI><a href="#[ee]">&gt;&gt;</a>&nbsp;&nbsp;&nbsp;mml_gpio_disable_interrupt
<LI><a href="#[ed]">&gt;&gt;</a>&nbsp;&nbsp;&nbsp;mml_gpio_enable_interrupt
<LI><a href="#[e9]">&gt;&gt;</a>&nbsp;&nbsp;&nbsp;mml_gpio_set_config
<LI><a href="#[e8]">&gt;&gt;</a>&nbsp;&nbsp;&nbsp;mml_gpio_disable_output
<LI><a href="#[e7]">&gt;&gt;</a>&nbsp;&nbsp;&nbsp;mml_gpio_pad_configure
<LI><a href="#[e6]">&gt;&gt;</a>&nbsp;&nbsp;&nbsp;mml_gpio_configure_function
<LI><a href="#[e4]">&gt;&gt;</a>&nbsp;&nbsp;&nbsp;mml_gpio_enable_output
</UL>

<P><STRONG><a name="[e4]"></a>mml_gpio_enable_output</STRONG> (Thumb, 56 bytes, Stack size 20 bytes, mml_gpio.o(.text))
<BR><BR>[Stack]<UL><LI>Max Depth = 28<LI>Call Chain = mml_gpio_enable_output &rArr; mml_gpio_check
</UL>
<BR>[Calls]<UL><LI><a href="#[e5]">&gt;&gt;</a>&nbsp;&nbsp;&nbsp;mml_gpio_check
</UL>
<BR>[Called By]<UL><LI><a href="#[e9]">&gt;&gt;</a>&nbsp;&nbsp;&nbsp;mml_gpio_set_config
</UL>

<P><STRONG><a name="[e6]"></a>mml_gpio_configure_function</STRONG> (Thumb, 158 bytes, Stack size 24 bytes, mml_gpio.o(.text))
<BR><BR>[Stack]<UL><LI>Max Depth = 32<LI>Call Chain = mml_gpio_configure_function &rArr; mml_gpio_check
</UL>
<BR>[Calls]<UL><LI><a href="#[e5]">&gt;&gt;</a>&nbsp;&nbsp;&nbsp;mml_gpio_check
</UL>
<BR>[Called By]<UL><LI><a href="#[e9]">&gt;&gt;</a>&nbsp;&nbsp;&nbsp;mml_gpio_set_config
</UL>

<P><STRONG><a name="[e7]"></a>mml_gpio_pad_configure</STRONG> (Thumb, 180 bytes, Stack size 24 bytes, mml_gpio.o(.text))
<BR><BR>[Stack]<UL><LI>Max Depth = 32<LI>Call Chain = mml_gpio_pad_configure &rArr; mml_gpio_check
</UL>
<BR>[Calls]<UL><LI><a href="#[e5]">&gt;&gt;</a>&nbsp;&nbsp;&nbsp;mml_gpio_check
</UL>
<BR>[Called By]<UL><LI><a href="#[e9]">&gt;&gt;</a>&nbsp;&nbsp;&nbsp;mml_gpio_set_config
</UL>

<P><STRONG><a name="[e8]"></a>mml_gpio_disable_output</STRONG> (Thumb, 56 bytes, Stack size 20 bytes, mml_gpio.o(.text))
<BR><BR>[Stack]<UL><LI>Max Depth = 28<LI>Call Chain = mml_gpio_disable_output &rArr; mml_gpio_check
</UL>
<BR>[Calls]<UL><LI><a href="#[e5]">&gt;&gt;</a>&nbsp;&nbsp;&nbsp;mml_gpio_check
</UL>
<BR>[Called By]<UL><LI><a href="#[ec]">&gt;&gt;</a>&nbsp;&nbsp;&nbsp;mml_gpio_close
<LI><a href="#[e9]">&gt;&gt;</a>&nbsp;&nbsp;&nbsp;mml_gpio_set_config
</UL>

<P><STRONG><a name="[ea]"></a>mml_gpio_clear_out_int_wake</STRONG> (Thumb, 56 bytes, Stack size 16 bytes, mml_gpio.o(.text))
<BR><BR>[Stack]<UL><LI>Max Depth = 16<LI>Call Chain = mml_gpio_clear_out_int_wake
</UL>
<BR>[Called By]<UL><LI><a href="#[eb]">&gt;&gt;</a>&nbsp;&nbsp;&nbsp;mml_gpio_init
<LI><a href="#[ec]">&gt;&gt;</a>&nbsp;&nbsp;&nbsp;mml_gpio_close
<LI><a href="#[e9]">&gt;&gt;</a>&nbsp;&nbsp;&nbsp;mml_gpio_set_config
</UL>

<P><STRONG><a name="[e9]"></a>mml_gpio_set_config</STRONG> (Thumb, 122 bytes, Stack size 36 bytes, mml_gpio.o(.text))
<BR><BR>[Stack]<UL><LI>Max Depth = 68<LI>Call Chain = mml_gpio_set_config &rArr; mml_gpio_pad_configure &rArr; mml_gpio_check
</UL>
<BR>[Calls]<UL><LI><a href="#[ea]">&gt;&gt;</a>&nbsp;&nbsp;&nbsp;mml_gpio_clear_out_int_wake
<LI><a href="#[e8]">&gt;&gt;</a>&nbsp;&nbsp;&nbsp;mml_gpio_disable_output
<LI><a href="#[e7]">&gt;&gt;</a>&nbsp;&nbsp;&nbsp;mml_gpio_pad_configure
<LI><a href="#[e6]">&gt;&gt;</a>&nbsp;&nbsp;&nbsp;mml_gpio_configure_function
<LI><a href="#[e4]">&gt;&gt;</a>&nbsp;&nbsp;&nbsp;mml_gpio_enable_output
<LI><a href="#[e5]">&gt;&gt;</a>&nbsp;&nbsp;&nbsp;mml_gpio_check
</UL>
<BR>[Called By]<UL><LI><a href="#[eb]">&gt;&gt;</a>&nbsp;&nbsp;&nbsp;mml_gpio_init
</UL>

<P><STRONG><a name="[eb]"></a>mml_gpio_init</STRONG> (Thumb, 112 bytes, Stack size 40 bytes, mml_gpio.o(.text))
<BR><BR>[Stack]<UL><LI>Max Depth = 108<LI>Call Chain = mml_gpio_init &rArr; mml_gpio_set_config &rArr; mml_gpio_pad_configure &rArr; mml_gpio_check
</UL>
<BR>[Calls]<UL><LI><a href="#[e9]">&gt;&gt;</a>&nbsp;&nbsp;&nbsp;mml_gpio_set_config
<LI><a href="#[ea]">&gt;&gt;</a>&nbsp;&nbsp;&nbsp;mml_gpio_clear_out_int_wake
<LI><a href="#[e5]">&gt;&gt;</a>&nbsp;&nbsp;&nbsp;mml_gpio_check
</UL>
<BR>[Called By]<UL><LI><a href="#[33]">&gt;&gt;</a>&nbsp;&nbsp;&nbsp;open
<LI><a href="#[2e]">&gt;&gt;</a>&nbsp;&nbsp;&nbsp;open
</UL>

<P><STRONG><a name="[336]"></a>mml_gpio_reset_interface</STRONG> (Thumb, 34 bytes, Stack size 0 bytes, mml_gpio.o(.text), UNUSED)

<P><STRONG><a name="[ec]"></a>mml_gpio_close</STRONG> (Thumb, 42 bytes, Stack size 12 bytes, mml_gpio.o(.text), UNUSED)
<BR><BR>[Calls]<UL><LI><a href="#[ea]">&gt;&gt;</a>&nbsp;&nbsp;&nbsp;mml_gpio_clear_out_int_wake
<LI><a href="#[e8]">&gt;&gt;</a>&nbsp;&nbsp;&nbsp;mml_gpio_disable_output
</UL>

<P><STRONG><a name="[ed]"></a>mml_gpio_enable_interrupt</STRONG> (Thumb, 52 bytes, Stack size 20 bytes, mml_gpio.o(.text), UNUSED)
<BR><BR>[Calls]<UL><LI><a href="#[e5]">&gt;&gt;</a>&nbsp;&nbsp;&nbsp;mml_gpio_check
</UL>

<P><STRONG><a name="[ee]"></a>mml_gpio_disable_interrupt</STRONG> (Thumb, 52 bytes, Stack size 20 bytes, mml_gpio.o(.text), UNUSED)
<BR><BR>[Calls]<UL><LI><a href="#[e5]">&gt;&gt;</a>&nbsp;&nbsp;&nbsp;mml_gpio_check
</UL>

<P><STRONG><a name="[ef]"></a>mml_gpio_clear_interrupt</STRONG> (Thumb, 82 bytes, Stack size 20 bytes, mml_gpio.o(.text), UNUSED)
<BR><BR>[Calls]<UL><LI><a href="#[e5]">&gt;&gt;</a>&nbsp;&nbsp;&nbsp;mml_gpio_check
</UL>

<P><STRONG><a name="[f0]"></a>mml_gpio_get_interrupt_status</STRONG> (Thumb, 68 bytes, Stack size 24 bytes, mml_gpio.o(.text), UNUSED)
<BR><BR>[Calls]<UL><LI><a href="#[e5]">&gt;&gt;</a>&nbsp;&nbsp;&nbsp;mml_gpio_check
</UL>

<P><STRONG><a name="[337]"></a>mml_gpio_config_open_drain</STRONG> (Thumb, 40 bytes, Stack size 12 bytes, mml_gpio.o(.text), UNUSED)

<P><STRONG><a name="[f2]"></a>mml_gpio_write_dataout</STRONG> (Thumb, 16 bytes, Stack size 0 bytes, mml_gpio.o(.text), UNUSED)
<BR><BR>[Called By]<UL><LI><a href="#[f1]">&gt;&gt;</a>&nbsp;&nbsp;&nbsp;mml_gpio_write_buffer
</UL>

<P><STRONG><a name="[338]"></a>mml_gpio_read_dataout</STRONG> (Thumb, 18 bytes, Stack size 0 bytes, mml_gpio.o(.text), UNUSED)

<P><STRONG><a name="[f4]"></a>mml_gpio_read_datain</STRONG> (Thumb, 18 bytes, Stack size 0 bytes, mml_gpio.o(.text), UNUSED)
<BR><BR>[Called By]<UL><LI><a href="#[f3]">&gt;&gt;</a>&nbsp;&nbsp;&nbsp;mml_gpio_read_buffer
</UL>

<P><STRONG><a name="[f1]"></a>mml_gpio_write_buffer</STRONG> (Thumb, 46 bytes, Stack size 20 bytes, mml_gpio.o(.text), UNUSED)
<BR><BR>[Calls]<UL><LI><a href="#[f2]">&gt;&gt;</a>&nbsp;&nbsp;&nbsp;mml_gpio_write_dataout
</UL>

<P><STRONG><a name="[f3]"></a>mml_gpio_read_buffer</STRONG> (Thumb, 46 bytes, Stack size 20 bytes, mml_gpio.o(.text), UNUSED)
<BR><BR>[Calls]<UL><LI><a href="#[f4]">&gt;&gt;</a>&nbsp;&nbsp;&nbsp;mml_gpio_read_datain
</UL>

<P><STRONG><a name="[f5]"></a>mml_gpio_write_bit_pattern</STRONG> (Thumb, 74 bytes, Stack size 24 bytes, mml_gpio.o(.text))
<BR><BR>[Stack]<UL><LI>Max Depth = 32<LI>Call Chain = mml_gpio_write_bit_pattern &rArr; mml_gpio_check
</UL>
<BR>[Calls]<UL><LI><a href="#[e5]">&gt;&gt;</a>&nbsp;&nbsp;&nbsp;mml_gpio_check
</UL>
<BR>[Called By]<UL><LI><a href="#[33]">&gt;&gt;</a>&nbsp;&nbsp;&nbsp;open
<LI><a href="#[35]">&gt;&gt;</a>&nbsp;&nbsp;&nbsp;ioctl
<LI><a href="#[31]">&gt;&gt;</a>&nbsp;&nbsp;&nbsp;write
<LI><a href="#[30]">&gt;&gt;</a>&nbsp;&nbsp;&nbsp;read
<LI><a href="#[2e]">&gt;&gt;</a>&nbsp;&nbsp;&nbsp;open
</UL>

<P><STRONG><a name="[f6]"></a>mml_gpio_read_bit_pattern</STRONG> (Thumb, 74 bytes, Stack size 24 bytes, mml_gpio.o(.text), UNUSED)
<BR><BR>[Calls]<UL><LI><a href="#[e5]">&gt;&gt;</a>&nbsp;&nbsp;&nbsp;mml_gpio_check
</UL>

<P><STRONG><a name="[339]"></a>mml_gpio_pin_output</STRONG> (Thumb, 66 bytes, Stack size 16 bytes, mml_gpio.o(.text), UNUSED)

<P><STRONG><a name="[33a]"></a>mml_gpio_pin_input</STRONG> (Thumb, 48 bytes, Stack size 16 bytes, mml_gpio.o(.text), UNUSED)

<P><STRONG><a name="[33b]"></a>mml_gpio_set_padsmode</STRONG> (Thumb, 32 bytes, Stack size 20 bytes, mml_gpio.o(.text), UNUSED)

<P><STRONG><a name="[f7]"></a>mml_spi_set_config</STRONG> (Thumb, 582 bytes, Stack size 32 bytes, mml_spi.o(.text))
<BR><BR>[Stack]<UL><LI>Max Depth = 60<LI>Call Chain = mml_spi_set_config &rArr; mml_get_apb_frequency &rArr; mml_get_ahb_frequency &rArr; mml_get_system_frequency
</UL>
<BR>[Calls]<UL><LI><a href="#[9f]">&gt;&gt;</a>&nbsp;&nbsp;&nbsp;mml_get_apb_frequency
</UL>
<BR>[Called By]<UL><LI><a href="#[f8]">&gt;&gt;</a>&nbsp;&nbsp;&nbsp;mml_spi_init
</UL>

<P><STRONG><a name="[f8]"></a>mml_spi_init</STRONG> (Thumb, 294 bytes, Stack size 24 bytes, mml_spi.o(.text))
<BR><BR>[Stack]<UL><LI>Max Depth = 84<LI>Call Chain = mml_spi_init &rArr; mml_spi_set_config &rArr; mml_get_apb_frequency &rArr; mml_get_ahb_frequency &rArr; mml_get_system_frequency
</UL>
<BR>[Calls]<UL><LI><a href="#[f7]">&gt;&gt;</a>&nbsp;&nbsp;&nbsp;mml_spi_set_config
</UL>
<BR>[Called By]<UL><LI><a href="#[248]">&gt;&gt;</a>&nbsp;&nbsp;&nbsp;spi_init
</UL>

<P><STRONG><a name="[33c]"></a>mml_spi_shutdown</STRONG> (Thumb, 94 bytes, Stack size 8 bytes, mml_spi.o(.text), UNUSED)

<P><STRONG><a name="[33d]"></a>mml_spi_reset_interface</STRONG> (Thumb, 34 bytes, Stack size 0 bytes, mml_spi.o(.text), UNUSED)

<P><STRONG><a name="[2e2]"></a>mml_spi_transmit</STRONG> (Thumb, 968 bytes, Stack size 32 bytes, mml_spi.o(.text))
<BR><BR>[Stack]<UL><LI>Max Depth = 32<LI>Call Chain = mml_spi_transmit
</UL>
<BR>[Called By]<UL><LI><a href="#[1af]">&gt;&gt;</a>&nbsp;&nbsp;&nbsp;spi_transmit
</UL>

<P><STRONG><a name="[33e]"></a>mml_spi_get_status</STRONG> (Thumb, 78 bytes, Stack size 8 bytes, mml_spi.o(.text), UNUSED)

<P><STRONG><a name="[2e1]"></a>mml_spi_ioctl</STRONG> (Thumb, 582 bytes, Stack size 16 bytes, mml_spi.o(.text))
<BR><BR>[Stack]<UL><LI>Max Depth = 16<LI>Call Chain = mml_spi_ioctl
</UL>
<BR>[Called By]<UL><LI><a href="#[248]">&gt;&gt;</a>&nbsp;&nbsp;&nbsp;spi_init
</UL>

<P><STRONG><a name="[f9]"></a>malloc</STRONG> (Thumb, 94 bytes, Stack size 16 bytes, h1_alloc.o(.text))
<BR><BR>[Stack]<UL><LI>Max Depth = 48<LI>Call Chain = malloc &rArr; __Heap_Full &rArr; __Heap_ProvideMemory &rArr; free
</UL>
<BR>[Calls]<UL><LI><a href="#[fb]">&gt;&gt;</a>&nbsp;&nbsp;&nbsp;__Heap_Full
<LI><a href="#[fa]">&gt;&gt;</a>&nbsp;&nbsp;&nbsp;__rt_heap_descriptor
</UL>
<BR>[Called By]<UL><LI><a href="#[12c]">&gt;&gt;</a>&nbsp;&nbsp;&nbsp;ByteArrayToString
<LI><a href="#[12b]">&gt;&gt;</a>&nbsp;&nbsp;&nbsp;ArrayU16ToString
<LI><a href="#[129]">&gt;&gt;</a>&nbsp;&nbsp;&nbsp;ArrayToString
<LI><a href="#[4d]">&gt;&gt;</a>&nbsp;&nbsp;&nbsp;GameResult_3998_OutResToJsonn
<LI><a href="#[56]">&gt;&gt;</a>&nbsp;&nbsp;&nbsp;GameResult_3997_OutResToJsonn
<LI><a href="#[5f]">&gt;&gt;</a>&nbsp;&nbsp;&nbsp;GameResult_3996_OutResToJsonn
<LI><a href="#[67]">&gt;&gt;</a>&nbsp;&nbsp;&nbsp;GameResult_3995_OutResToJsonn
<LI><a href="#[6e]">&gt;&gt;</a>&nbsp;&nbsp;&nbsp;GameResult_3993_OutResToJsonn
<LI><a href="#[45]">&gt;&gt;</a>&nbsp;&nbsp;&nbsp;GameResult_3999_OutResToJsonn
<LI><a href="#[16]">&gt;&gt;</a>&nbsp;&nbsp;&nbsp;qs_mem_alloc
</UL>

<P><STRONG><a name="[fc]"></a>free</STRONG> (Thumb, 78 bytes, Stack size 16 bytes, h1_free.o(.text))
<BR><BR>[Stack]<UL><LI>Max Depth = 16<LI>Call Chain = free
</UL>
<BR>[Calls]<UL><LI><a href="#[fa]">&gt;&gt;</a>&nbsp;&nbsp;&nbsp;__rt_heap_descriptor
</UL>
<BR>[Called By]<UL><LI><a href="#[4d]">&gt;&gt;</a>&nbsp;&nbsp;&nbsp;GameResult_3998_OutResToJsonn
<LI><a href="#[56]">&gt;&gt;</a>&nbsp;&nbsp;&nbsp;GameResult_3997_OutResToJsonn
<LI><a href="#[5f]">&gt;&gt;</a>&nbsp;&nbsp;&nbsp;GameResult_3996_OutResToJsonn
<LI><a href="#[67]">&gt;&gt;</a>&nbsp;&nbsp;&nbsp;GameResult_3995_OutResToJsonn
<LI><a href="#[6e]">&gt;&gt;</a>&nbsp;&nbsp;&nbsp;GameResult_3993_OutResToJsonn
<LI><a href="#[45]">&gt;&gt;</a>&nbsp;&nbsp;&nbsp;GameResult_3999_OutResToJsonn
<LI><a href="#[17]">&gt;&gt;</a>&nbsp;&nbsp;&nbsp;qs_mem_free
<LI><a href="#[10e]">&gt;&gt;</a>&nbsp;&nbsp;&nbsp;__Heap_ProvideMemory
</UL>

<P><STRONG><a name="[fe]"></a>__aeabi_uldivmod</STRONG> (Thumb, 0 bytes, Stack size 48 bytes, lludivv7m.o(.text))
<BR><BR>[Stack]<UL><LI>Max Depth = 48<LI>Call Chain = __aeabi_uldivmod
</UL>
<BR>[Called By]<UL><LI><a href="#[1dd]">&gt;&gt;</a>&nbsp;&nbsp;&nbsp;append_uint64_dec
<LI><a href="#[1cf]">&gt;&gt;</a>&nbsp;&nbsp;&nbsp;__ltoa__
<LI><a href="#[fd]">&gt;&gt;</a>&nbsp;&nbsp;&nbsp;_ll_sdiv
</UL>

<P><STRONG><a name="[33f]"></a>_ll_udiv</STRONG> (Thumb, 238 bytes, Stack size 48 bytes, lludivv7m.o(.text), UNUSED)

<P><STRONG><a name="[188]"></a>__aeabi_ldivmod</STRONG> (Thumb, 0 bytes, Stack size 8 bytes, llsdiv.o(.text))
<BR><BR>[Stack]<UL><LI>Max Depth = 8<LI>Call Chain = __aeabi_ldivmod
</UL>
<BR>[Called By]<UL><LI><a href="#[189]">&gt;&gt;</a>&nbsp;&nbsp;&nbsp;Lottery_OnPlay
<LI><a href="#[178]">&gt;&gt;</a>&nbsp;&nbsp;&nbsp;LotteryManager_OnPlay
<LI><a href="#[1cc]">&gt;&gt;</a>&nbsp;&nbsp;&nbsp;TableControl_TryAdaptiveAdjust
<LI><a href="#[1ca]">&gt;&gt;</a>&nbsp;&nbsp;&nbsp;TableControl_InjectFourPools
<LI><a href="#[1c9]">&gt;&gt;</a>&nbsp;&nbsp;&nbsp;TableControl_GetShareTargetPermyriad
</UL>

<P><STRONG><a name="[fd]"></a>_ll_sdiv</STRONG> (Thumb, 72 bytes, Stack size 8 bytes, llsdiv.o(.text), UNUSED)
<BR><BR>[Calls]<UL><LI><a href="#[fe]">&gt;&gt;</a>&nbsp;&nbsp;&nbsp;__aeabi_uldivmod
</UL>

<P><STRONG><a name="[ff]"></a>tolower</STRONG> (Thumb, 26 bytes, Stack size 8 bytes, tolower.o(.text))
<BR><BR>[Stack]<UL><LI>Max Depth = 16<LI>Call Chain = tolower &rArr; __rt_ctype_table
</UL>
<BR>[Calls]<UL><LI><a href="#[100]">&gt;&gt;</a>&nbsp;&nbsp;&nbsp;__rt_ctype_table
</UL>
<BR>[Called By]<UL><LI><a href="#[28f]">&gt;&gt;</a>&nbsp;&nbsp;&nbsp;qs_json_strcasecmp
</UL>

<P><STRONG><a name="[101]"></a>__2sprintf</STRONG> (Thumb, 38 bytes, Stack size 32 bytes, __2sprintf.o(.text))
<BR><BR>[Stack]<UL><LI>Max Depth = 136 + Unknown Stack Size
<LI>Call Chain = __2sprintf &rArr; _printf_char_common &rArr; __printf
</UL>
<BR>[Calls]<UL><LI><a href="#[39]">&gt;&gt;</a>&nbsp;&nbsp;&nbsp;_sputc
<LI><a href="#[102]">&gt;&gt;</a>&nbsp;&nbsp;&nbsp;_printf_char_common
</UL>
<BR>[Called By]<UL><LI><a href="#[269]">&gt;&gt;</a>&nbsp;&nbsp;&nbsp;print_string_ptr
<LI><a href="#[266]">&gt;&gt;</a>&nbsp;&nbsp;&nbsp;print_number
</UL>

<P><STRONG><a name="[115]"></a>_printf_pre_padding</STRONG> (Thumb, 44 bytes, Stack size 16 bytes, _printf_pad.o(.text))
<BR><BR>[Stack]<UL><LI>Max Depth = 16<LI>Call Chain = _printf_pre_padding
</UL>
<BR>[Called By]<UL><LI><a href="#[103]">&gt;&gt;</a>&nbsp;&nbsp;&nbsp;_printf_int_common
</UL>

<P><STRONG><a name="[116]"></a>_printf_post_padding</STRONG> (Thumb, 34 bytes, Stack size 16 bytes, _printf_pad.o(.text))
<BR><BR>[Stack]<UL><LI>Max Depth = 16<LI>Call Chain = _printf_post_padding
</UL>
<BR>[Called By]<UL><LI><a href="#[103]">&gt;&gt;</a>&nbsp;&nbsp;&nbsp;_printf_int_common
</UL>

<P><STRONG><a name="[8a]"></a>_printf_int_dec</STRONG> (Thumb, 104 bytes, Stack size 24 bytes, _printf_dec.o(.text))
<BR><BR>[Stack]<UL><LI>Max Depth = 72<LI>Call Chain = _printf_int_dec &rArr; _printf_int_common &rArr; _printf_post_padding
</UL>
<BR>[Calls]<UL><LI><a href="#[103]">&gt;&gt;</a>&nbsp;&nbsp;&nbsp;_printf_int_common
</UL>
<BR>[Called By]<UL><LI><a href="#[89]">&gt;&gt;</a>&nbsp;&nbsp;&nbsp;_printf_d
</UL>

<P><STRONG><a name="[104]"></a>_printf_longlong_hex</STRONG> (Thumb, 86 bytes, Stack size 16 bytes, _printf_hex_int_ll_ptr.o(.text))
<BR><BR>[Stack]<UL><LI>Max Depth = 64<LI>Call Chain = _printf_longlong_hex &rArr; _printf_int_common &rArr; _printf_post_padding
</UL>
<BR>[Calls]<UL><LI><a href="#[103]">&gt;&gt;</a>&nbsp;&nbsp;&nbsp;_printf_int_common
</UL>
<BR>[Called By]<UL><LI><a href="#[106]">&gt;&gt;</a>&nbsp;&nbsp;&nbsp;_printf_hex_ptr
<LI><a href="#[105]">&gt;&gt;</a>&nbsp;&nbsp;&nbsp;_printf_ll_hex
<LI><a href="#[8c]">&gt;&gt;</a>&nbsp;&nbsp;&nbsp;_printf_int_hex
</UL>

<P><STRONG><a name="[8c]"></a>_printf_int_hex</STRONG> (Thumb, 28 bytes, Stack size 16 bytes, _printf_hex_int_ll_ptr.o(.text))
<BR><BR>[Stack]<UL><LI>Max Depth = 80<LI>Call Chain = _printf_int_hex &rArr; _printf_longlong_hex &rArr; _printf_int_common &rArr; _printf_post_padding
</UL>
<BR>[Calls]<UL><LI><a href="#[104]">&gt;&gt;</a>&nbsp;&nbsp;&nbsp;_printf_longlong_hex
</UL>
<BR>[Called By]<UL><LI><a href="#[8b]">&gt;&gt;</a>&nbsp;&nbsp;&nbsp;_printf_x
</UL>

<P><STRONG><a name="[105]"></a>_printf_ll_hex</STRONG> (Thumb, 12 bytes, Stack size 0 bytes, _printf_hex_int_ll_ptr.o(.text), UNUSED)
<BR><BR>[Calls]<UL><LI><a href="#[104]">&gt;&gt;</a>&nbsp;&nbsp;&nbsp;_printf_longlong_hex
</UL>

<P><STRONG><a name="[106]"></a>_printf_hex_ptr</STRONG> (Thumb, 18 bytes, Stack size 0 bytes, _printf_hex_int_ll_ptr.o(.text), UNUSED)
<BR><BR>[Calls]<UL><LI><a href="#[104]">&gt;&gt;</a>&nbsp;&nbsp;&nbsp;_printf_longlong_hex
</UL>

<P><STRONG><a name="[107]"></a>__printf</STRONG> (Thumb, 388 bytes, Stack size 40 bytes, __printf_flags_ss_wp.o(.text))
<BR><BR>[Stack]<UL><LI>Max Depth = 40 + Unknown Stack Size
<LI>Call Chain = __printf
</UL>
<BR>[Calls]<UL><LI><a href="#[109]">&gt;&gt;</a>&nbsp;&nbsp;&nbsp;_printf_percent
<LI><a href="#[108]">&gt;&gt;</a>&nbsp;&nbsp;&nbsp;_is_digit
</UL>
<BR>[Called By]<UL><LI><a href="#[102]">&gt;&gt;</a>&nbsp;&nbsp;&nbsp;_printf_char_common
</UL>

<P><STRONG><a name="[26b]"></a>strchr</STRONG> (Thumb, 20 bytes, Stack size 0 bytes, strchr.o(.text))
<BR><BR>[Called By]<UL><LI><a href="#[269]">&gt;&gt;</a>&nbsp;&nbsp;&nbsp;print_string_ptr
</UL>

<P><STRONG><a name="[262]"></a>strcpy</STRONG> (Thumb, 72 bytes, Stack size 12 bytes, strcpy.o(.text))
<BR><BR>[Stack]<UL><LI>Max Depth = 12<LI>Call Chain = strcpy
</UL>
<BR>[Called By]<UL><LI><a href="#[263]">&gt;&gt;</a>&nbsp;&nbsp;&nbsp;print_value
<LI><a href="#[269]">&gt;&gt;</a>&nbsp;&nbsp;&nbsp;print_string_ptr
<LI><a href="#[268]">&gt;&gt;</a>&nbsp;&nbsp;&nbsp;print_object
<LI><a href="#[261]">&gt;&gt;</a>&nbsp;&nbsp;&nbsp;print_array
</UL>

<P><STRONG><a name="[265]"></a>strlen</STRONG> (Thumb, 62 bytes, Stack size 8 bytes, strlen.o(.text))
<BR><BR>[Stack]<UL><LI>Max Depth = 8<LI>Call Chain = strlen
</UL>
<BR>[Called By]<UL><LI><a href="#[1b5]">&gt;&gt;</a>&nbsp;&nbsp;&nbsp;qs_senv_manager_write
[...]
<LI><a href="#[1df]">&gt;&gt;</a>&nbsp;&nbsp;&nbsp;usb_disconnect
<LI><a href="#[bd]">&gt;&gt;</a>&nbsp;&nbsp;&nbsp;mml_intc_disable_irq
<LI><a href="#[e3]">&gt;&gt;</a>&nbsp;&nbsp;&nbsp;__aeabi_memclr4
</UL>
<BR>[Called By]<UL><LI><a href="#[25]">&gt;&gt;</a>&nbsp;&nbsp;&nbsp;open
</UL>
<BR>[Address Reference Count : 1]<UL><LI> driver_usb.o(.data)
</UL>
<P><STRONG><a name="[82]"></a>ep_in_cb</STRONG> (Thumb, 38 bytes, Stack size 16 bytes, driver_usb.o(i.ep_in_cb))
<BR><BR>[Stack]<UL><LI>Max Depth = 16<LI>Call Chain = ep_in_cb
</UL>
<BR>[Calls]<UL><LI><a href="#[209]">&gt;&gt;</a>&nbsp;&nbsp;&nbsp;enum_getconfig
</UL>
<BR>[Address Reference Count : 1]<UL><LI> driver_usb.o(i.usb_bulk_configure)
</UL>
<P><STRONG><a name="[83]"></a>ep_out_cb</STRONG> (Thumb, 60 bytes, Stack size 16 bytes, driver_usb.o(i.ep_out_cb))
<BR><BR>[Stack]<UL><LI>Max Depth = 28<LI>Call Chain = ep_out_cb &rArr; usb_read_endpoint
</UL>
<BR>[Calls]<UL><LI><a href="#[d0]">&gt;&gt;</a>&nbsp;&nbsp;&nbsp;usb_read_endpoint
</UL>
<BR>[Address Reference Count : 1]<UL><LI> driver_usb.o(i.usb_bulk_configure)
</UL>
<P><STRONG><a name="[7a]"></a>event_callback</STRONG> (Thumb, 58 bytes, Stack size 16 bytes, driver_usb.o(i.event_callback))
<BR><BR>[Stack]<UL><LI>Max Depth = 16<LI>Call Chain = event_callback
</UL>
<BR>[Calls]<UL><LI><a href="#[1df]">&gt;&gt;</a>&nbsp;&nbsp;&nbsp;usb_disconnect
<LI><a href="#[20c]">&gt;&gt;</a>&nbsp;&nbsp;&nbsp;usb_connect
<LI><a href="#[20a]">&gt;&gt;</a>&nbsp;&nbsp;&nbsp;enum_clearconfig
<LI><a href="#[20b]">&gt;&gt;</a>&nbsp;&nbsp;&nbsp;usb_bulk_deconfigure
</UL>
<BR>[Address Reference Count : 1]<UL><LI> driver_usb.o(i.open)
</UL>
<P><STRONG><a name="[29]"></a>ioctl</STRONG> (Thumb, 46 bytes, Stack size 8 bytes, driver_usb.o(i.ioctl))
<BR><BR>[Stack]<UL><LI>Max Depth = 8<LI>Call Chain = ioctl
</UL>
<BR>[Address Reference Count : 1]<UL><LI> driver_usb.o(.data)
</UL>
<P><STRONG><a name="[25]"></a>open</STRONG> (Thumb, 194 bytes, Stack size 16 bytes, driver_usb.o(i.open))
<BR><BR>[Stack]<UL><LI>Max Depth = 52<LI>Call Chain = open &rArr; mml_intc_setup_irq &rArr; mml_intc_attach_irq
</UL>
<BR>[Calls]<UL><LI><a href="#[244]">&gt;&gt;</a>&nbsp;&nbsp;&nbsp;usb_init
<LI><a href="#[c7]">&gt;&gt;</a>&nbsp;&nbsp;&nbsp;usb_event_enable
<LI><a href="#[20c]">&gt;&gt;</a>&nbsp;&nbsp;&nbsp;usb_connect
<LI><a href="#[b0]">&gt;&gt;</a>&nbsp;&nbsp;&nbsp;mml_intc_setup_irq
<LI><a href="#[b2]">&gt;&gt;</a>&nbsp;&nbsp;&nbsp;mml_intc_enable_irq
<LI><a href="#[245]">&gt;&gt;</a>&nbsp;&nbsp;&nbsp;enum_register_descriptor
<LI><a href="#[246]">&gt;&gt;</a>&nbsp;&nbsp;&nbsp;enum_register_callback
<LI><a href="#[e2]">&gt;&gt;</a>&nbsp;&nbsp;&nbsp;enum_init
<LI><a href="#[26]">&gt;&gt;</a>&nbsp;&nbsp;&nbsp;close
</UL>
<BR>[Address Reference Count : 1]<UL><LI> driver_usb.o(.data)
</UL>
<P><STRONG><a name="[27]"></a>read</STRONG> (Thumb, 6 bytes, Stack size 0 bytes, driver_usb.o(i.read))
<BR>[Address Reference Count : 1]<UL><LI> driver_usb.o(.data)
</UL>
<P><STRONG><a name="[79]"></a>setconfig_callback</STRONG> (Thumb, 54 bytes, Stack size 16 bytes, driver_usb.o(i.setconfig_callback))
<BR><BR>[Stack]<UL><LI>Max Depth = 44<LI>Call Chain = setconfig_callback &rArr; usb_bulk_configure &rArr; usb_read_endpoint
</UL>
<BR>[Calls]<UL><LI><a href="#[20b]">&gt;&gt;</a>&nbsp;&nbsp;&nbsp;usb_bulk_deconfigure
<LI><a href="#[2e0]">&gt;&gt;</a>&nbsp;&nbsp;&nbsp;usb_bulk_configure
</UL>
<BR>[Address Reference Count : 1]<UL><LI> driver_usb.o(i.open)
</UL>
<P><STRONG><a name="[28]"></a>write</STRONG> (Thumb, 96 bytes, Stack size 24 bytes, driver_usb.o(i.write))
<BR><BR>[Stack]<UL><LI>Max Depth = 44<LI>Call Chain = write &rArr; usb_write_endpoint
</UL>
<BR>[Calls]<UL><LI><a href="#[d8]">&gt;&gt;</a>&nbsp;&nbsp;&nbsp;usb_write_endpoint
<LI><a href="#[209]">&gt;&gt;</a>&nbsp;&nbsp;&nbsp;enum_getconfig
<LI><a href="#[a8]">&gt;&gt;</a>&nbsp;&nbsp;&nbsp;__aeabi_memcpy
</UL>
<BR>[Address Reference Count : 1]<UL><LI> driver_usb.o(.data)
</UL>
<P><STRONG><a name="[2c]"></a>close</STRONG> (Thumb, 32 bytes, Stack size 16 bytes, driver_timer.o(i.close))
<BR><BR>[Stack]<UL><LI>Max Depth = 40<LI>Call Chain = close &rArr; mml_tmr_interrupt_disable &rArr; mml_intc_disable_irq
</UL>
<BR>[Calls]<UL><LI><a href="#[bc]">&gt;&gt;</a>&nbsp;&nbsp;&nbsp;mml_tmr_interrupt_disable
<LI><a href="#[1e1]">&gt;&gt;</a>&nbsp;&nbsp;&nbsp;mml_tmr_disable
<LI><a href="#[1e2]">&gt;&gt;</a>&nbsp;&nbsp;&nbsp;mml_tmr_close
</UL>
<BR>[Called By]<UL><LI><a href="#[2b]">&gt;&gt;</a>&nbsp;&nbsp;&nbsp;open
</UL>
<BR>[Address Reference Count : 1]<UL><LI> driver_timer.o(.data)
</UL>
<P><STRONG><a name="[2d]"></a>ioctl</STRONG> (Thumb, 72 bytes, Stack size 24 bytes, driver_timer.o(i.ioctl))
<BR><BR>[Stack]<UL><LI>Max Depth = 164<LI>Call Chain = ioctl &rArr; open &rArr; mml_tmr_init &rArr; mml_intc_setup_irq &rArr; mml_intc_attach_irq
</UL>
<BR>[Calls]<UL><LI><a href="#[2b]">&gt;&gt;</a>&nbsp;&nbsp;&nbsp;open
</UL>
<BR>[Address Reference Count : 1]<UL><LI> driver_timer.o(.data)
</UL>
<P><STRONG><a name="[2b]"></a>open</STRONG> (Thumb, 160 bytes, Stack size 40 bytes, driver_timer.o(i.open))
<BR><BR>[Stack]<UL><LI>Max Depth = 140<LI>Call Chain = open &rArr; mml_tmr_init &rArr; mml_intc_setup_irq &rArr; mml_intc_attach_irq
</UL>
<BR>[Calls]<UL><LI><a href="#[bb]">&gt;&gt;</a>&nbsp;&nbsp;&nbsp;mml_tmr_interrupt_enable
<LI><a href="#[b3]">&gt;&gt;</a>&nbsp;&nbsp;&nbsp;mml_tmr_init
<LI><a href="#[247]">&gt;&gt;</a>&nbsp;&nbsp;&nbsp;mml_tmr_enable
<LI><a href="#[9d]">&gt;&gt;</a>&nbsp;&nbsp;&nbsp;mml_get_ahb_frequency
<LI><a href="#[2c]">&gt;&gt;</a>&nbsp;&nbsp;&nbsp;close
</UL>
<BR>[Called By]<UL><LI><a href="#[2d]">&gt;&gt;</a>&nbsp;&nbsp;&nbsp;ioctl
</UL>
<BR>[Address Reference Count : 1]<UL><LI> driver_timer.o(.data)
</UL>
<P><STRONG><a name="[2a]"></a>timer0_hander</STRONG> (Thumb, 10 bytes, Stack size 8 bytes, driver_timer.o(i.timer0_hander))
<BR><BR>[Stack]<UL><LI>Max Depth = 40<LI>Call Chain = timer0_hander &rArr; timer_hander &rArr; mml_tmr_interrupt_clear &rArr; mml_intc_ack_irq
</UL>
<BR>[Calls]<UL><LI><a href="#[2e4]">&gt;&gt;</a>&nbsp;&nbsp;&nbsp;timer_hander
</UL>
<BR>[Address Reference Count : 1]<UL><LI> driver_timer.o(.data)
</UL>
<P><STRONG><a name="[2e4]"></a>timer_hander</STRONG> (Thumb, 20 bytes, Stack size 8 bytes, driver_timer.o(i.timer_hander))
<BR><BR>[Stack]<UL><LI>Max Depth = 32<LI>Call Chain = timer_hander &rArr; mml_tmr_interrupt_clear &rArr; mml_intc_ack_irq
</UL>
<BR>[Calls]<UL><LI><a href="#[b5]">&gt;&gt;</a>&nbsp;&nbsp;&nbsp;mml_tmr_interrupt_clear
</UL>
<BR>[Called By]<UL><LI><a href="#[2a]">&gt;&gt;</a>&nbsp;&nbsp;&nbsp;timer0_hander
</UL>

<P><STRONG><a name="[1fc]"></a>des3_crypt</STRONG> (Thumb, 5880 bytes, Stack size 20 bytes, qs_des.o(i.des3_crypt))
<BR><BR>[Stack]<UL><LI>Max Depth = 20<LI>Call Chain = des3_crypt
</UL>
<BR>[Called By]<UL><LI><a href="#[1fe]">&gt;&gt;</a>&nbsp;&nbsp;&nbsp;des_encrypt
<LI><a href="#[1fb]">&gt;&gt;</a>&nbsp;&nbsp;&nbsp;des_decrypt
</UL>

<P><STRONG><a name="[1f7]"></a>des_1key</STRONG> (Thumb, 66 bytes, Stack size 16 bytes, qs_des.o(i.des_1key))
<BR><BR>[Stack]<UL><LI>Max Depth = 36<LI>Call Chain = des_1key &rArr; des_main_ks
</UL>
<BR>[Calls]<UL><LI><a href="#[1f8]">&gt;&gt;</a>&nbsp;&nbsp;&nbsp;des_main_ks
</UL>
<BR>[Called By]<UL><LI><a href="#[1ff]">&gt;&gt;</a>&nbsp;&nbsp;&nbsp;des_key_set
</UL>

<P><STRONG><a name="[1f9]"></a>des_2key</STRONG> (Thumb, 180 bytes, Stack size 16 bytes, qs_des.o(i.des_2key))
<BR><BR>[Stack]<UL><LI>Max Depth = 36<LI>Call Chain = des_2key &rArr; des_main_ks
</UL>
<BR>[Calls]<UL><LI><a href="#[1f8]">&gt;&gt;</a>&nbsp;&nbsp;&nbsp;des_main_ks
</UL>
<BR>[Called By]<UL><LI><a href="#[1ff]">&gt;&gt;</a>&nbsp;&nbsp;&nbsp;des_key_set
</UL>

<P><STRONG><a name="[1fa]"></a>des_3key</STRONG> (Thumb, 172 bytes, Stack size 16 bytes, qs_des.o(i.des_3key))
<BR><BR>[Stack]<UL><LI>Max Depth = 36<LI>Call Chain = des_3key &rArr; des_main_ks
</UL>
<BR>[Calls]<UL><LI><a href="#[1f8]">&gt;&gt;</a>&nbsp;&nbsp;&nbsp;des_main_ks
</UL>
<BR>[Called By]<UL><LI><a href="#[1ff]">&gt;&gt;</a>&nbsp;&nbsp;&nbsp;des_key_set
</UL>

<P><STRONG><a name="[1fd]"></a>des_crypt</STRONG> (Thumb, 2096 bytes, Stack size 20 bytes, qs_des.o(i.des_crypt))
<BR><BR>[Stack]<UL><LI>Max Depth = 20<LI>Call Chain = des_crypt
</UL>
<BR>[Called By]<UL><LI><a href="#[1fe]">&gt;&gt;</a>&nbsp;&nbsp;&nbsp;des_encrypt
<LI><a href="#[1fb]">&gt;&gt;</a>&nbsp;&nbsp;&nbsp;des_decrypt
</UL>

<P><STRONG><a name="[1f8]"></a>des_main_ks</STRONG> (Thumb, 786 bytes, Stack size 20 bytes, qs_des.o(i.des_main_ks))
<BR><BR>[Stack]<UL><LI>Max Depth = 20<LI>Call Chain = des_main_ks
</UL>
<BR>[Called By]<UL><LI><a href="#[1fa]">&gt;&gt;</a>&nbsp;&nbsp;&nbsp;des_3key
<LI><a href="#[1f9]">&gt;&gt;</a>&nbsp;&nbsp;&nbsp;des_2key
<LI><a href="#[1f7]">&gt;&gt;</a>&nbsp;&nbsp;&nbsp;des_1key
</UL>

<P><STRONG><a name="[19e]"></a>NN_DigitBits</STRONG> (Thumb, 22 bytes, Stack size 0 bytes, qs_nn.o(i.NN_DigitBits))
<BR><BR>[Called By]<UL><LI><a href="#[19c]">&gt;&gt;</a>&nbsp;&nbsp;&nbsp;NN_Div
</UL>

<P><STRONG><a name="[1aa]"></a>dmult</STRONG> (Thumb, 134 bytes, Stack size 44 bytes, qs_nn.o(i.dmult))
<BR><BR>[Stack]<UL><LI>Max Depth = 44<LI>Call Chain = dmult
</UL>
<BR>[Called By]<UL><LI><a href="#[1a9]">&gt;&gt;</a>&nbsp;&nbsp;&nbsp;NN_Mult
<LI><a href="#[1a1]">&gt;&gt;</a>&nbsp;&nbsp;&nbsp;subdigitmult
</UL>

<P><STRONG><a name="[1a1]"></a>subdigitmult</STRONG> (Thumb, 102 bytes, Stack size 40 bytes, qs_nn.o(i.subdigitmult))
<BR><BR>[Stack]<UL><LI>Max Depth = 84<LI>Call Chain = subdigitmult &rArr; dmult
</UL>
<BR>[Calls]<UL><LI><a href="#[1aa]">&gt;&gt;</a>&nbsp;&nbsp;&nbsp;dmult
</UL>
<BR>[Called By]<UL><LI><a href="#[19c]">&gt;&gt;</a>&nbsp;&nbsp;&nbsp;NN_Div
</UL>

<P><STRONG><a name="[2f]"></a>close</STRONG> (Thumb, 14 bytes, Stack size 0 bytes, driver_fram.o(i.close))
<BR>[Address Reference Count : 1]<UL><LI> driver_fram.o(.data)
</UL>
<P><STRONG><a name="[32]"></a>ioctl</STRONG> (Thumb, 102 bytes, Stack size 16 bytes, driver_fram.o(i.ioctl))
<BR><BR>[Stack]<UL><LI>Max Depth = 16<LI>Call Chain = ioctl
</UL>
<BR>[Address Reference Count : 1]<UL><LI> driver_fram.o(.data)
</UL>
<P><STRONG><a name="[2e]"></a>open</STRONG> (Thumb, 132 bytes, Stack size 32 bytes, driver_fram.o(i.open))
<BR><BR>[Stack]<UL><LI>Max Depth = 148<LI>Call Chain = open &rArr; spi_init &rArr; mml_spi_init &rArr; mml_spi_set_config &rArr; mml_get_apb_frequency &rArr; mml_get_ahb_frequency &rArr; mml_get_system_frequency
</UL>
<BR>[Calls]<UL><LI><a href="#[248]">&gt;&gt;</a>&nbsp;&nbsp;&nbsp;spi_init
<LI><a href="#[f5]">&gt;&gt;</a>&nbsp;&nbsp;&nbsp;mml_gpio_write_bit_pattern
<LI><a href="#[eb]">&gt;&gt;</a>&nbsp;&nbsp;&nbsp;mml_gpio_init
</UL>
<BR>[Address Reference Count : 1]<UL><LI> driver_fram.o(.data)
</UL>
<P><STRONG><a name="[30]"></a>read</STRONG> (Thumb, 262 bytes, Stack size 32 bytes, driver_fram.o(i.read))
<BR><BR>[Stack]<UL><LI>Max Depth = 88<LI>Call Chain = read &rArr; SPI_FRAM_ReceiveByte &rArr; spi_transmit &rArr; mml_spi_transmit
</UL>
<BR>[Calls]<UL><LI><a href="#[1af]">&gt;&gt;</a>&nbsp;&nbsp;&nbsp;spi_transmit
<LI><a href="#[f5]">&gt;&gt;</a>&nbsp;&nbsp;&nbsp;mml_gpio_write_bit_pattern
<LI><a href="#[1ae]">&gt;&gt;</a>&nbsp;&nbsp;&nbsp;SPI_FRAM_ReceiveByte
</UL>
<BR>[Address Reference Count : 1]<UL><LI> driver_fram.o(.data)
</UL>
<P><STRONG><a name="[31]"></a>write</STRONG> (Thumb, 332 bytes, Stack size 32 bytes, driver_fram.o(i.write))
<BR><BR>[Stack]<UL><LI>Max Depth = 80<LI>Call Chain = write &rArr; spi_transmit &rArr; mml_spi_transmit
</UL>
<BR>[Calls]<UL><LI><a href="#[1af]">&gt;&gt;</a>&nbsp;&nbsp;&nbsp;spi_transmit
<LI><a href="#[f5]">&gt;&gt;</a>&nbsp;&nbsp;&nbsp;mml_gpio_write_bit_pattern
</UL>
<BR>[Address Reference Count : 1]<UL><LI> driver_fram.o(.data)
</UL>
<P><STRONG><a name="[34]"></a>close</STRONG> (Thumb, 2 bytes, Stack size 0 bytes, driver_led.o(i.close))
<BR><BR>[Called By]<UL><LI><a href="#[33]">&gt;&gt;</a>&nbsp;&nbsp;&nbsp;open
</UL>
<BR>[Address Reference Count : 1]<UL><LI> driver_led.o(.data)
</UL>
<P><STRONG><a name="[35]"></a>ioctl</STRONG> (Thumb, 80 bytes, Stack size 24 bytes, driver_led.o(i.ioctl))
<BR><BR>[Stack]<UL><LI>Max Depth = 56<LI>Call Chain = ioctl &rArr; mml_gpio_write_bit_pattern &rArr; mml_gpio_check
</UL>
<BR>[Calls]<UL><LI><a href="#[f5]">&gt;&gt;</a>&nbsp;&nbsp;&nbsp;mml_gpio_write_bit_pattern
</UL>
<BR>[Address Reference Count : 1]<UL><LI> driver_led.o(.data)
</UL>
<P><STRONG><a name="[33]"></a>open</STRONG> (Thumb, 72 bytes, Stack size 24 bytes, driver_led.o(i.open))
<BR><BR>[Stack]<UL><LI>Max Depth = 132<LI>Call Chain = open &rArr; mml_gpio_init &rArr; mml_gpio_set_config &rArr; mml_gpio_pad_configure &rArr; mml_gpio_check
</UL>
<BR>[Calls]<UL><LI><a href="#[34]">&gt;&gt;</a>&nbsp;&nbsp;&nbsp;close
<LI><a href="#[f5]">&gt;&gt;</a>&nbsp;&nbsp;&nbsp;mml_gpio_write_bit_pattern
<LI><a href="#[eb]">&gt;&gt;</a>&nbsp;&nbsp;&nbsp;mml_gpio_init
</UL>
<BR>[Address Reference Count : 1]<UL><LI> driver_led.o(.data)
</UL>
<P><STRONG><a name="[ce]"></a>event_in_data</STRONG> (Thumb, 196 bytes, Stack size 32 bytes, usb.o(.text))
<BR><BR>[Stack]<UL><LI>Max Depth = 32<LI>Call Chain = event_in_data
</UL>
<BR>[Called By]<UL><LI><a href="#[cc]">&gt;&gt;</a>&nbsp;&nbsp;&nbsp;usb_irq_handler
</UL>

<P><STRONG><a name="[cf]"></a>event_out_data</STRONG> (Thumb, 204 bytes, Stack size 32 bytes, usb.o(.text))
<BR><BR>[Stack]<UL><LI>Max Depth = 32<LI>Call Chain = event_out_data
</UL>
<BR>[Called By]<UL><LI><a href="#[cc]">&gt;&gt;</a>&nbsp;&nbsp;&nbsp;usb_irq_handler
</UL>

<P><STRONG><a name="[d3]"></a>setinterface</STRONG> (Thumb, 64 bytes, Stack size 8 bytes, enumerate.o(.text))
<BR><BR>[Stack]<UL><LI>Max Depth = 24<LI>Call Chain = setinterface &rArr; usb_stall
</UL>
<BR>[Calls]<UL><LI><a href="#[d5]">&gt;&gt;</a>&nbsp;&nbsp;&nbsp;usb_ackstat
<LI><a href="#[d4]">&gt;&gt;</a>&nbsp;&nbsp;&nbsp;usb_stall
</UL>
<BR>[Called By]<UL><LI><a href="#[e0]">&gt;&gt;</a>&nbsp;&nbsp;&nbsp;std
</UL>

<P><STRONG><a name="[d6]"></a>getinterface</STRONG> (Thumb, 110 bytes, Stack size 16 bytes, enumerate.o(.text))
<BR><BR>[Stack]<UL><LI>Max Depth = 36<LI>Call Chain = getinterface &rArr; usb_write_endpoint
</UL>
<BR>[Calls]<UL><LI><a href="#[d8]">&gt;&gt;</a>&nbsp;&nbsp;&nbsp;usb_write_endpoint
<LI><a href="#[d7]">&gt;&gt;</a>&nbsp;&nbsp;&nbsp;__aeabi_memcpy4
<LI><a href="#[d4]">&gt;&gt;</a>&nbsp;&nbsp;&nbsp;usb_stall
</UL>
<BR>[Called By]<UL><LI><a href="#[e0]">&gt;&gt;</a>&nbsp;&nbsp;&nbsp;std
</UL>

<P><STRONG><a name="[d9]"></a>setconfig</STRONG> (Thumb, 62 bytes, Stack size 8 bytes, enumerate.o(.text))
<BR><BR>[Stack]<UL><LI>Max Depth = 24<LI>Call Chain = setconfig &rArr; usb_stall
</UL>
<BR>[Calls]<UL><LI><a href="#[d5]">&gt;&gt;</a>&nbsp;&nbsp;&nbsp;usb_ackstat
<LI><a href="#[d4]">&gt;&gt;</a>&nbsp;&nbsp;&nbsp;usb_stall
</UL>
<BR>[Called By]<UL><LI><a href="#[e0]">&gt;&gt;</a>&nbsp;&nbsp;&nbsp;std
</UL>

<P><STRONG><a name="[da]"></a>getconfig</STRONG> (Thumb, 72 bytes, Stack size 16 bytes, enumerate.o(.text))
<BR><BR>[Stack]<UL><LI>Max Depth = 36<LI>Call Chain = getconfig &rArr; usb_write_endpoint
</UL>
<BR>[Calls]<UL><LI><a href="#[d8]">&gt;&gt;</a>&nbsp;&nbsp;&nbsp;usb_write_endpoint
<LI><a href="#[d7]">&gt;&gt;</a>&nbsp;&nbsp;&nbsp;__aeabi_memcpy4
<LI><a href="#[d4]">&gt;&gt;</a>&nbsp;&nbsp;&nbsp;usb_stall
</UL>
<BR>[Called By]<UL><LI><a href="#[e0]">&gt;&gt;</a>&nbsp;&nbsp;&nbsp;std
</UL>

<P><STRONG><a name="[db]"></a>getdescriptor</STRONG> (Thumb, 280 bytes, Stack size 24 bytes, enumerate.o(.text))
<BR><BR>[Stack]<UL><LI>Max Depth = 44<LI>Call Chain = getdescriptor &rArr; usb_write_endpoint
</UL>
<BR>[Calls]<UL><LI><a href="#[d8]">&gt;&gt;</a>&nbsp;&nbsp;&nbsp;usb_write_endpoint
<LI><a href="#[d7]">&gt;&gt;</a>&nbsp;&nbsp;&nbsp;__aeabi_memcpy4
<LI><a href="#[d4]">&gt;&gt;</a>&nbsp;&nbsp;&nbsp;usb_stall
</UL>
<BR>[Called By]<UL><LI><a href="#[e0]">&gt;&gt;</a>&nbsp;&nbsp;&nbsp;std
</UL>

<P><STRONG><a name="[dc]"></a>setfeature</STRONG> (Thumb, 114 bytes, Stack size 16 bytes, enumerate.o(.text))
<BR><BR>[Stack]<UL><LI>Max Depth = 32<LI>Call Chain = setfeature &rArr; usb_stall
</UL>
<BR>[Calls]<UL><LI><a href="#[d5]">&gt;&gt;</a>&nbsp;&nbsp;&nbsp;usb_ackstat
<LI><a href="#[d4]">&gt;&gt;</a>&nbsp;&nbsp;&nbsp;usb_stall
</UL>
<BR>[Called By]<UL><LI><a href="#[e0]">&gt;&gt;</a>&nbsp;&nbsp;&nbsp;std
</UL>

<P><STRONG><a name="[dd]"></a>clearfeature</STRONG> (Thumb, 122 bytes, Stack size 16 bytes, enumerate.o(.text))
<BR><BR>[Stack]<UL><LI>Max Depth = 32<LI>Call Chain = clearfeature &rArr; usb_stall
</UL>
<BR>[Calls]<UL><LI><a href="#[d5]">&gt;&gt;</a>&nbsp;&nbsp;&nbsp;usb_ackstat
<LI><a href="#[de]">&gt;&gt;</a>&nbsp;&nbsp;&nbsp;usb_unstall
<LI><a href="#[d4]">&gt;&gt;</a>&nbsp;&nbsp;&nbsp;usb_stall
</UL>
<BR>[Called By]<UL><LI><a href="#[e0]">&gt;&gt;</a>&nbsp;&nbsp;&nbsp;std
</UL>

<P><STRONG><a name="[df]"></a>getstatus</STRONG> (Thumb, 144 bytes, Stack size 16 bytes, enumerate.o(.text))
<BR><BR>[Stack]<UL><LI>Max Depth = 36<LI>Call Chain = getstatus &rArr; usb_write_endpoint
</UL>
<BR>[Calls]<UL><LI><a href="#[d8]">&gt;&gt;</a>&nbsp;&nbsp;&nbsp;usb_write_endpoint
<LI><a href="#[d7]">&gt;&gt;</a>&nbsp;&nbsp;&nbsp;__aeabi_memcpy4
<LI><a href="#[d2]">&gt;&gt;</a>&nbsp;&nbsp;&nbsp;usb_is_stalled
<LI><a href="#[d4]">&gt;&gt;</a>&nbsp;&nbsp;&nbsp;usb_stall
</UL>
<BR>[Called By]<UL><LI><a href="#[e0]">&gt;&gt;</a>&nbsp;&nbsp;&nbsp;std
</UL>

<P><STRONG><a name="[e0]"></a>std</STRONG> (Thumb, 172 bytes, Stack size 16 bytes, enumerate.o(.text))
<BR><BR>[Stack]<UL><LI>Max Depth = 60<LI>Call Chain = std &rArr; getdescriptor &rArr; usb_write_endpoint
</UL>
<BR>[Calls]<UL><LI><a href="#[df]">&gt;&gt;</a>&nbsp;&nbsp;&nbsp;getstatus
<LI><a href="#[dd]">&gt;&gt;</a>&nbsp;&nbsp;&nbsp;clearfeature
<LI><a href="#[dc]">&gt;&gt;</a>&nbsp;&nbsp;&nbsp;setfeature
<LI><a href="#[db]">&gt;&gt;</a>&nbsp;&nbsp;&nbsp;getdescriptor
<LI><a href="#[da]">&gt;&gt;</a>&nbsp;&nbsp;&nbsp;getconfig
<LI><a href="#[d9]">&gt;&gt;</a>&nbsp;&nbsp;&nbsp;setconfig
<LI><a href="#[d6]">&gt;&gt;</a>&nbsp;&nbsp;&nbsp;getinterface
<LI><a href="#[d3]">&gt;&gt;</a>&nbsp;&nbsp;&nbsp;setinterface
<LI><a href="#[d5]">&gt;&gt;</a>&nbsp;&nbsp;&nbsp;usb_ackstat
</UL>
<BR>[Called By]<UL><LI><a href="#[38]">&gt;&gt;</a>&nbsp;&nbsp;&nbsp;setup
</UL>

<P><STRONG><a name="[38]"></a>setup</STRONG> (Thumb, 144 bytes, Stack size 24 bytes, enumerate.o(.text))
<BR><BR>[Stack]<UL><LI>Max Depth = 84<LI>Call Chain = setup &rArr; std &rArr; getdescriptor &rArr; usb_write_endpoint
</UL>
<BR>[Calls]<UL><LI><a href="#[e0]">&gt;&gt;</a>&nbsp;&nbsp;&nbsp;std
<LI><a href="#[e1]">&gt;&gt;</a>&nbsp;&nbsp;&nbsp;usb_get_setup
<LI><a href="#[d4]">&gt;&gt;</a>&nbsp;&nbsp;&nbsp;usb_stall
</UL>
<BR>[Address Reference Count : 1]<UL><LI> enumerate.o(.text)
</UL>
<P><STRONG><a name="[84]"></a>acksetup_callback</STRONG> (Thumb, 34 bytes, Stack size 16 bytes, enumerate.o(.text))
<BR><BR>[Stack]<UL><LI>Max Depth = 32<LI>Call Chain = acksetup_callback &rArr; usb_stall
</UL>
<BR>[Calls]<UL><LI><a href="#[e3]">&gt;&gt;</a>&nbsp;&nbsp;&nbsp;__aeabi_memclr4
<LI><a href="#[d5]">&gt;&gt;</a>&nbsp;&nbsp;&nbsp;usb_ackstat
<LI><a href="#[d4]">&gt;&gt;</a>&nbsp;&nbsp;&nbsp;usb_stall
</UL>
<BR>[Address Reference Count : 1]<UL><LI> enumerate.o(.constdata)
</UL>
<P><STRONG><a name="[2f5]"></a>_dadd1</STRONG> (Thumb, 0 bytes, Stack size unknown bytes, daddsub_clz.o(x$fpl$dadd), UNUSED)
<BR><BR>[Called By]<UL><LI><a href="#[2f6]">&gt;&gt;</a>&nbsp;&nbsp;&nbsp;_dsub
<LI><a href="#[2f4]">&gt;&gt;</a>&nbsp;&nbsp;&nbsp;_drsb
</UL>

<P><STRONG><a name="[2e7]"></a>_dsub1</STRONG> (Thumb, 0 bytes, Stack size unknown bytes, daddsub_clz.o(x$fpl$dsub), UNUSED)
<BR><BR>[Called By]<UL><LI><a href="#[2f4]">&gt;&gt;</a>&nbsp;&nbsp;&nbsp;_drsb
<LI><a href="#[2e6]">&gt;&gt;</a>&nbsp;&nbsp;&nbsp;_dadd
</UL>

<P><STRONG><a name="[3b]"></a>_printf_input_char</STRONG> (Thumb, 10 bytes, Stack size 0 bytes, _printf_char_common.o(.text))
<BR>[Address Reference Count : 1]<UL><LI> _printf_char_common.o(.text)
</UL><P>
<H3>
Undefined Global Symbols
</H3><HR></body></html>
